I/DEBUG   (  124): Build fingerprint: 'generic/vbox86p/vbox86p:4.3/JLS36G/eng.buildbot.20151117.142614:userdebug/test-keys'
I/DEBUG   (  124): Revision: '0'
I/DEBUG   (  124): pid: 2147, tid: 2522, name: Thread-195  >>> com.google.process.gapps <<<
I/DEBUG   (  124): signal 11 (SIGSEGV), code 128 (SI_KERNEL), fault addr 00000000
I/DEBUG   (  124):     eax ffffffff  ebx 944d4e80  ecx b80c0f60  edx 00000080
I/DEBUG   (  124):     esi 00000005  edi 00000000
I/DEBUG   (  124):     xcs 00000073  xds 0000007b  xes 0000007b  xfs 00000000  xss 0000007b
I/DEBUG   (  124):     eip 943ad5b1  ebp 00000008  esp 9349986c  flags 00010246
I/DEBUG   (  124): 
I/DEBUG   (  124): backtrace:
I/DEBUG   (  124):     #00  pc 000545b1  /data/app-lib/com.google.android.gms-1/libgmscore.so
I/DEBUG   (  124):     #01  pc 0005f046  /data/app-lib/com.google.android.gms-1/libgmscore.so
I/DEBUG   (  124):     #02  pc 00036f5e  /data/app-lib/com.google.android.gms-1/libgmscore.so
I/DEBUG   (  124):     #03  pc 00035671  /data/app-lib/com.google.android.gms-1/libgmscore.so
I/DEBUG   (  124):     #04  pc 000452c7  /data/app-lib/com.google.android.gms-1/libgmscore.so
I/DEBUG   (  124):     #05  pc 0001c410  /data/app-lib/com.google.android.gms-1/libgmscore.so
I/DEBUG   (  124):     #06  pc 0002a05b  /system/lib/libdvm.so (dvmPlatformInvoke+79)
I/DEBUG   (  124):     #07  pc 000b4bd7  [heap]
I/DEBUG   (  124):     #08  pc 00085b32  /system/lib/libdvm.so (dvmCallJNIMethod(unsigned int const*, JValue*, Method const*, Thread*)+434)
I/DEBUG   (  124):     #09  pc 0000011e  /dev/ashmem/dalvik-jit-code-cache (deleted)
I/DEBUG   (  124):     #10  pc 0003b322  /system/lib/libdvm.so (dvmMterpStd(Thread*)+66)
I/DEBUG   (  124):     #11  pc 000369e9  /system/lib/libdvm.so (dvmInterpret(Thread*, Method const*, JValue*)+217)
I/DEBUG   (  124):     #12  pc 000bacf7  /system/lib/libdvm.so (dvmCallMethodV(Thread*, Method const*, Object*, bool, JValue*, char*)+759)
I/DEBUG   (  124):     #13  pc 000bb097  /system/lib/libdvm.so (dvmCallMethod(Thread*, Method const*, Object*, JValue*, ...)+55)
I/DEBUG   (  124):     #14  pc 00097383  /system/lib/libdvm.so (interpThreadStart(void*)+995)
I/DEBUG   (  124):     #15  pc 0000b654  /system/lib/libc.so (__thread_entry+132)
I/DEBUG   (  124):     #16  pc 0002ec65  /system/lib/libc.so (__pthread_clone+69)
I/DEBUG   (  124): 
I/DEBUG   (  124): stack:
I/DEBUG   (  124):          9349982c  00000000  
I/DEBUG   (  124):          93499830  00000000  
I/DEBUG   (  124):          93499834  00000000  
I/DEBUG   (  124):          93499838  00000000  
I/DEBUG   (  124):          9349983c  00000000  
I/DEBUG   (  124):          93499840  00000000  
I/DEBUG   (  124):          93499844  00000000  
I/DEBUG   (  124):          93499848  00000000  
I/DEBUG   (  124):          9349984c  00000000  
I/DEBUG   (  124):          93499850  00000000  
I/DEBUG   (  124):          93499854  00000000  
I/DEBUG   (  124):          93499858  00000000  
I/DEBUG   (  124):          9349985c  00000000  
I/DEBUG   (  124):          93499860  00000000  
I/DEBUG   (  124):          93499864  00000000  
I/DEBUG   (  124):          93499868  46505845  
I/DEBUG   (  124):     #00  9349986c  944c9a40  /data/app-lib/com.google.android.gms-1/libgmscore.so
I/DEBUG   (  124):          93499870  9448c4a9  /data/app-lib/com.google.android.gms-1/libgmscore.so
I/DEBUG   (  124):          93499874  00000008  
I/DEBUG   (  124):          93499878  37fbb6e5  
I/DEBUG   (  124):          9349987c  ecc18ec0  
I/DEBUG   (  124):          93499880  93499888  [stack:2522]
I/DEBUG   (  124):          93499884  0000008f  
I/DEBUG   (  124):          93499888  b80c0ee0  [heap]
I/DEBUG   (  124):          9349988c  00000000  
I/DEBUG   (  124):          93499890  944d4e80  /data/app-lib/com.google.android.gms-1/libgmscore.so
I/DEBUG   (  124):          93499894  00000000  
I/DEBUG   (  124):          93499898  943f0856  /data/app-lib/com.google.android.gms-1/libgmscore.so
I/DEBUG   (  124):          9349989c  b80c0ee0  [heap]
I/DEBUG   (  124):          934998a0  b80c0ee0  [heap]
I/DEBUG   (  124):          934998a4  00000090  
I/DEBUG   (  124):          934998a8  b80ff438  [heap]
I/DEBUG   (  124):          ........  ........
I/DEBUG   (  124):     #01  934998ec  b8100400  [heap]
I/DEBUG   (  124):          934998f0  b80fbd7c  [heap]
I/DEBUG   (  124):          934998f4  00000010  
I/DEBUG   (  124):          934998f8  00000014  
I/DEBUG   (  124):          934998fc  b809e5b8  [heap]
I/DEBUG   (  124):          93499900  944c9a40  /data/app-lib/com.google.android.gms-1/libgmscore.so
I/DEBUG   (  124):          93499904  00000010  
I/DEBUG   (  124):          93499908  00000001  
I/DEBUG   (  124):          9349990c  b8100400  [heap]
I/DEBUG   (  124):          93499910  b80c0ee0  [heap]
I/DEBUG   (  124):          93499914  00000090  
I/DEBUG   (  124):          93499918  000002cb  
I/DEBUG   (  124):          9349991c  b617fccc  /system/lib/libdvm.so
I/DEBUG   (  124):          93499920  b80d6638  [heap]
I/DEBUG   (  124):          93499924  934999b0  [stack:2522]
I/DEBUG   (  124):          93499928  93499ac8  [stack:2522]
I/DEBUG   (  124):          ........  ........
I/DEBUG   (  124):     #02  9349995c  b8100400  [heap]
I/DEBUG   (  124):          93499960  00000000  
I/DEBUG   (  124):          93499964  00000090  
I/DEBUG   (  124):          93499968  00000001  
I/DEBUG   (  124):          9349996c  9daab5ae  /data/dalvik-cache/system@framework@core.jar@classes.dex
I/DEBUG   (  124):          93499970  b80df2c0  [heap]
I/DEBUG   (  124):          93499974  00000000  
I/DEBUG   (  124):          93499978  00000000  
I/DEBUG   (  124):          9349997c  b617fccc  /system/lib/libdvm.so
I/DEBUG   (  124):          93499980  00004000  
I/DEBUG   (  124):          93499984  b7f2dcc8  [heap]
I/DEBUG   (  124):          93499988  b80d02c8  [heap]
I/DEBUG   (  124):          9349998c  00000021  
I/DEBUG   (  124):          93499990  93499a14  [stack:2522]
I/DEBUG   (  124):          93499994  b759a548  
I/DEBUG   (  124):          93499998  b750e899  /system/lib/libc.so (pthread_mutex_unlock+25)
I/DEBUG   (  124):          ........  ........
I/BootReceiver(  242): Copying /data/tombstones/tombstone_07 to DropBox (SYSTEM_TOMBSTONE)
I/ActivityManager(  242): Process com.google.process.gapps (pid 2147) has died.
W/ActivityManager(  242): Scheduling restart of crashed service com.google.android.gms/.auth.be.cron.AuthCronService in 5000ms
W/ActivityManager(  242): Scheduling restart of crashed service com.google.android.gsf/.gtalkservice.service.GTalkServiceProxy in 5000ms
W/ActivityManager(  242): Scheduling restart of crashed service com.google.android.gsf/.gtalkservice.service.GTalkService in 15000ms
W/ActivityManager(  242): Scheduling restart of crashed service com.google.android.gms/.gcm.GcmService in 25000ms
W/ActivityManager(  242): Scheduling restart of crashed service com.google.android.gms/.gcm.http.GoogleHttpService in 35000ms
W/ActivityManager(  242): Scheduling restart of crashed service com.google.android.gms/.auth.GetToken in 45000ms
I/ActivityManager(  242): Kill com.google.process.location (pid 2424): provider com.google.android.gsf.settings.GoogleSettingsProvider in dying process com.google.process.gapps
I/ActivityManager(  242): Process com.google.process.location (pid 2424) has died.
W/ActivityManager(  242): Scheduling restart of crashed service com.google.android.location/.NetworkLocationService in 54998ms
D/Zygote  (  148): Process 2147 terminated by signal (11)
D/dalvikvm(  242): GC_CONCURRENT freed 1827K, 46% free 10282K/18896K, paused 2ms+1ms, total 14ms
D/MobileDataStateTracker(  242): default: setPolicyDataEnable(enabled=true)
D/MobileDataStateTracker(  242): default: setPolicyDataEnable(enabled=true)
D/MobileDataStateTracker(  242): default: setPolicyDataEnable(enabled=true)
D/MobileDataStateTracker(  242): default: setPolicyDataEnable(enabled=true)
D/MobileDataStateTracker(  242): default: setPolicyDataEnable(enabled=true)
D/MobileDataStateTracker(  242): default: setPolicyDataEnable(enabled=true)
D/MobileDataStateTracker(  242): default: setPolicyDataEnable(enabled=true)
W/genymotion_audio(  401): out_write() limiting sleep time 58049 to 23219
W/InputMethodManagerService(  242): Window already focused, ignoring focus gain of: com.android.internal.view.IInputMethodClient$Stub$Proxy@52b1c298 attribute=null, token = android.os.BinderProxy@52b42e6c
W/genymotion_audio(  401): out_write() limiting sleep time 23242 to 23219
I/ConfigService( 1565): onDestroy
E/Genymotion(  242): Could not open '/sys/class/power_supply/genymotion_fake_path/present'
W/genymotion_audio(  401): out_write() limiting sleep time 25850 to 23219
W/genymotion_audio(  401): out_write() limiting sleep time 23576 to 23219
W/genymotion_audio(  401): out_write() limiting sleep time 24124 to 23219
W/genymotion_audio(  401): out_write() limiting sleep time 24398 to 23219
I/ActivityManager(  242): Start proc com.google.process.gapps for service com.google.android.gsf/.gtalkservice.service.GTalkServiceProxy: pid=2570 uid=10053 gids={50053, 3003, 1007, 1028, 1015, 1006, 2001, 3006, 3002, 3001}
I/GservicesProvider( 2570): Gservices pushing to system: true; secure/global: true
D/dalvikvm( 2570): GC_CONCURRENT freed 191K, 9% free 2664K/2904K, paused 2ms+0ms, total 4ms
D/dalvikvm( 2570): GC_CONCURRENT freed 176K, 8% free 2881K/3108K, paused 1ms+0ms, total 3ms
D/dalvikvm( 2570): GC_CONCURRENT freed 355K, 13% free 2915K/3320K, paused 1ms+0ms, total 3ms
W/dalvikvm( 2570): VFY: unable to resolve static field 560 (PR_SET_DUMPABLE) in Landroid/system/OsConstants;
D/dalvikvm( 2570): VFY: replacing opcode 0x60 at 0x000b
I/dalvikvm( 2570): Could not find method com.google.android.gms.common.app.GmsApplication.getSystemService, referenced from method com.google.android.gms.common.app.GmsApplication.onCreate
W/dalvikvm( 2570): VFY: unable to resolve virtual method 12441: Lcom/google/android/gms/common/app/GmsApplication;.getSystemService (Ljava/lang/Class;)Ljava/lang/Object;
D/dalvikvm( 2570): VFY: replacing opcode 0x6e at 0x00cd
I/MultiDex( 2570): VM with version 1.6.0 does not have multidex support
I/MultiDex( 2570): install
I/MultiDex( 2570): MultiDexExtractor.load(/data/app/com.google.android.gms-1.apk, false)
D/dalvikvm( 2570): GC_FOR_ALLOC freed 475K, 16% free 2952K/3476K, paused 2ms, total 2ms
D/dalvikvm( 2570): GC_CONCURRENT freed 168K, 16% free 2942K/3476K, paused 1ms+1ms, total 3ms
I/MultiDex( 2570): loading existing secondary dex files
I/MultiDex( 2570): load found 3 secondary dex files
I/MultiDex( 2570): install done
D/dalvikvm( 2570): DexOpt: couldn't find static field Landroid/os/Build;.SUPPORTED_ABIS
W/dalvikvm( 2570): VFY: unable to resolve static field 120 (SUPPORTED_ABIS) in Landroid/os/Build;
D/dalvikvm( 2570): VFY: replacing opcode 0x62 at 0x000a
D/dalvikvm( 2570): DexOpt: couldn't find field Landroid/content/pm/ApplicationInfo;.splitSourceDirs
W/dalvikvm( 2570): VFY: unable to resolve instance field 36
D/dalvikvm( 2570): VFY: replacing opcode 0x54 at 0x005f
D/dalvikvm( 2570): DexOpt: couldn't find static field Landroid/os/Build;.SUPPORTED_ABIS
W/dalvikvm( 2570): VFY: unable to resolve static field 120 (SUPPORTED_ABIS) in Landroid/os/Build;
D/dalvikvm( 2570): VFY: replacing opcode 0x62 at 0x0047
D/dalvikvm( 2570): DexOpt: couldn't find field Landroid/content/pm/ApplicationInfo;.splitSourceDirs
I/dalvikvm( 2570): DexOpt: unable to optimize instance field ref 0x0024 at 0x63 in Lcom/google/android/gms/common/util/ba;.b
D/dalvikvm( 2570): Trying to load lib /data/app-lib/com.google.android.gms-1/libgmscore.so 0xa4df4918
D/dalvikvm( 2570): Added shared lib /data/app-lib/com.google.android.gms-1/libgmscore.so 0xa4df4918
D/dalvikvm( 2570): No JNI_OnLoad found in /data/app-lib/com.google.android.gms-1/libgmscore.so 0xa4df4918, skipping init
D/dalvikvm( 2570): Trying to load lib /data/app-lib/com.google.android.gms-1/libconscrypt_gmscore_jni.so 0xa4df4918
D/dalvikvm( 2570): Added shared lib /data/app-lib/com.google.android.gms-1/libconscrypt_gmscore_jni.so 0xa4df4918
V/JNIHelp ( 2570): Registering com/google/android/gms/org/conscrypt/NativeCrypto's 254 native methods...
D/dalvikvm( 2570): GC_CONCURRENT freed 298K, 13% free 3029K/3476K, paused 1ms+0ms, total 3ms
I/GTalkService/c( 2570): [AndroidEndpoint@1383333428] connect: acct=1000000, state=CONNECTING
D/dalvikvm( 2570): Trying to load lib /data/app-lib/com.google.android.gms-1/libgmscore.so 0xa4df4918
D/dalvikvm( 2570): Shared lib '/data/app-lib/com.google.android.gms-1/libgmscore.so' already loaded in same CL 0xa4df4918
D/dalvikvm( 2570): Trying to load lib /data/app-lib/com.google.android.gms-1/libconscrypt_gmscore_jni.so 0xa4df4918
D/dalvikvm( 2570): Shared lib '/data/app-lib/com.google.android.gms-1/libconscrypt_gmscore_jni.so' already loaded in same CL 0xa4df4918
I/ProviderInstaller( 2570): Installed default security provider GmsCore_OpenSSL
D/dalvikvm( 2570): GC_CONCURRENT freed 308K, 11% free 3107K/3476K, paused 0ms+0ms, total 3ms
D/GCM     ( 2570): COMPAT: Multi user not supported
I/dalvikvm( 2570): Could not find method android.os.PowerManager.isDeviceIdleMode, referenced from method com.google.android.gms.gcm.nts.a.c.b
W/dalvikvm( 2570): VFY: unable to resolve virtual method 1555: Landroid/os/PowerManager;.isDeviceIdleMode ()Z
D/dalvikvm( 2570): VFY: replacing opcode 0x6e at 0x000f
I/dalvikvm( 2570): Could not find method android.app.AlarmManager.set, referenced from method com.google.android.gms.common.stats.b.a
W/dalvikvm( 2570): VFY: unable to resolve virtual method 68: Landroid/app/AlarmManager;.set (IJJJLandroid/app/PendingIntent;Landroid/os/WorkSource;)V
D/dalvikvm( 2570): VFY: replacing opcode 0x74 at 0x0076
I/dalvikvm( 2570): Could not find method android.app.AlarmManager.setExactAndAllowWhileIdle, referenced from method com.google.android.gms.common.stats.b.a
W/dalvikvm( 2570): VFY: unable to resolve virtual method 70: Landroid/app/AlarmManager;.setExactAndAllowWhileIdle (IJLandroid/app/PendingIntent;)V
D/dalvikvm( 2570): VFY: replacing opcode 0x6e at 0x0010
D/dalvikvm( 2570): GC_FOR_ALLOC freed 212K, 8% free 3408K/3668K, paused 3ms, total 3ms
D/dalvikvm( 2570): GC_CONCURRENT freed 5K, 7% free 3420K/3668K, paused 1ms+0ms, total 3ms
W/dalvikvm( 2570): VFY: unable to find class referenced in signature (Landroid/net/Network;)
D/dalvikvm( 2570): GC_CONCURRENT freed 190K, 7% free 3701K/3944K, paused 1ms+1ms, total 5ms
W/dalvikvm( 2570): VFY: unable to find class referenced in signature (Landroid/net/Network;)
I/dalvikvm( 2570): Could not find method java.net.HttpURLConnection.setFixedLengthStreamingMode, referenced from method com.google.android.gms.http.GoogleHttpClient.a
W/dalvikvm( 2570): VFY: unable to resolve virtual method 25812: Ljava/net/HttpURLConnection;.setFixedLengthStreamingMode (J)V
D/dalvikvm( 2570): VFY: replacing opcode 0x6e at 0x006a
W/dalvikvm( 2570): VFY: unable to find class referenced in signature (Landroid/net/Network;)
I/dalvikvm( 2570): Could not find method android.net.Network.openConnection, referenced from method com.google.android.gms.http.g.a
W/dalvikvm( 2570): VFY: unable to resolve virtual method 1020: Landroid/net/Network;.openConnection (Ljava/net/URL;)Ljava/net/URLConnection;
D/dalvikvm( 2570): VFY: replacing opcode 0x6e at 0x00bb
D/dalvikvm( 2570): DexOpt: couldn't find field Landroid/os/Message;.sendingUid
W/dalvikvm( 2570): VFY: unable to resolve instance field 189
D/dalvikvm( 2570): VFY: replacing opcode 0x52 at 0x0006
D/dalvikvm( 2570): GC_FOR_ALLOC freed 201K, 6% free 4006K/4260K, paused 3ms, total 3ms
D/dalvikvm( 2570): GC_CONCURRENT freed 57K, 4% free 4124K/4296K, paused 2ms+0ms, total 5ms
I/dalvikvm( 2570): Could not find method android.os.PowerManager.isDeviceIdleMode, referenced from method com.google.android.gms.gcm.cd.onReceive
W/dalvikvm( 2570): VFY: unable to resolve virtual method 1006: Landroid/os/PowerManager;.isDeviceIdleMode ()Z
D/dalvikvm( 2570): VFY: replacing opcode 0x6e at 0x0059
I/dalvikvm( 2570): Could not find method android.os.PowerManager.isDeviceIdleMode, referenced from method com.google.android.gms.gcm.e.c
W/dalvikvm( 2570): VFY: unable to resolve virtual method 1006: Landroid/os/PowerManager;.isDeviceIdleMode ()Z
D/dalvikvm( 2570): VFY: replacing opcode 0x6e at 0x0022
D/dalvikvm( 2570): GC_FOR_ALLOC freed 241K, 7% free 4431K/4724K, paused 3ms, total 3ms
D/dalvikvm( 2570): GC_CONCURRENT freed 77K, 4% free 4558K/4724K, paused 0ms+0ms, total 3ms
D/GCM     ( 2570): GcmService start null null
D/WearableService( 1565): callingUid 10053, callindPid: 1565
E/MDM     ( 1565): [169] b.run: Couldn't connect to Google API client: ConnectionResult{statusCode=API_UNAVAILABLE, resolution=null, message=null}
D/AuthorizationBluetoothService( 2570): Received GmsCore event: Intent { act=com.google.android.gms.INITIALIZE flg=0x10 pkg=com.google.android.gms cmp=com.google.android.gms/.auth.be.proximity.authorization.bt.AuthorizationBluetoothService$AutoStarter }.
D/dalvikvm( 2570): GC_CONCURRENT freed 579K, 13% free 4557K/5188K, paused 0ms+1ms, total 4ms
I/dalvikvm( 2570): Could not find method android.os.UserManager.isManagedProfile, referenced from method com.google.android.gms.auth.be.proximity.authorization.bt.b.a
W/dalvikvm( 2570): VFY: unable to resolve virtual method 1036: Landroid/os/UserManager;.isManagedProfile ()Z
D/dalvikvm( 2570): VFY: replacing opcode 0x6e at 0x002f
D/LocationInitializer( 1649): Restart initialization of location
E/AuthorizationBluetoothService( 2570): Proximity feature is not enabled.
V/GLSActivity( 2570): AuthDelegateWrapperCreated with selected intent: Intent { cmp=com.google.android.gms/.auth.DefaultAuthDelegateService }
I/dalvikvm( 2570): Could not find method android.accounts.AccountManager.removeAccountExplicitly, referenced from method com.google.android.gms.auth.e.b.a
W/dalvikvm( 2570): VFY: unable to resolve virtual method 16: Landroid/accounts/AccountManager;.removeAccountExplicitly (Landroid/accounts/Account;)Z
D/dalvikvm( 2570): VFY: replacing opcode 0x6e at 0x000e
V/GLSActivity( 2570): AuthDelegateWrapperCreated with selected intent: Intent { cmp=com.google.android.gms/.auth.DefaultAuthDelegateService }
D/GCM     ( 2570): GcmService start Intent { act=com.google.android.talk.MCS_CONNECTION_SERVICE_STARTED flg=0x10 cmp=com.google.android.gms/.gcm.GcmService } com.google.android.talk.MCS_CONNECTION_SERVICE_STARTED
I/dalvikvm( 2570): Could not find method android.app.Notification$Builder.setLocalOnly, referenced from method com.google.android.gms.common.os.b
W/dalvikvm( 2570): VFY: unable to resolve virtual method 142: Landroid/app/Notification$Builder;.setLocalOnly (Z)Landroid/app/Notification$Builder;
D/dalvikvm( 2570): VFY: replacing opcode 0x6e at 0x00ce
I/dalvikvm( 2570): Could not find method android.app.AppOpsManager.checkPackage, referenced from method com.google.android.gms.common.ou.a
W/dalvikvm( 2570): VFY: unable to resolve virtual method 86: Landroid/app/AppOpsManager;.checkPackage (ILjava/lang/String;)V
D/dalvikvm( 2570): VFY: replacing opcode 0x6e at 0x0012
I/dalvikvm( 2570): Could not find method android.content.pm.PackageManager.getPackageInstaller, referenced from method com.google.android.gms.common.ou.a
W/dalvikvm( 2570): VFY: unable to resolve virtual method 430: Landroid/content/pm/PackageManager;.getPackageInstaller ()Landroid/content/pm/PackageInstaller;
D/dalvikvm( 2570): VFY: replacing opcode 0x6e at 0x000d
D/NativeLibraryUtils( 2570): Install completed successfully. count=14 extracted=0
D/dalvikvm( 2570): GC_CONCURRENT freed 475K, 11% free 4673K/5200K, paused 0ms+1ms, total 3ms
D/ConnectivityService(  242): handleInetConditionHoldEnd: net=1, condition=100, published condition=100
E/Genymotion(  242): Could not open '/sys/class/power_supply/genymotion_fake_path/present'
I/ClearcutLoggerApiImpl( 1649): disconnect managed GoogleApiClient
E/Genymotion(  242): Could not open '/sys/class/power_supply/genymotion_fake_path/present'
E/Genymotion(  242): Could not open '/sys/class/power_supply/genymotion_fake_path/present'
E/Genymotion(  242): Could not open '/sys/class/power_supply/genymotion_fake_path/present'
E/Genymotion(  242): Could not open '/sys/class/power_supply/genymotion_fake_path/present'
E/Genymotion(  242): Could not open '/sys/class/power_supply/genymotion_fake_path/present'
E/Genymotion(  242): Could not open '/sys/class/power_supply/genymotion_fake_path/present'
E/Genymotion(  242): Could not open '/sys/class/power_supply/genymotion_fake_path/present'
E/Genymotion(  242): Could not open '/sys/class/power_supply/genymotion_fake_path/present'
E/Genymotion(  242): Could not open '/sys/class/power_supply/genymotion_fake_path/present'
I/ActivityManager(  242): Start proc com.google.process.location for service com.google.android.location/.NetworkLocationService: pid=2612 uid=10053 gids={50053, 3003, 1007, 1028, 1015, 1006, 2001, 3006, 3002, 3001}
D/NetworkLocationClient( 2612): binding to Intent { act=com.google.android.location.internal.ANDROID_NLP pkg=com.google.android.location }
D/dalvikvm( 2612): GC_CONCURRENT freed 325K, 13% free 2571K/2944K, paused 1ms+1ms, total 4ms
D/dalvikvm( 2570): GC_CONCURRENT freed 1880K, 36% free 3448K/5380K, paused 0ms+0ms, total 7ms
I/gmmInternalNlpService( 2612): internal NLP onStart(com.google.android.location.internal.ANDROID_NLP) com.google.android.location
D/NetworkLocationClient( 2612): onServiceConnected to ComponentInfo{com.google.android.location/com.google.android.location.internal.server.NetworkLocationService}
E/Genymotion(  242): Could not open '/sys/class/power_supply/genymotion_fake_path/present'
E/Genymotion(  242): Could not open '/sys/class/power_supply/genymotion_fake_path/present'
E/Genymotion(  242): Could not open '/sys/class/power_supply/genymotion_fake_path/present'
E/Genymotion(  242): Could not open '/sys/class/power_supply/genymotion_fake_path/present'
E/Genymotion(  242): Could not open '/sys/class/power_supply/genymotion_fake_path/present'
E/Genymotion(  242): Could not open '/sys/class/power_supply/genymotion_fake_path/present'
E/Genymotion(  242): Could not open '/sys/class/power_supply/genymotion_fake_path/present'
D/dalvikvm( 2472): GC_CONCURRENT freed 704K, 14% free 4831K/5584K, paused 1ms+1ms, total 14ms
D/MobileDataStateTracker(  242): default: setPolicyDataEnable(enabled=true)
D/MobileDataStateTracker(  242): default: setPolicyDataEnable(enabled=true)
D/MobileDataStateTracker(  242): default: setPolicyDataEnable(enabled=true)
D/MobileDataStateTracker(  242): default: setPolicyDataEnable(enabled=true)
D/MobileDataStateTracker(  242): default: setPolicyDataEnable(enabled=true)
D/MobileDataStateTracker(  242): default: setPolicyDataEnable(enabled=true)
D/MobileDataStateTracker(  242): default: setPolicyDataEnable(enabled=true)
D/dalvikvm(  242): GC_CONCURRENT freed 1987K, 47% free 10149K/18896K, paused 1ms+2ms, total 18ms
D/MobileDataStateTracker(  242): default: setPolicyDataEnable(enabled=true)
D/MobileDataStateTracker(  242): default: setPolicyDataEnable(enabled=true)
D/MobileDataStateTracker(  242): default: setPolicyDataEnable(enabled=true)
D/MobileDataStateTracker(  242): default: setPolicyDataEnable(enabled=true)
D/MobileDataStateTracker(  242): default: setPolicyDataEnable(enabled=true)
D/MobileDataStateTracker(  242): default: setPolicyDataEnable(enabled=true)
D/MobileDataStateTracker(  242): default: setPolicyDataEnable(enabled=true)
D/MobileDataStateTracker(  242): default: setPolicyDataEnable(enabled=true)
D/MobileDataStateTracker(  242): default: setPolicyDataEnable(enabled=true)
W/InputMethodManagerService(  242): Window already focused, ignoring focus gain of: com.android.internal.view.IInputMethodClient$Stub$Proxy@52898c68 attribute=null, token = android.os.BinderProxy@52b42e6c
E/Genymotion(  242): Could not open '/sys/class/power_supply/genymotion_fake_path/present'
D/MobileDataStateTracker(  242): default: setPolicyDataEnable(enabled=true)
D/MobileDataStateTracker(  242): default: setPolicyDataEnable(enabled=true)
D/MobileDataStateTracker(  242): default: setPolicyDataEnable(enabled=true)
W/InputMethodManagerService(  242): Window already focused, ignoring focus gain of: com.android.internal.view.IInputMethodClient$Stub$Proxy@52b31afc attribute=null, token = android.os.BinderProxy@52b42e6c
D/        (  242): HostConnection::get() New Host Connection established 0xb81e3f08, tid 604
D/dalvikvm(  242): GC_FOR_ALLOC freed 1393K, 47% free 10127K/18896K, paused 12ms, total 14ms
D/MobileDataStateTracker(  242): default: setPolicyDataEnable(enabled=true)
I/ActivityManager(  242): START u0 {act=com.android.systemui.recent.action.TOGGLE_RECENTS flg=0x10800000 cmp=com.android.systemui/.recent.RecentsActivity (has extras)} from pid 472
D/dalvikvm(  242): GC_FOR_ALLOC freed 408K, 45% free 10479K/18896K, paused 16ms, total 17ms
D/dalvikvm(  242): GC_FOR_ALLOC freed 376K, 45% free 10478K/18896K, paused 10ms, total 11ms
D/dalvikvm(  472): GC_FOR_ALLOC freed 263K, 55% free 10404K/22864K, paused 3ms, total 33ms
W/EGL_genymotion(  472): eglSurfaceAttrib not implemented
D/MobileDataStateTracker(  242): default: setPolicyDataEnable(enabled=true)
I/ActivityManager(  242): Displayed com.android.systemui/.recent.RecentsActivity: +96ms
I/ActivityManager(  242): START u0 {act=com.android.systemui.recent.action.TOGGLE_RECENTS flg=0x10800000 cmp=com.android.systemui/.recent.RecentsActivity} from pid 472
D/dalvikvm(  242): GC_FOR_ALLOC freed 861K, 47% free 10117K/18896K, paused 14ms, total 14ms
D/dalvikvm(  242): GC_FOR_ALLOC freed 752K, 47% free 10110K/18896K, paused 12ms, total 12ms
D/MobileDataStateTracker(  242): default: setPolicyDataEnable(enabled=true)
W/EGL_genymotion( 2472): eglSurfaceAttrib not implemented
E/Genymotion(  242): Could not open '/sys/class/power_supply/genymotion_fake_path/present'
D/        (  242): HostConnection::get() New Host Connection established 0xb80f6410, tid 805
D/dalvikvm(  242): GC_FOR_ALLOC freed 448K, 45% free 10486K/18896K, paused 10ms, total 12ms
D/dalvikvm(  242): GC_FOR_ALLOC freed 5K, 43% free 10853K/18896K, paused 9ms, total 9ms
I/dalvikvm-heap(  242): Grow heap (frag case) to 11.010MB for 380492-byte allocation
D/dalvikvm(  242): GC_FOR_ALLOC freed <1K, 42% free 11224K/19268K, paused 16ms, total 16ms
D/dalvikvm(  242): GC_FOR_ALLOC freed 743K, 46% free 10481K/19268K, paused 13ms, total 13ms
D/dalvikvm(  614): GC_CONCURRENT freed 408K, 14% free 3001K/3460K, paused 1ms+0ms, total 8ms
D/MobileDataStateTracker(  242): default: setPolicyDataEnable(enabled=true)
I/ActivityManager(  242): START u0 {act=com.android.systemui.recent.action.TOGGLE_RECENTS flg=0x10800000 cmp=com.android.systemui/.recent.RecentsActivity (has extras)} from pid 472
D/dalvikvm(  242): GC_FOR_ALLOC freed 759K, 46% free 10483K/19268K, paused 10ms, total 10ms
W/EGL_genymotion(  472): eglSurfaceAttrib not implemented
D/dalvikvm(  472): GC_CONCURRENT freed 3801K, 61% free 9122K/22864K, paused 2ms+0ms, total 6ms
I/qtaguid (  242): Failed write_ctrl(s 0 10052) res=-1 errno=1
W/NetworkManagementSocketTagger(  242): setKernelCountSet(10052, 0) failed with errno -1
D/        (  242): HostConnection::get() New Host Connection established 0xb81d2838, tid 256
D/dalvikvm(  242): GC_FOR_ALLOC freed 808K, 46% free 10484K/19268K, paused 11ms, total 12ms
D/dalvikvm(  242): GC_FOR_ALLOC freed 747K, 46% free 10480K/19268K, paused 12ms, total 12ms
D/MobileDataStateTracker(  242): default: setPolicyDataEnable(enabled=true)
I/ActivityManager(  242): No longer want com.android.keychain (pid 1531): empty #17
I/ActivityManager(  242): Killing 2472:com.i_aaa_ui/u0a10052: remove task
I/qtaguid (  242): Failed write_ctrl(s 1 10023) res=-1 errno=1
W/NetworkManagementSocketTagger(  242): setKernelCountSet(10023, 1) failed with errno -1
I/WindowState(  242): WIN DEATH: Window{527bdb48 u0 com.i_aaa_ui/com.i_aaa_ui.MainActivity}
W/EGL_genymotion(  624): eglSurfaceAttrib not implemented
I/ActivityManager(  242): START u0 {act=android.intent.action.MAIN cat=[android.intent.category.LAUNCHER] flg=0x10200000 cmp=com.i_aaa_ui/.MainActivity} from pid 624
W/genymotion_audio(  401): out_write() limiting sleep time 58049 to 23219
D/dalvikvm(  242): GC_FOR_ALLOC freed 826K, 46% free 10499K/19268K, paused 11ms, total 12ms
D/MobileDataStateTracker(  242): default: setPolicyDataEnable(enabled=true)
D/dalvikvm( 2646): Late-enabling CheckJNI
I/ActivityManager(  242): Start proc com.i_aaa_ui for activity com.i_aaa_ui/.MainActivity: pid=2646 uid=10052 gids={50052, 3003, 1015, 1028}
I/qtaguid (  242): Failed write_ctrl(s 1 10052) res=-1 errno=1
W/NetworkManagementSocketTagger(  242): setKernelCountSet(10052, 1) failed with errno -1
I/dalvikvm( 2646): Could not find method android.provider.Settings.canDrawOverlays, referenced from method com.facebook.react.ReactActivity.onCreate
W/dalvikvm( 2646): VFY: unable to resolve static method 1557: Landroid/provider/Settings;.canDrawOverlays (Landroid/content/Context;)Z
D/dalvikvm( 2646): VFY: replacing opcode 0x71 at 0x000f
D/dalvikvm( 2646): Trying to load lib /data/app-lib/com.i_aaa_ui-1/libreactnativejni.so 0xa4def890
D/dalvikvm( 2646): Added shared lib /data/app-lib/com.i_aaa_ui-1/libreactnativejni.so 0xa4def890
D/dalvikvm( 2646): Trying to load lib /data/app-lib/com.i_aaa_ui-1/libfbjni.so 0xa4def890
D/dalvikvm( 2646): Added shared lib /data/app-lib/com.i_aaa_ui-1/libfbjni.so 0xa4def890
I/dalvikvm( 2646): Could not find method android.view.View.setAccessibilityLiveRegion, referenced from method com.facebook.react.uimanager.BaseViewManager.setAccessibilityLiveRegion
W/dalvikvm( 2646): VFY: unable to resolve virtual method 16174: Landroid/view/View;.setAccessibilityLiveRegion (I)V
D/dalvikvm( 2646): VFY: replacing opcode 0x6e at 0x0011
I/dalvikvm( 2646): Could not find method android.view.View.setAccessibilityLiveRegion, referenced from method com.facebook.react.uimanager.BaseViewManager.setAccessibilityLiveRegion
W/dalvikvm( 2646): VFY: unable to resolve virtual method 16174: Landroid/view/View;.setAccessibilityLiveRegion (I)V
D/dalvikvm( 2646): VFY: replacing opcode 0x6e at 0x001e
I/dalvikvm( 2646): Could not find method android.view.View.setAccessibilityLiveRegion, referenced from method com.facebook.react.uimanager.BaseViewManager.setAccessibilityLiveRegion
W/dalvikvm( 2646): VFY: unable to resolve virtual method 16174: Landroid/view/View;.setAccessibilityLiveRegion (I)V
D/dalvikvm( 2646): VFY: replacing opcode 0x6e at 0x002b
I/dalvikvm( 2646): Could not find method android.view.View.setElevation, referenced from method com.facebook.react.uimanager.BaseViewManager.setElevation
W/dalvikvm( 2646): VFY: unable to resolve virtual method 16186: Landroid/view/View;.setElevation (F)V
D/dalvikvm( 2646): VFY: replacing opcode 0x6e at 0x000a
I/dalvikvm( 2646): Could not find method com.facebook.react.views.view.ReactViewGroup.drawableHotspotChanged, referenced from method com.facebook.react.views.view.ReactViewManager.receiveCommand
W/dalvikvm( 2646): VFY: unable to resolve virtual method 25494: Lcom/facebook/react/views/view/ReactViewGroup;.drawableHotspotChanged (FF)V
D/dalvikvm( 2646): VFY: replacing opcode 0x6e at 0x002d
W/unknown:ViewManagerPropertyUpdater( 2646): Could not find generated setter for class com.facebook.react.views.art.ARTRenderableViewManager
W/unknown:ViewManagerPropertyUpdater( 2646): Could not find generated setter for class com.facebook.react.views.art.ARTGroupShadowNode
W/unknown:ViewManagerPropertyUpdater( 2646): Could not find generated setter for class com.facebook.react.views.art.ARTShapeShadowNode
D/dalvikvm( 2646): GC_CONCURRENT freed 235K, 10% free 2620K/2904K, paused 3ms+0ms, total 4ms
W/unknown:ViewManagerPropertyUpdater( 2646): Could not find generated setter for class com.facebook.react.views.art.ARTTextShadowNode
W/unknown:ViewManagerPropertyUpdater( 2646): Could not find generated setter for class com.facebook.react.views.art.ARTSurfaceViewManager
W/unknown:ViewManagerPropertyUpdater( 2646): Could not find generated setter for class com.facebook.react.views.art.ARTSurfaceViewShadowNode
W/unknown:ViewManagerPropertyUpdater( 2646): Could not find generated setter for class com.facebook.react.views.picker.ReactDialogPickerManager
W/unknown:ViewManagerPropertyUpdater( 2646): Could not find generated setter for class com.facebook.react.uimanager.LayoutShadowNode
W/unknown:ViewManagerPropertyUpdater( 2646): Could not find generated setter for class com.facebook.react.views.drawer.ReactDrawerLayoutManager
W/unknown:ViewManagerPropertyUpdater( 2646): Could not find generated setter for class com.facebook.react.views.picker.ReactDropdownPickerManager
W/unknown:ViewManagerPropertyUpdater( 2646): Could not find generated setter for class com.facebook.react.views.scroll.ReactHorizontalScrollViewManager
W/unknown:ViewManagerPropertyUpdater( 2646): Could not find generated setter for class com.facebook.react.views.image.ReactImageManager
D/libEGL  ( 2646): loaded /system/lib/egl/libEGL_genymotion.so
D/        ( 2646): HostConnection::get() New Host Connection established 0xb7e0da18, tid 2646
W/unknown:ViewManagerPropertyUpdater( 2646): Could not find generated setter for class com.facebook.react.views.progressbar.ReactProgressBarViewManager
W/unknown:ViewManagerPropertyUpdater( 2646): Could not find generated setter for class com.facebook.react.views.progressbar.ProgressBarShadowNode
W/unknown:ViewManagerPropertyUpdater( 2646): Could not find generated setter for class com.facebook.react.views.text.ReactRawTextManager
W/unknown:ViewManagerPropertyUpdater( 2646): Could not find generated setter for class com.facebook.react.views.text.ReactTextShadowNode
W/unknown:ViewManagerPropertyUpdater( 2646): Could not find generated setter for class com.facebook.react.views.scroll.ReactScrollViewManager
W/unknown:ViewManagerPropertyUpdater( 2646): Could not find generated setter for class com.facebook.react.views.switchview.ReactSwitchManager
W/unknown:ViewManagerPropertyUpdater( 2646): Could not find generated setter for class com.facebook.react.views.switchview.ReactSwitchManager$ReactSwitchShadowNode
D/dalvikvm( 2646): GC_CONCURRENT freed 306K, 12% free 2700K/3056K, paused 2ms+0ms, total 3ms
W/unknown:ViewManagerPropertyUpdater( 2646): Could not find generated setter for class com.facebook.react.views.textfrescosupport.FrescoBasedReactTextInlineImageViewManager
W/unknown:ViewManagerPropertyUpdater( 2646): Could not find generated setter for class com.facebook.react.views.textfrescosupport.FrescoBasedReactTextInlineImageShadowNode
W/unknown:ViewManagerPropertyUpdater( 2646): Could not find generated setter for class com.facebook.react.views.textinput.ReactTextInputManager
D/libEGL  ( 2646): loaded /system/lib/egl/libGLESv1_CM_genymotion.so
D/libEGL  ( 2646): loaded /system/lib/egl/libGLESv2_genymotion.so
D/MobileDataStateTracker(  242): default: setPolicyDataEnable(enabled=true)
W/unknown:ViewManagerPropertyUpdater( 2646): Could not find generated setter for class com.facebook.react.views.textinput.ReactTextInputShadowNode
W/unknown:ViewManagerPropertyUpdater( 2646): Could not find generated setter for class com.facebook.react.views.text.ReactTextViewManager
W/unknown:ViewManagerPropertyUpdater( 2646): Could not find generated setter for class com.facebook.react.views.toolbar.ReactToolbarManager
W/unknown:ViewManagerPropertyUpdater( 2646): Could not find generated setter for class com.facebook.react.views.view.ReactViewManager
W/unknown:ViewManagerPropertyUpdater( 2646): Could not find generated setter for class com.facebook.react.views.viewpager.ReactViewPagerManager
W/unknown:ViewManagerPropertyUpdater( 2646): Could not find generated setter for class com.facebook.react.views.text.ReactVirtualTextViewManager
W/unknown:ViewManagerPropertyUpdater( 2646): Could not find generated setter for class com.facebook.react.views.webview.ReactWebViewManager
W/unknown:ViewManagerPropertyUpdater( 2646): Could not find generated setter for class com.facebook.react.views.recyclerview.RecyclerViewBackedScrollViewManager
W/unknown:ViewManagerPropertyUpdater( 2646): Could not find generated setter for class com.facebook.react.views.swiperefresh.SwipeRefreshLayoutManager
W/unknown:ViewManagerPropertyUpdater( 2646): Could not find generated setter for class com.AirMaps.AirMapCalloutManager
W/unknown:ViewManagerPropertyUpdater( 2646): Could not find generated setter for class com.AirMaps.AirMapMarkerManager
W/unknown:ViewManagerPropertyUpdater( 2646): Could not find generated setter for class com.AirMaps.AirMapPolylineManager
W/unknown:ViewManagerPropertyUpdater( 2646): Could not find generated setter for class com.AirMaps.AirMapPolygonManager
D/dalvikvm( 2646): GC_CONCURRENT freed 299K, 12% free 2787K/3136K, paused 2ms+0ms, total 4ms
W/unknown:ViewManagerPropertyUpdater( 2646): Could not find generated setter for class com.AirMaps.AirMapCircleManager
W/unknown:ViewManagerPropertyUpdater( 2646): Could not find generated setter for class com.AirMaps.AirMapManager
I/dalvikvm( 2646): Could not find method android.webkit.CookieManager.setCookie, referenced from method com.facebook.react.modules.network.ForwardingCookieHandler.addCookieAsync
W/dalvikvm( 2646): VFY: unable to resolve virtual method 16733: Landroid/webkit/CookieManager;.setCookie (Ljava/lang/String;Ljava/lang/String;Landroid/webkit/ValueCallback;)V
D/dalvikvm( 2646): VFY: replacing opcode 0x6e at 0x0005
I/dalvikvm( 2646): Could not find method android.webkit.CookieManager.removeAllCookies, referenced from method com.facebook.react.modules.network.ForwardingCookieHandler.clearCookiesAsync
W/dalvikvm( 2646): VFY: unable to resolve virtual method 16730: Landroid/webkit/CookieManager;.removeAllCookies (Landroid/webkit/ValueCallback;)V
D/dalvikvm( 2646): VFY: replacing opcode 0x6e at 0x0009
I/dalvikvm( 2646): Could not find method android.webkit.CookieManager.flush, referenced from method com.facebook.react.modules.network.ForwardingCookieHandler$CookieSaver.flush
W/dalvikvm( 2646): VFY: unable to resolve virtual method 16726: Landroid/webkit/CookieManager;.flush ()V
D/dalvikvm( 2646): VFY: replacing opcode 0x6e at 0x0006
W/EGL_genymotion( 2646): eglSurfaceAttrib not implemented
E/OpenGLRenderer( 2646): Getting MAX_TEXTURE_SIZE from GradienCache
E/OpenGLRenderer( 2646): Getting MAX_TEXTURE_SIZE from Caches::initConstraints()
D/OpenGLRenderer( 2646): Enabling debug mode 0
W/InputMethodManagerService(  242): Starting input on non-focused client com.android.internal.view.IInputMethodClient$Stub$Proxy@528b1b04 (uid=10023 pid=624)
D/dalvikvm( 2646): GC_CONCURRENT freed 242K, 9% free 2937K/3228K, paused 1ms+1ms, total 3ms
W/unknown:React( 2646): Unable to dispatch keyboard events in JS as the react instance has not been attached
D/dalvikvm( 2646): GC_FOR_ALLOC freed 175K, 14% free 3039K/3496K, paused 3ms, total 3ms
I/ActivityManager(  242): Displayed com.i_aaa_ui/.MainActivity: +240ms
W/ReactNativeJS( 2646): Warning: Native component for "RCTMap" does not exist
I/dalvikvm( 2646): Could not find method android.graphics.Bitmap.getAllocationByteCount, referenced from method com.facebook.imagepipeline.animated.util.AnimatedDrawableUtil.getSizeOfBitmap
W/dalvikvm( 2646): VFY: unable to resolve virtual method 705: Landroid/graphics/Bitmap;.getAllocationByteCount ()I
D/dalvikvm( 2646): VFY: replacing opcode 0x6e at 0x0006
I/dalvikvm( 2646): Could not find method android.widget.ImageView.<init>, referenced from method com.facebook.drawee.view.DraweeView.<init>
W/dalvikvm( 2646): VFY: unable to resolve direct method 16951: Landroid/widget/ImageView;.<init> (Landroid/content/Context;Landroid/util/AttributeSet;II)V
D/dalvikvm( 2646): VFY: replacing opcode 0x70 at 0x0000
I/dalvikvm( 2646): Could not find method com.facebook.drawee.view.DraweeView.getImageTintList, referenced from method com.facebook.drawee.view.DraweeView.init
W/dalvikvm( 2646): VFY: unable to resolve virtual method 19444: Lcom/facebook/drawee/view/DraweeView;.getImageTintList ()Landroid/content/res/ColorStateList;
D/dalvikvm( 2646): VFY: replacing opcode 0x6e at 0x0015
I/ReactNativeJS( 2646): Running application "i_aaa_ui" with appParams: {"initialProps":{},"rootTag":1}. __DEV__ === true, development-level warning are ON, performance optimizations are OFF
D/dalvikvm( 2646): GC_CONCURRENT freed 293K, 11% free 3129K/3512K, paused 2ms+0ms, total 4ms
I/dalvikvm( 2646): Could not find method android.widget.CompoundButton.drawableHotspotChanged, referenced from method android.support.v7.widget.SwitchCompat.drawableHotspotChanged
W/dalvikvm( 2646): VFY: unable to resolve virtual method 16810: Landroid/widget/CompoundButton;.drawableHotspotChanged (FF)V
D/dalvikvm( 2646): VFY: replacing opcode 0x6f at 0x0006
I/dalvikvm( 2646): Could not find method android.content.res.TypedArray.getChangingConfigurations, referenced from method android.support.v7.internal.widget.TintTypedArray.getChangingConfigurations
W/dalvikvm( 2646): VFY: unable to resolve virtual method 582: Landroid/content/res/TypedArray;.getChangingConfigurations ()I
D/dalvikvm( 2646): VFY: replacing opcode 0x6e at 0x0002
I/dalvikvm( 2646): Could not find method android.content.res.TypedArray.getType, referenced from method android.support.v7.internal.widget.TintTypedArray.getType
W/dalvikvm( 2646): VFY: unable to resolve virtual method 604: Landroid/content/res/TypedArray;.getType (I)I
D/dalvikvm( 2646): VFY: replacing opcode 0x6e at 0x0002
I/ReactNativeJS( 2646): I_AAA API is calling via http://bvm-u1-p.host.ualr.edu:8080/anyAccidentOverHere?lat=Please enter a value&lon=Please enter a value&speedOfVehicle=Please enter a value
W/dalvikvm( 2646): VFY: unable to find class referenced in signature (Landroid/graphics/Outline;)
I/dalvikvm( 2646): Could not find method android.graphics.drawable.Drawable.getOutline, referenced from method com.facebook.react.views.view.ReactViewBackgroundDrawable.getOutline
W/dalvikvm( 2646): VFY: unable to resolve virtual method 946: Landroid/graphics/drawable/Drawable;.getOutline (Landroid/graphics/Outline;)V
D/dalvikvm( 2646): VFY: replacing opcode 0x6f at 0x0006
I/dalvikvm( 2646): Could not find method android.graphics.Outline.setConvexPath, referenced from method com.facebook.react.views.view.ReactViewBackgroundDrawable.getOutline
W/dalvikvm( 2646): VFY: unable to resolve virtual method 806: Landroid/graphics/Outline;.setConvexPath (Landroid/graphics/Path;)V
D/dalvikvm( 2646): VFY: replacing opcode 0x6e at 0x0022
I/dalvikvm( 2646): Could not find method android.graphics.Outline.setRect, referenced from method com.facebook.react.views.view.ReactViewBackgroundDrawable.getOutline
W/dalvikvm( 2646): VFY: unable to resolve virtual method 807: Landroid/graphics/Outline;.setRect (Landroid/graphics/Rect;)V
D/dalvikvm( 2646): VFY: replacing opcode 0x6e at 0x002a
D/dalvikvm( 2646): GC_CONCURRENT freed 166K, 6% free 3442K/3660K, paused 1ms+0ms, total 3ms
D/dalvikvm( 2646): GC_FOR_ALLOC freed 17K, 7% free 3425K/3660K, paused 2ms, total 2ms
I/qtaguid (  242): Failed write_ctrl(s 0 10023) res=-1 errno=1
W/NetworkManagementSocketTagger(  242): setKernelCountSet(10023, 0) failed with errno -1
I/dalvikvm-heap( 2646): Grow heap (frag case) to 4.463MB for 1127532-byte allocation
D/dalvikvm( 2646): GC_FOR_ALLOC freed <1K, 5% free 4526K/4764K, paused 3ms, total 3ms
D/dalvikvm( 2646): GC_CONCURRENT freed <1K, 5% free 4526K/4764K, paused 1ms+0ms, total 3ms
D/dalvikvm( 2646): Trying to load lib /data/app-lib/com.i_aaa_ui-1/libmemchunk.so 0xa4def890
D/dalvikvm( 2646): Added shared lib /data/app-lib/com.i_aaa_ui-1/libmemchunk.so 0xa4def890
I/dalvikvm( 2646): Could not find method android.graphics.Bitmap.getAllocationByteCount, referenced from method com.facebook.imageutils.BitmapUtil.getSizeInBytes
W/dalvikvm( 2646): VFY: unable to resolve virtual method 705: Landroid/graphics/Bitmap;.getAllocationByteCount ()I
D/dalvikvm( 2646): VFY: replacing opcode 0x6e at 0x000a
W/dalvikvm( 2646): VFY: unable to find class referenced in signature (Ljava/nio/file/Path;)
D/dalvikvm( 2646): GC_CONCURRENT freed 242K, 6% free 4844K/5136K, paused 2ms+0ms, total 5ms
W/dalvikvm( 2646): VFY: unable to find class referenced in signature ([Ljava/nio/file/OpenOption;)
I/dalvikvm( 2646): Could not find method java.nio.file.Files.newOutputStream, referenced from method okio.Okio.sink
W/dalvikvm( 2646): VFY: unable to resolve static method 38494: Ljava/nio/file/Files;.newOutputStream (Ljava/nio/file/Path;[Ljava/nio/file/OpenOption;)Ljava/io/OutputStream;
D/dalvikvm( 2646): VFY: replacing opcode 0x71 at 0x000a
W/dalvikvm( 2646): VFY: unable to find class referenced in signature (Ljava/nio/file/Path;)
W/dalvikvm( 2646): VFY: unable to find class referenced in signature ([Ljava/nio/file/OpenOption;)
I/dalvikvm( 2646): Could not find method java.nio.file.Files.newInputStream, referenced from method okio.Okio.source
W/dalvikvm( 2646): VFY: unable to resolve static method 38493: Ljava/nio/file/Files;.newInputStream (Ljava/nio/file/Path;[Ljava/nio/file/OpenOption;)Ljava/io/InputStream;
D/dalvikvm( 2646): VFY: replacing opcode 0x71 at 0x000a
I/dalvikvm( 2646): Could not find method android.graphics.Bitmap.getAllocationByteCount, referenced from method com.facebook.imagepipeline.nativecode.Bitmaps.reconfigureBitmap
W/dalvikvm( 2646): VFY: unable to resolve virtual method 705: Landroid/graphics/Bitmap;.getAllocationByteCount ()I
D/dalvikvm( 2646): VFY: replacing opcode 0x6e at 0x0000
D/dalvikvm( 2646): Trying to load lib /data/app-lib/com.i_aaa_ui-1/libbitmaps.so 0xa4def890
D/dalvikvm( 2646): Added shared lib /data/app-lib/com.i_aaa_ui-1/libbitmaps.so 0xa4def890
D/MobileDataStateTracker(  242): default: setPolicyDataEnable(enabled=true)
I/ReactNativeJS( 2646): { timestamp: 1459975489321,
I/ReactNativeJS( 2646):   status: 400,
I/ReactNativeJS( 2646):   error: 'Bad Request',
I/ReactNativeJS( 2646):   exception: 'org.springframework.web.method.annotation.MethodArgumentTypeMismatchException',
I/ReactNativeJS( 2646):   message: 'Failed to convert value of type [java.lang.String] to required type [double]; nested exception is java.lang.NumberFormatException: For input string: "Pleaseenteravalue"',
I/ReactNativeJS( 2646):   path: '/anyAccidentOverHere' }
D/        ( 2646): HostConnection::get() New Host Connection established 0xb7f9f900, tid 2664
W/genymotion_audio(  401): out_write() limiting sleep time 23310 to 23219
W/genymotion_audio(  401): out_write() limiting sleep time 26480 to 23219
W/genymotion_audio(  401): out_write() limiting sleep time 26480 to 23219
D/MobileDataStateTracker(  242): default: setPolicyDataEnable(enabled=true)
E/Genymotion(  242): Could not open '/sys/class/power_supply/genymotion_fake_path/present'
W/genymotion_audio(  401): out_write() limiting sleep time 26394 to 23219
W/genymotion_audio(  401): out_write() limiting sleep time 23576 to 23219
