E/Genymotion(  242): Could not open '/sys/class/power_supply/genymotion_fake_path/present'
E/Genymotion(  242): Could not open '/sys/class/power_supply/genymotion_fake_path/present'
D/dalvikvm( 2283): GC_CONCURRENT freed 2114K, 38% free 3668K/5832K, paused 1ms+1ms, total 16ms
D/MobileDataStateTracker(  242): default: setPolicyDataEnable(enabled=true)
E/Genymotion(  242): Could not open '/sys/class/power_supply/genymotion_fake_path/present'
I/ActivityManager(  242): Start proc com.google.process.location for service com.google.android.location/.NetworkLocationService: pid=2424 uid=10053 gids={50053, 3003, 1007, 1028, 1015, 1006, 2001, 3006, 3002, 3001}
D/NetworkLocationClient( 2424): binding to Intent { act=com.google.android.location.internal.ANDROID_NLP pkg=com.google.android.location }
D/dalvikvm( 2424): GC_CONCURRENT freed 284K, 12% free 2571K/2908K, paused 2ms+0ms, total 5ms
I/gmmInternalNlpService( 2424): internal NLP onStart(com.google.android.location.internal.ANDROID_NLP) com.google.android.location
D/NetworkLocationClient( 2424): onServiceConnected to ComponentInfo{com.google.android.location/com.google.android.location.internal.server.NetworkLocationService}
D/dalvikvm( 2283): GC_CONCURRENT freed 390K, 37% free 3682K/5832K, paused 2ms+2ms, total 9ms
E/Genymotion(  242): Could not open '/sys/class/power_supply/genymotion_fake_path/present'
D/dalvikvm(  242): GC_FOR_ALLOC freed 1618K, 49% free 9758K/18896K, paused 12ms, total 14ms
D/MobileDataStateTracker(  242): default: setPolicyDataEnable(enabled=true)
I/ActivityManager(  242): START u0 {act=com.android.systemui.recent.action.TOGGLE_RECENTS flg=0x10800000 cmp=com.android.systemui/.recent.RecentsActivity (has extras)} from pid 472
D/dalvikvm(  242): GC_FOR_ALLOC freed 451K, 45% free 10447K/18896K, paused 15ms, total 16ms
W/EGL_genymotion(  472): eglSurfaceAttrib not implemented
D/MobileDataStateTracker(  242): default: setPolicyDataEnable(enabled=true)
I/ActivityManager(  242): Displayed com.android.systemui/.recent.RecentsActivity: +131ms
I/qtaguid (  242): Failed write_ctrl(s 0 10052) res=-1 errno=1
W/NetworkManagementSocketTagger(  242): setKernelCountSet(10052, 0) failed with errno -1
D/dalvikvm(  472): GC_CONCURRENT freed 14023K, 62% free 8796K/22864K, paused 1ms+1ms, total 9ms
W/genymotion_audio(  401): out_write() limiting sleep time 23576 to 23219
D/        (  242): HostConnection::get() New Host Connection established 0xb80ae538, tid 242
D/dalvikvm(  242): GC_FOR_ALLOC freed 923K, 47% free 10065K/18896K, paused 12ms, total 15ms
D/dalvikvm(  242): GC_FOR_ALLOC freed 748K, 47% free 10059K/18896K, paused 10ms, total 11ms
D/MobileDataStateTracker(  242): default: setPolicyDataEnable(enabled=true)
I/ActivityManager(  242): No longer want com.android.defcontainer (pid 1516): empty #17
I/ActivityManager(  242): Killing 2283:com.i_aaa_ui/u0a10052: remove task
I/WindowState(  242): WIN DEATH: Window{528e4ef8 u0 com.i_aaa_ui/com.i_aaa_ui.MainActivity}
I/qtaguid (  242): Failed write_ctrl(s 1 10023) res=-1 errno=1
W/NetworkManagementSocketTagger(  242): setKernelCountSet(10023, 1) failed with errno -1
W/EGL_genymotion(  624): eglSurfaceAttrib not implemented
W/ResourceType(  242): Skipping entry 0x7f05000e in package table 0 because it is not complex!
W/ResourceType(  242): Skipping entry 0x7f05000f in package table 0 because it is not complex!
E/ActivityThread( 1649): Failed to find provider info for com.android.contacts.metadata
D/SyncManager(  242): failed sync operation rssjackal@gmail.com u0 (com.google), com.android.contacts.metadata, SERVER, earliestRunTime 50476, reason: ServiceChanged, SyncResult: databaseError: true stats []
D/SyncManager(  242): not retrying sync operation because the error is a hard error: rssjackal@gmail.com u0 (com.google), com.android.contacts.metadata, SERVER, earliestRunTime 110744, reason: ServiceChanged
V/GLSActivity( 2147): AuthDelegateWrapperCreated with selected intent: Intent { cmp=com.google.android.gms/.auth.DefaultAuthDelegateService }
V/GLSActivity( 2147): AuthDelegateWrapperCreated with selected intent: Intent { cmp=com.google.android.gms/.auth.DefaultAuthDelegateService }
I/GLSUser ( 2147): [GLSUser] getTokenFromGoogle [account: <ELLIDED:1058195307>, callingPkg: com.google.android.gms, service: oauth2:https://www.googleapis.com/auth/reminders
I/GoogleURLConnFactory( 1649): Using platform SSLCertificateSocketFactory
D/dalvikvm( 2147): GC_CONCURRENT freed 384K, 31% free 3741K/5404K, paused 0ms+0ms, total 4ms
I/GLSUser ( 2147): [GLSUser] getAuthtoken(<ELLIDED:1058195307>, oauth2:https://www.googleapis.com/auth/reminders) -> status: null)
I/GLSUser ( 2147): [GLSUser] Extracting token using key: Auth
W/GLSUser ( 2147): [GLSUser] Permission for com.google.android.gms to access oauth2:https://www.googleapis.com/auth/reminders will be managed locally.
W/GLSUser ( 2147): [DeviceKeyStore] Cannot load key: Device key file not found.
I/qtaguid ( 1649): Failed write_ctrl(u 49) res=-1 errno=22
I/qtaguid ( 1649): Untagging socket 49 failed errno=-22
W/NetworkManagementSocketTagger( 1649): untagSocket(49) failed with errno -22
D/dalvikvm( 1649): GC_CONCURRENT freed 688K, 14% free 5279K/6120K, paused 2ms+1ms, total 8ms
I/qtaguid ( 1649): Failed write_ctrl(u 49) res=-1 errno=22
I/qtaguid ( 1649): Untagging socket 49 failed errno=-22
W/NetworkManagementSocketTagger( 1649): untagSocket(49) failed with errno -22
D/dalvikvm( 2147): GC_CONCURRENT freed 416K, 32% free 3710K/5404K, paused 1ms+1ms, total 7ms
W/BaseAppContext( 1649): Using Auth Proxy for data requests.
I/qtaguid ( 1649): Failed write_ctrl(u 59) res=-1 errno=22
I/qtaguid ( 1649): Untagging socket 59 failed errno=-22
D/dalvikvm( 1649): GC_CONCURRENT freed 809K, 14% free 5340K/6196K, paused 2ms+1ms, total 13ms
W/NetworkManagementSocketTagger( 1649): untagSocket(59) failed with errno -22
I/qtaguid ( 1649): Failed write_ctrl(u 49) res=-1 errno=22
I/qtaguid ( 1649): Untagging socket 49 failed errno=-22
W/NetworkManagementSocketTagger( 1649): untagSocket(49) failed with errno -22
I/RemindersSync( 1649): Found sync condition that we don't recognize, aborting. [T SyncAdapterThread-8:id=349:priority=5:group=main]
W/genymotion_audio(  401): out_write() limiting sleep time 24216 to 23219
I/qtaguid ( 1649): Failed write_ctrl(u 49) res=-1 errno=22
I/qtaguid ( 1649): Untagging socket 49 failed errno=-22
W/NetworkManagementSocketTagger( 1649): untagSocket(49) failed with errno -22
D/dalvikvm(  624): GC_CONCURRENT freed 1329K, 16% free 7643K/9052K, paused 1ms+1ms, total 6ms
I/qtaguid ( 1649): Failed write_ctrl(u 49) res=-1 errno=22
I/qtaguid ( 1649): Untagging socket 49 failed errno=-22
W/NetworkManagementSocketTagger( 1649): untagSocket(49) failed with errno -22
I/qtaguid ( 1649): Failed write_ctrl(u 49) res=-1 errno=22
I/qtaguid ( 1649): Untagging socket 49 failed errno=-22
W/NetworkManagementSocketTagger( 1649): untagSocket(49) failed with errno -22
D/dalvikvm( 1649): GC_FOR_ALLOC freed 784K, 17% free 5299K/6332K, paused 11ms, total 11ms
D/dalvikvm(  624): GC_FOR_ALLOC freed 207K, 15% free 7920K/9256K, paused 5ms, total 6ms
D/MobileDataStateTracker(  242): default: setPolicyDataEnable(enabled=true)
D/dalvikvm(  624): GC_FOR_ALLOC freed 25K, 14% free 8347K/9664K, paused 9ms, total 9ms
D/dalvikvm(  624): GC_FOR_ALLOC freed 102K, 13% free 8943K/10276K, paused 5ms, total 7ms
D/dalvikvm(  624): GC_FOR_ALLOC freed 44K, 12% free 9775K/11092K, paused 9ms, total 9ms
D/dalvikvm(  624): GC_FOR_ALLOC freed 113K, 12% free 10764K/12112K, paused 5ms, total 7ms
E/Genymotion(  242): Could not open '/sys/class/power_supply/genymotion_fake_path/present'
I/ActivityManager(  242): START u0 {act=android.intent.action.MAIN cat=[android.intent.category.LAUNCHER] flg=0x10200000 cmp=com.i_aaa_ui/.MainActivity} from pid 624
D/        (  242): HostConnection::get() New Host Connection established 0xb8252140, tid 877
D/dalvikvm(  242): GC_FOR_ALLOC freed 877K, 45% free 10503K/18896K, paused 16ms, total 19ms
D/dalvikvm(  242): GC_FOR_ALLOC freed 795K, 47% free 10080K/18896K, paused 12ms, total 12ms
D/MobileDataStateTracker(  242): default: setPolicyDataEnable(enabled=true)
D/dalvikvm( 2472): Late-enabling CheckJNI
I/ActivityManager(  242): Start proc com.i_aaa_ui for activity com.i_aaa_ui/.MainActivity: pid=2472 uid=10052 gids={50052, 3003, 1015, 1028}
I/qtaguid (  242): Failed write_ctrl(s 1 10052) res=-1 errno=1
W/NetworkManagementSocketTagger(  242): setKernelCountSet(10052, 1) failed with errno -1
I/dalvikvm( 2472): Could not find method android.provider.Settings.canDrawOverlays, referenced from method com.facebook.react.ReactActivity.onCreate
W/dalvikvm( 2472): VFY: unable to resolve static method 1557: Landroid/provider/Settings;.canDrawOverlays (Landroid/content/Context;)Z
D/dalvikvm( 2472): VFY: replacing opcode 0x71 at 0x000f
D/dalvikvm( 2472): Trying to load lib /data/app-lib/com.i_aaa_ui-1/libreactnativejni.so 0xa4debd28
D/dalvikvm( 2472): Added shared lib /data/app-lib/com.i_aaa_ui-1/libreactnativejni.so 0xa4debd28
D/dalvikvm( 2472): Trying to load lib /data/app-lib/com.i_aaa_ui-1/libfbjni.so 0xa4debd28
D/dalvikvm( 2472): Added shared lib /data/app-lib/com.i_aaa_ui-1/libfbjni.so 0xa4debd28
I/dalvikvm( 2472): Could not find method android.view.View.setAccessibilityLiveRegion, referenced from method com.facebook.react.uimanager.BaseViewManager.setAccessibilityLiveRegion
W/dalvikvm( 2472): VFY: unable to resolve virtual method 16174: Landroid/view/View;.setAccessibilityLiveRegion (I)V
D/dalvikvm( 2472): VFY: replacing opcode 0x6e at 0x0011
I/dalvikvm( 2472): Could not find method android.view.View.setAccessibilityLiveRegion, referenced from method com.facebook.react.uimanager.BaseViewManager.setAccessibilityLiveRegion
W/dalvikvm( 2472): VFY: unable to resolve virtual method 16174: Landroid/view/View;.setAccessibilityLiveRegion (I)V
D/dalvikvm( 2472): VFY: replacing opcode 0x6e at 0x001e
I/dalvikvm( 2472): Could not find method android.view.View.setAccessibilityLiveRegion, referenced from method com.facebook.react.uimanager.BaseViewManager.setAccessibilityLiveRegion
W/dalvikvm( 2472): VFY: unable to resolve virtual method 16174: Landroid/view/View;.setAccessibilityLiveRegion (I)V
D/dalvikvm( 2472): VFY: replacing opcode 0x6e at 0x002b
I/dalvikvm( 2472): Could not find method android.view.View.setElevation, referenced from method com.facebook.react.uimanager.BaseViewManager.setElevation
W/dalvikvm( 2472): VFY: unable to resolve virtual method 16186: Landroid/view/View;.setElevation (F)V
D/dalvikvm( 2472): VFY: replacing opcode 0x6e at 0x000a
I/dalvikvm( 2472): Could not find method com.facebook.react.views.view.ReactViewGroup.drawableHotspotChanged, referenced from method com.facebook.react.views.view.ReactViewManager.receiveCommand
W/dalvikvm( 2472): VFY: unable to resolve virtual method 25494: Lcom/facebook/react/views/view/ReactViewGroup;.drawableHotspotChanged (FF)V
D/dalvikvm( 2472): VFY: replacing opcode 0x6e at 0x002d
W/unknown:ViewManagerPropertyUpdater( 2472): Could not find generated setter for class com.facebook.react.views.art.ARTRenderableViewManager
W/unknown:ViewManagerPropertyUpdater( 2472): Could not find generated setter for class com.facebook.react.views.art.ARTGroupShadowNode
W/unknown:ViewManagerPropertyUpdater( 2472): Could not find generated setter for class com.facebook.react.views.art.ARTShapeShadowNode
W/unknown:ViewManagerPropertyUpdater( 2472): Could not find generated setter for class com.facebook.react.views.art.ARTTextShadowNode
D/dalvikvm( 2472): GC_CONCURRENT freed 233K, 10% free 2622K/2904K, paused 2ms+1ms, total 4ms
W/unknown:ViewManagerPropertyUpdater( 2472): Could not find generated setter for class com.facebook.react.views.art.ARTSurfaceViewManager
W/unknown:ViewManagerPropertyUpdater( 2472): Could not find generated setter for class com.facebook.react.views.art.ARTSurfaceViewShadowNode
W/unknown:ViewManagerPropertyUpdater( 2472): Could not find generated setter for class com.facebook.react.views.picker.ReactDialogPickerManager
W/unknown:ViewManagerPropertyUpdater( 2472): Could not find generated setter for class com.facebook.react.uimanager.LayoutShadowNode
W/unknown:ViewManagerPropertyUpdater( 2472): Could not find generated setter for class com.facebook.react.views.drawer.ReactDrawerLayoutManager
W/unknown:ViewManagerPropertyUpdater( 2472): Could not find generated setter for class com.facebook.react.views.picker.ReactDropdownPickerManager
W/unknown:ViewManagerPropertyUpdater( 2472): Could not find generated setter for class com.facebook.react.views.scroll.ReactHorizontalScrollViewManager
W/unknown:ViewManagerPropertyUpdater( 2472): Could not find generated setter for class com.facebook.react.views.image.ReactImageManager
W/unknown:ViewManagerPropertyUpdater( 2472): Could not find generated setter for class com.facebook.react.views.progressbar.ReactProgressBarViewManager
D/MobileDataStateTracker(  242): default: setPolicyDataEnable(enabled=true)
D/libEGL  ( 2472): loaded /system/lib/egl/libEGL_genymotion.so
D/        ( 2472): HostConnection::get() New Host Connection established 0xb7e0d4c0, tid 2472
W/unknown:ViewManagerPropertyUpdater( 2472): Could not find generated setter for class com.facebook.react.views.progressbar.ProgressBarShadowNode
W/unknown:ViewManagerPropertyUpdater( 2472): Could not find generated setter for class com.facebook.react.views.text.ReactRawTextManager
W/unknown:ViewManagerPropertyUpdater( 2472): Could not find generated setter for class com.facebook.react.views.text.ReactTextShadowNode
W/unknown:ViewManagerPropertyUpdater( 2472): Could not find generated setter for class com.facebook.react.views.scroll.ReactScrollViewManager
W/unknown:ViewManagerPropertyUpdater( 2472): Could not find generated setter for class com.facebook.react.views.switchview.ReactSwitchManager
W/unknown:ViewManagerPropertyUpdater( 2472): Could not find generated setter for class com.facebook.react.views.switchview.ReactSwitchManager$ReactSwitchShadowNode
D/dalvikvm( 2472): GC_CONCURRENT freed 302K, 12% free 2704K/3056K, paused 2ms+0ms, total 4ms
W/unknown:ViewManagerPropertyUpdater( 2472): Could not find generated setter for class com.facebook.react.views.textfrescosupport.FrescoBasedReactTextInlineImageViewManager
W/unknown:ViewManagerPropertyUpdater( 2472): Could not find generated setter for class com.facebook.react.views.textfrescosupport.FrescoBasedReactTextInlineImageShadowNode
W/unknown:ViewManagerPropertyUpdater( 2472): Could not find generated setter for class com.facebook.react.views.textinput.ReactTextInputManager
W/unknown:ViewManagerPropertyUpdater( 2472): Could not find generated setter for class com.facebook.react.views.textinput.ReactTextInputShadowNode
W/unknown:ViewManagerPropertyUpdater( 2472): Could not find generated setter for class com.facebook.react.views.text.ReactTextViewManager
W/unknown:ViewManagerPropertyUpdater( 2472): Could not find generated setter for class com.facebook.react.views.toolbar.ReactToolbarManager
W/unknown:ViewManagerPropertyUpdater( 2472): Could not find generated setter for class com.facebook.react.views.view.ReactViewManager
W/unknown:ViewManagerPropertyUpdater( 2472): Could not find generated setter for class com.facebook.react.views.viewpager.ReactViewPagerManager
W/unknown:ViewManagerPropertyUpdater( 2472): Could not find generated setter for class com.facebook.react.views.text.ReactVirtualTextViewManager
W/unknown:ViewManagerPropertyUpdater( 2472): Could not find generated setter for class com.facebook.react.views.webview.ReactWebViewManager
W/unknown:ViewManagerPropertyUpdater( 2472): Could not find generated setter for class com.facebook.react.views.recyclerview.RecyclerViewBackedScrollViewManager
W/unknown:ViewManagerPropertyUpdater( 2472): Could not find generated setter for class com.facebook.react.views.swiperefresh.SwipeRefreshLayoutManager
W/unknown:ViewManagerPropertyUpdater( 2472): Could not find generated setter for class com.AirMaps.AirMapCalloutManager
W/unknown:ViewManagerPropertyUpdater( 2472): Could not find generated setter for class com.AirMaps.AirMapMarkerManager
D/libEGL  ( 2472): loaded /system/lib/egl/libGLESv1_CM_genymotion.so
D/libEGL  ( 2472): loaded /system/lib/egl/libGLESv2_genymotion.so
W/unknown:ViewManagerPropertyUpdater( 2472): Could not find generated setter for class com.AirMaps.AirMapPolylineManager
W/unknown:ViewManagerPropertyUpdater( 2472): Could not find generated setter for class com.AirMaps.AirMapPolygonManager
D/dalvikvm( 2472): GC_CONCURRENT freed 301K, 12% free 2789K/3140K, paused 3ms+0ms, total 5ms
W/unknown:ViewManagerPropertyUpdater( 2472): Could not find generated setter for class com.AirMaps.AirMapCircleManager
W/unknown:ViewManagerPropertyUpdater( 2472): Could not find generated setter for class com.AirMaps.AirMapManager
I/dalvikvm( 2472): Could not find method android.webkit.CookieManager.setCookie, referenced from method com.facebook.react.modules.network.ForwardingCookieHandler.addCookieAsync
W/dalvikvm( 2472): VFY: unable to resolve virtual method 16733: Landroid/webkit/CookieManager;.setCookie (Ljava/lang/String;Ljava/lang/String;Landroid/webkit/ValueCallback;)V
D/dalvikvm( 2472): VFY: replacing opcode 0x6e at 0x0005
I/dalvikvm( 2472): Could not find method android.webkit.CookieManager.removeAllCookies, referenced from method com.facebook.react.modules.network.ForwardingCookieHandler.clearCookiesAsync
W/dalvikvm( 2472): VFY: unable to resolve virtual method 16730: Landroid/webkit/CookieManager;.removeAllCookies (Landroid/webkit/ValueCallback;)V
D/dalvikvm( 2472): VFY: replacing opcode 0x6e at 0x0009
I/dalvikvm( 2472): Could not find method android.webkit.CookieManager.flush, referenced from method com.facebook.react.modules.network.ForwardingCookieHandler$CookieSaver.flush
W/dalvikvm( 2472): VFY: unable to resolve virtual method 16726: Landroid/webkit/CookieManager;.flush ()V
D/dalvikvm( 2472): VFY: replacing opcode 0x6e at 0x0006
W/EGL_genymotion( 2472): eglSurfaceAttrib not implemented
E/OpenGLRenderer( 2472): Getting MAX_TEXTURE_SIZE from GradienCache
E/OpenGLRenderer( 2472): Getting MAX_TEXTURE_SIZE from Caches::initConstraints()
D/OpenGLRenderer( 2472): Enabling debug mode 0
W/InputMethodManagerService(  242): Starting input on non-focused client com.android.internal.view.IInputMethodClient$Stub$Proxy@528b1b04 (uid=10023 pid=624)
D/dalvikvm( 2472): GC_CONCURRENT freed 231K, 9% free 2946K/3224K, paused 2ms+1ms, total 5ms
W/unknown:React( 2472): Unable to dispatch keyboard events in JS as the react instance has not been attached
D/dalvikvm( 2472): GC_FOR_ALLOC freed 175K, 13% free 3038K/3484K, paused 3ms, total 3ms
I/ActivityManager(  242): Displayed com.i_aaa_ui/.MainActivity: +238ms
W/ReactNativeJS( 2472): Warning: Native component for "RCTMap" does not exist
I/dalvikvm( 2472): Could not find method android.graphics.Bitmap.getAllocationByteCount, referenced from method com.facebook.imagepipeline.animated.util.AnimatedDrawableUtil.getSizeOfBitmap
W/dalvikvm( 2472): VFY: unable to resolve virtual method 705: Landroid/graphics/Bitmap;.getAllocationByteCount ()I
D/dalvikvm( 2472): VFY: replacing opcode 0x6e at 0x0006
I/dalvikvm( 2472): Could not find method android.widget.ImageView.<init>, referenced from method com.facebook.drawee.view.DraweeView.<init>
W/dalvikvm( 2472): VFY: unable to resolve direct method 16951: Landroid/widget/ImageView;.<init> (Landroid/content/Context;Landroid/util/AttributeSet;II)V
D/dalvikvm( 2472): VFY: replacing opcode 0x70 at 0x0000
I/dalvikvm( 2472): Could not find method com.facebook.drawee.view.DraweeView.getImageTintList, referenced from method com.facebook.drawee.view.DraweeView.init
W/dalvikvm( 2472): VFY: unable to resolve virtual method 19444: Lcom/facebook/drawee/view/DraweeView;.getImageTintList ()Landroid/content/res/ColorStateList;
D/dalvikvm( 2472): VFY: replacing opcode 0x6e at 0x0015
I/ReactNativeJS( 2472): Running application "i_aaa_ui" with appParams: {"initialProps":{},"rootTag":1}. __DEV__ === true, development-level warning are ON, performance optimizations are OFF
D/dalvikvm( 2472): GC_CONCURRENT freed 293K, 11% free 3129K/3516K, paused 1ms+0ms, total 3ms
I/dalvikvm( 2472): Could not find method android.widget.CompoundButton.drawableHotspotChanged, referenced from method android.support.v7.widget.SwitchCompat.drawableHotspotChanged
W/dalvikvm( 2472): VFY: unable to resolve virtual method 16810: Landroid/widget/CompoundButton;.drawableHotspotChanged (FF)V
D/dalvikvm( 2472): VFY: replacing opcode 0x6f at 0x0006
I/dalvikvm( 2472): Could not find method android.content.res.TypedArray.getChangingConfigurations, referenced from method android.support.v7.internal.widget.TintTypedArray.getChangingConfigurations
W/dalvikvm( 2472): VFY: unable to resolve virtual method 582: Landroid/content/res/TypedArray;.getChangingConfigurations ()I
D/dalvikvm( 2472): VFY: replacing opcode 0x6e at 0x0002
I/dalvikvm( 2472): Could not find method android.content.res.TypedArray.getType, referenced from method android.support.v7.internal.widget.TintTypedArray.getType
W/dalvikvm( 2472): VFY: unable to resolve virtual method 604: Landroid/content/res/TypedArray;.getType (I)I
D/dalvikvm( 2472): VFY: replacing opcode 0x6e at 0x0002
I/ReactNativeJS( 2472): I_AAA API is calling via http://bvm-u1-p.host.ualr.edu:8080/anyAccidentOverHere?lat=Please enter a value&lon=Please enter a value&speedOfVehicle=Please enter a value
W/dalvikvm( 2472): VFY: unable to find class referenced in signature (Landroid/graphics/Outline;)
I/dalvikvm( 2472): Could not find method android.graphics.drawable.Drawable.getOutline, referenced from method com.facebook.react.views.view.ReactViewBackgroundDrawable.getOutline
W/dalvikvm( 2472): VFY: unable to resolve virtual method 946: Landroid/graphics/drawable/Drawable;.getOutline (Landroid/graphics/Outline;)V
D/dalvikvm( 2472): VFY: replacing opcode 0x6f at 0x0006
I/dalvikvm( 2472): Could not find method android.graphics.Outline.setConvexPath, referenced from method com.facebook.react.views.view.ReactViewBackgroundDrawable.getOutline
W/dalvikvm( 2472): VFY: unable to resolve virtual method 806: Landroid/graphics/Outline;.setConvexPath (Landroid/graphics/Path;)V
D/dalvikvm( 2472): VFY: replacing opcode 0x6e at 0x0022
I/dalvikvm( 2472): Could not find method android.graphics.Outline.setRect, referenced from method com.facebook.react.views.view.ReactViewBackgroundDrawable.getOutline
W/dalvikvm( 2472): VFY: unable to resolve virtual method 807: Landroid/graphics/Outline;.setRect (Landroid/graphics/Rect;)V
D/dalvikvm( 2472): VFY: replacing opcode 0x6e at 0x002a
D/dalvikvm( 2472): GC_CONCURRENT freed 166K, 6% free 3441K/3656K, paused 2ms+1ms, total 4ms
I/qtaguid (  242): Failed write_ctrl(s 0 10023) res=-1 errno=1
W/NetworkManagementSocketTagger(  242): setKernelCountSet(10023, 0) failed with errno -1
D/dalvikvm( 2472): GC_FOR_ALLOC freed 17K, 7% free 3425K/3656K, paused 2ms, total 2ms
I/dalvikvm-heap( 2472): Grow heap (frag case) to 4.463MB for 1127532-byte allocation
D/dalvikvm( 2472): GC_FOR_ALLOC freed <1K, 5% free 4526K/4760K, paused 3ms, total 3ms
D/dalvikvm( 2472): GC_CONCURRENT freed 3K, 5% free 4534K/4760K, paused 0ms+0ms, total 2ms
D/dalvikvm( 2472): Trying to load lib /data/app-lib/com.i_aaa_ui-1/libmemchunk.so 0xa4debd28
D/dalvikvm( 2472): Added shared lib /data/app-lib/com.i_aaa_ui-1/libmemchunk.so 0xa4debd28
I/dalvikvm( 2472): Could not find method android.graphics.Bitmap.getAllocationByteCount, referenced from method com.facebook.imageutils.BitmapUtil.getSizeInBytes
W/dalvikvm( 2472): VFY: unable to resolve virtual method 705: Landroid/graphics/Bitmap;.getAllocationByteCount ()I
D/dalvikvm( 2472): VFY: replacing opcode 0x6e at 0x000a
D/MobileDataStateTracker(  242): default: setPolicyDataEnable(enabled=true)
D/dalvikvm( 2472): GC_CONCURRENT freed 238K, 6% free 4861K/5148K, paused 2ms+1ms, total 5ms
W/dalvikvm( 2472): VFY: unable to find class referenced in signature (Ljava/nio/file/Path;)
W/dalvikvm( 2472): VFY: unable to find class referenced in signature ([Ljava/nio/file/OpenOption;)
I/dalvikvm( 2472): Could not find method java.nio.file.Files.newOutputStream, referenced from method okio.Okio.sink
W/dalvikvm( 2472): VFY: unable to resolve static method 38494: Ljava/nio/file/Files;.newOutputStream (Ljava/nio/file/Path;[Ljava/nio/file/OpenOption;)Ljava/io/OutputStream;
D/dalvikvm( 2472): VFY: replacing opcode 0x71 at 0x000a
W/dalvikvm( 2472): VFY: unable to find class referenced in signature (Ljava/nio/file/Path;)
W/dalvikvm( 2472): VFY: unable to find class referenced in signature ([Ljava/nio/file/OpenOption;)
I/dalvikvm( 2472): Could not find method java.nio.file.Files.newInputStream, referenced from method okio.Okio.source
W/dalvikvm( 2472): VFY: unable to resolve static method 38493: Ljava/nio/file/Files;.newInputStream (Ljava/nio/file/Path;[Ljava/nio/file/OpenOption;)Ljava/io/InputStream;
D/dalvikvm( 2472): VFY: replacing opcode 0x71 at 0x000a
I/dalvikvm( 2472): Could not find method android.graphics.Bitmap.getAllocationByteCount, referenced from method com.facebook.imagepipeline.nativecode.Bitmaps.reconfigureBitmap
W/dalvikvm( 2472): VFY: unable to resolve virtual method 705: Landroid/graphics/Bitmap;.getAllocationByteCount ()I
D/dalvikvm( 2472): VFY: replacing opcode 0x6e at 0x0000
D/dalvikvm( 2472): Trying to load lib /data/app-lib/com.i_aaa_ui-1/libbitmaps.so 0xa4debd28
D/dalvikvm( 2472): Added shared lib /data/app-lib/com.i_aaa_ui-1/libbitmaps.so 0xa4debd28
I/ReactNativeJS( 2472): { timestamp: 1459975332876,
I/ReactNativeJS( 2472):   status: 400,
I/ReactNativeJS( 2472):   error: 'Bad Request',
I/ReactNativeJS( 2472):   exception: 'org.springframework.web.method.annotation.MethodArgumentTypeMismatchException',
I/ReactNativeJS( 2472):   message: 'Failed to convert value of type [java.lang.String] to required type [double]; nested exception is java.lang.NumberFormatException: For input string: "Pleaseenteravalue"',
I/ReactNativeJS( 2472):   path: '/anyAccidentOverHere' }
W/genymotion_audio(  401): out_write() limiting sleep time 24442 to 23219
D/        ( 2472): HostConnection::get() New Host Connection established 0xb8009000, tid 2490
D/MobileDataStateTracker(  242): default: setPolicyDataEnable(enabled=true)
W/genymotion_audio(  401): out_write() limiting sleep time 23805 to 23219
E/Genymotion(  242): Could not open '/sys/class/power_supply/genymotion_fake_path/present'
V/GLSActivity( 2147): AuthDelegateWrapperCreated with selected intent: Intent { cmp=com.google.android.gms/.auth.DefaultAuthDelegateService }
V/GLSActivity( 2147): AuthDelegateWrapperCreated with selected intent: Intent { cmp=com.google.android.gms/.auth.DefaultAuthDelegateService }
I/GLSUser ( 2147): [GLSUser] getTokenFromGoogle [account: <ELLIDED:1058195307>, callingPkg: com.google.android.gms, service: oauth2: email
I/GLSUser ( 2147): [GLSUser] getAuthtoken(<ELLIDED:1058195307>, oauth2: email) -> status: null)
D/dalvikvm( 2147): GC_CONCURRENT freed 382K, 32% free 3718K/5404K, paused 1ms+0ms, total 5ms
I/GLSUser ( 2147): [GLSUser] Extracting token using key: Auth
W/GLSUser ( 2147): [GLSUser] Permission for com.google.android.gms to access oauth2: email will be managed locally.
E/Genymotion(  242): Could not open '/sys/class/power_supply/genymotion_fake_path/present'
E/Genymotion(  242): Could not open '/sys/class/power_supply/genymotion_fake_path/present'
D/dalvikvm( 1565): GC_CONCURRENT freed 577K, 12% free 4830K/5456K, paused 1ms+1ms, total 8ms
E/Genymotion(  242): Could not open '/sys/class/power_supply/genymotion_fake_path/present'
E/Genymotion(  242): Could not open '/sys/class/power_supply/genymotion_fake_path/present'
E/Genymotion(  242): Could not open '/sys/class/power_supply/genymotion_fake_path/present'
E/Genymotion(  242): Could not open '/sys/class/power_supply/genymotion_fake_path/present'
D/dalvikvm( 1358): GC_CONCURRENT freed 390K, 13% free 3381K/3852K, paused 1ms+1ms, total 4ms
D/dalvikvm( 1358): GC_CONCURRENT freed 404K, 12% free 3401K/3856K, paused 1ms+1ms, total 4ms
D/dalvikvm( 1358): DexOpt: couldn't find static field Landroid/os/Build;.SUPPORTED_ABIS
W/dalvikvm( 1358): VFY: unable to resolve static field 120 (SUPPORTED_ABIS) in Landroid/os/Build;
D/dalvikvm( 1358): VFY: replacing opcode 0x62 at 0x000a
D/dalvikvm( 1358): DexOpt: couldn't find field Landroid/content/pm/ApplicationInfo;.splitSourceDirs
W/dalvikvm( 1358): VFY: unable to resolve instance field 36
D/dalvikvm( 1358): VFY: replacing opcode 0x54 at 0x005f
D/dalvikvm( 1358): DexOpt: couldn't find static field Landroid/os/Build;.SUPPORTED_ABIS
W/dalvikvm( 1358): VFY: unable to resolve static field 120 (SUPPORTED_ABIS) in Landroid/os/Build;
D/dalvikvm( 1358): VFY: replacing opcode 0x62 at 0x0047
D/dalvikvm( 1358): DexOpt: couldn't find field Landroid/content/pm/ApplicationInfo;.splitSourceDirs
I/dalvikvm( 1358): DexOpt: unable to optimize instance field ref 0x0024 at 0x63 in Lcom/google/android/gms/common/util/ba;.b
D/dalvikvm( 1358): Trying to load lib /data/app-lib/com.google.android.gms-1/libgmscore.so 0xa4eff668
D/dalvikvm( 1358): Added shared lib /data/app-lib/com.google.android.gms-1/libgmscore.so 0xa4eff668
D/dalvikvm( 1358): No JNI_OnLoad found in /data/app-lib/com.google.android.gms-1/libgmscore.so 0xa4eff668, skipping init
D/dalvikvm( 1358): Trying to load lib /data/app-lib/com.google.android.gms-1/libconscrypt_gmscore_jni.so 0xa4eff668
D/dalvikvm( 1358): Added shared lib /data/app-lib/com.google.android.gms-1/libconscrypt_gmscore_jni.so 0xa4eff668
V/JNIHelp ( 1358): Registering com/google/android/gms/org/conscrypt/NativeCrypto's 254 native methods...
D/dalvikvm( 1358): Trying to load lib /data/app-lib/com.google.android.gms-1/libgmscore.so 0xa4eff668
D/dalvikvm( 1358): Shared lib '/data/app-lib/com.google.android.gms-1/libgmscore.so' already loaded in same CL 0xa4eff668
D/dalvikvm( 1358): GC_CONCURRENT freed 312K, 10% free 3496K/3860K, paused 2ms+1ms, total 5ms
D/dalvikvm( 1358): Trying to load lib /data/app-lib/com.google.android.gms-1/libconscrypt_gmscore_jni.so 0xa4eff668
D/dalvikvm( 1358): Shared lib '/data/app-lib/com.google.android.gms-1/libconscrypt_gmscore_jni.so' already loaded in same CL 0xa4eff668
I/ProviderInstaller( 1358): Installed default security provider GmsCore_OpenSSL
E/Genymotion(  242): Could not open '/sys/class/power_supply/genymotion_fake_path/present'
E/Genymotion(  242): Could not open '/sys/class/power_supply/genymotion_fake_path/present'
E/Genymotion(  242): Could not open '/sys/class/power_supply/genymotion_fake_path/present'
D/dalvikvm( 2147): GC_CONCURRENT freed 456K, 31% free 3756K/5404K, paused 1ms+1ms, total 5ms
I/ChimeraConfigService( 1649): Scheduling checkin every 43200 seconds, with flex of 1800 seconds
I/ConfigService( 1565): onCreate
D/dalvikvm( 2147): GC_FOR_ALLOC freed 506K, 31% free 3761K/5404K, paused 10ms, total 10ms
D/dalvikvm( 2147): GC_CONCURRENT freed 170K, 31% free 3769K/5404K, paused 0ms+0ms, total 3ms
D/WearableService( 1565): callingUid 10053, callindPid: 1565
W/dalvikvm( 1565): VFY: unable to find class referenced in signature (Landroid/net/Network;)
E/dalvikvm( 1565): Could not find class 'android.telephony.SubscriptionManager', referenced from method com.google.android.gms.checkin.d.a
W/dalvikvm( 1565): VFY: unable to resolve check-cast 534 (Landroid/telephony/SubscriptionManager;) in Lcom/google/android/gms/checkin/d;
D/dalvikvm( 1565): VFY: replacing opcode 0x1f at 0x00f6
W/dalvikvm( 1565): VFY: unable to find class referenced in signature (Landroid/telephony/SubscriptionManager;)
I/dalvikvm( 1565): Could not find method android.telephony.SubscriptionManager.getActiveSubscriptionInfoList, referenced from method com.google.android.gms.checkin.d.a
W/dalvikvm( 1565): VFY: unable to resolve virtual method 2668: Landroid/telephony/SubscriptionManager;.getActiveSubscriptionInfoList ()Ljava/util/List;
D/dalvikvm( 1565): VFY: replacing opcode 0x6e at 0x0004
D/dalvikvm( 1565): DexOpt: couldn't find static field Landroid/os/Build;.SUPPORTED_ABIS
W/dalvikvm( 1565): VFY: unable to resolve static field 211 (SUPPORTED_ABIS) in Landroid/os/Build;
D/dalvikvm( 1565): VFY: replacing opcode 0x62 at 0x0008
I/dalvikvm( 1565): Could not find method android.app.ActivityManager.isLowRamDevice, referenced from method com.google.android.gms.checkin.d.f
W/dalvikvm( 1565): VFY: unable to resolve virtual method 89: Landroid/app/ActivityManager;.isLowRamDevice ()Z
D/dalvikvm( 1565): VFY: replacing opcode 0x6e at 0x018e
D/dalvikvm( 1565): DexOpt: couldn't find static field Landroid/os/Build;.SUPPORTED_ABIS
I/dalvikvm( 1565): DexOpt: unable to optimize static field ref 0x00d3 at 0x0c in Lcom/google/android/gms/checkin/d;.a
I/CheckinRequestBuilder( 1565): Classify the device as Phone.
E/dalvikvm( 1565): Could not find class 'android.telephony.SubscriptionManager', referenced from method com.google.android.gms.checkin.CheckinService.d
W/dalvikvm( 1565): VFY: unable to resolve check-cast 534 (Landroid/telephony/SubscriptionManager;) in Lcom/google/android/gms/checkin/CheckinService;
D/dalvikvm( 1565): VFY: replacing opcode 0x1f at 0x000e
I/qtaguid ( 1565): Failed write_ctrl(u 80) res=-1 errno=22
I/qtaguid ( 1565): Untagging socket 80 failed errno=-22
W/NetworkManagementSocketTagger( 1565): untagSocket(80) failed with errno -22
D/ChimeraConfigService( 1649): Fetched value, gms:chimera:module_overlay = 0|
D/ZappDownloader( 1649): Read 0 stored downloads
D/dalvikvm( 2147): GC_FOR_ALLOC freed 514K, 31% free 3766K/5404K, paused 7ms, total 7ms
D/dalvikvm( 2147): GC_CONCURRENT freed 59K, 31% free 3757K/5404K, paused 1ms+0ms, total 4ms
D/dalvikvm(  242): GC_CONCURRENT freed 1685K, 46% free 10275K/18896K, paused 0ms+6ms, total 18ms
V/GLSActivity( 2147): AuthDelegateWrapperCreated with selected intent: Intent { cmp=com.google.android.gms/.auth.DefaultAuthDelegateService }
V/GLSActivity( 2147): AuthDelegateWrapperCreated with selected intent: Intent { cmp=com.google.android.gms/.auth.DefaultAuthDelegateService }
I/GLSUser ( 2147): [GLSUser] getTokenFromGoogle [account: <ELLIDED:1058195307>, callingPkg: com.google.android.gms, service: oauth2:https://www.googleapis.com/auth/ads_measurement
D/dalvikvm( 2147): GC_CONCURRENT freed 425K, 32% free 3725K/5404K, paused 2ms+0ms, total 5ms
I/ActivityManager(  242): Start proc com.google.android.gms.unstable for service com.google.android.gms/.droidguard.DroidGuardService: pid=2523 uid=10053 gids={50053, 3003, 1007, 1028, 1015, 1006, 2001, 3006, 3002, 3001}
W/dalvikvm( 2523): VFY: unable to resolve static field 560 (PR_SET_DUMPABLE) in Landroid/system/OsConstants;
D/dalvikvm( 2523): VFY: replacing opcode 0x60 at 0x000b
I/dalvikvm( 2523): Could not find method com.google.android.gms.common.app.GmsApplication.getSystemService, referenced from method com.google.android.gms.common.app.GmsApplication.onCreate
W/dalvikvm( 2523): VFY: unable to resolve virtual method 12441: Lcom/google/android/gms/common/app/GmsApplication;.getSystemService (Ljava/lang/Class;)Ljava/lang/Object;
D/dalvikvm( 2523): VFY: replacing opcode 0x6e at 0x00cd
I/MultiDex( 2523): VM with version 1.6.0 does not have multidex support
I/MultiDex( 2523): install
I/MultiDex( 2523): MultiDexExtractor.load(/data/app/com.google.android.gms-1.apk, false)
I/MultiDex( 2523): loading existing secondary dex files
I/MultiDex( 2523): load found 3 secondary dex files
I/MultiDex( 2523): install done
D/dalvikvm( 2523): DexOpt: couldn't find static field Landroid/os/Build;.SUPPORTED_ABIS
W/dalvikvm( 2523): VFY: unable to resolve static field 120 (SUPPORTED_ABIS) in Landroid/os/Build;
D/dalvikvm( 2523): VFY: replacing opcode 0x62 at 0x000a
D/dalvikvm( 2523): DexOpt: couldn't find field Landroid/content/pm/ApplicationInfo;.splitSourceDirs
W/dalvikvm( 2523): VFY: unable to resolve instance field 36
D/dalvikvm( 2523): VFY: replacing opcode 0x54 at 0x005f
D/dalvikvm( 2523): DexOpt: couldn't find static field Landroid/os/Build;.SUPPORTED_ABIS
W/dalvikvm( 2523): VFY: unable to resolve static field 120 (SUPPORTED_ABIS) in Landroid/os/Build;
D/dalvikvm( 2523): VFY: replacing opcode 0x62 at 0x0047
D/dalvikvm( 2523): DexOpt: couldn't find field Landroid/content/pm/ApplicationInfo;.splitSourceDirs
I/dalvikvm( 2523): DexOpt: unable to optimize instance field ref 0x0024 at 0x63 in Lcom/google/android/gms/common/util/ba;.b
D/dalvikvm( 2523): Trying to load lib /data/app-lib/com.google.android.gms-1/libgmscore.so 0xa4deccf8
D/dalvikvm( 2523): Added shared lib /data/app-lib/com.google.android.gms-1/libgmscore.so 0xa4deccf8
D/dalvikvm( 2523): No JNI_OnLoad found in /data/app-lib/com.google.android.gms-1/libgmscore.so 0xa4deccf8, skipping init
D/dalvikvm( 2523): Trying to load lib /data/app-lib/com.google.android.gms-1/libconscrypt_gmscore_jni.so 0xa4deccf8
D/dalvikvm( 2523): Added shared lib /data/app-lib/com.google.android.gms-1/libconscrypt_gmscore_jni.so 0xa4deccf8
V/JNIHelp ( 2523): Registering com/google/android/gms/org/conscrypt/NativeCrypto's 254 native methods...
D/dalvikvm( 2523): GC_CONCURRENT freed 291K, 12% free 2563K/2904K, paused 2ms+0ms, total 4ms
D/dalvikvm( 2523): Trying to load lib /data/app-lib/com.google.android.gms-1/libgmscore.so 0xa4deccf8
D/dalvikvm( 2523): Shared lib '/data/app-lib/com.google.android.gms-1/libgmscore.so' already loaded in same CL 0xa4deccf8
D/dalvikvm( 2523): Trying to load lib /data/app-lib/com.google.android.gms-1/libconscrypt_gmscore_jni.so 0xa4deccf8
D/dalvikvm( 2523): Shared lib '/data/app-lib/com.google.android.gms-1/libconscrypt_gmscore_jni.so' already loaded in same CL 0xa4deccf8
I/ProviderInstaller( 2523): Installed default security provider GmsCore_OpenSSL
D/dalvikvm( 1565): GC_CONCURRENT freed 685K, 14% free 4811K/5544K, paused 0ms+1ms, total 4ms
E/MDM     ( 1565): [238] b.run: Couldn't connect to Google API client: ConnectionResult{statusCode=API_UNAVAILABLE, resolution=null, message=null}
E/DataBuffer( 1565): Internal data leak within a DataBuffer object detected!  Be sure to explicitly call release() on all DataBuffer extending objects when you are done with them. (internal object: com.google.android.gms.common.data.DataHolder@52868960)
D/AuthorizationBluetoothService( 2147): Received GmsCore event: Intent { act=com.google.android.gms.INITIALIZE flg=0x10 pkg=com.google.android.gms cmp=com.google.android.gms/.auth.be.proximity.authorization.bt.AuthorizationBluetoothService$AutoStarter }.
E/AuthorizationBluetoothService( 2147): Proximity feature is not enabled.
D/dalvikvm( 2523): GC_CONCURRENT freed 241K, 10% free 2710K/3000K, paused 2ms+0ms, total 5ms
I/dalvikvm( 2523): Could not find method android.app.Notification$Builder.setLocalOnly, referenced from method com.google.android.gms.common.os.b
D/LocationInitializer( 1649): Restart initialization of location
W/dalvikvm( 2523): VFY: unable to resolve virtual method 142: Landroid/app/Notification$Builder;.setLocalOnly (Z)Landroid/app/Notification$Builder;
D/dalvikvm( 2523): VFY: replacing opcode 0x6e at 0x00ce
I/dalvikvm( 2523): Could not find method android.app.AppOpsManager.checkPackage, referenced from method com.google.android.gms.common.ou.a
W/dalvikvm( 2523): VFY: unable to resolve virtual method 86: Landroid/app/AppOpsManager;.checkPackage (ILjava/lang/String;)V
D/dalvikvm( 2523): VFY: replacing opcode 0x6e at 0x0012
I/dalvikvm( 2523): Could not find method android.content.pm.PackageManager.getPackageInstaller, referenced from method com.google.android.gms.common.ou.a
W/dalvikvm( 2523): VFY: unable to resolve virtual method 430: Landroid/content/pm/PackageManager;.getPackageInstaller ()Landroid/content/pm/PackageInstaller;
D/dalvikvm( 2523): VFY: replacing opcode 0x6e at 0x000d
V/GLSActivity( 2147): AuthDelegateWrapperCreated with selected intent: Intent { cmp=com.google.android.gms/.auth.DefaultAuthDelegateService }
I/dalvikvm( 2523): Failed resolving Lcom/google/android/gms/common/j/c; interface 117 'Landroid/content/pm/PackageManager$OnPermissionsChangedListener;'
W/dalvikvm( 2523): Link of class 'Lcom/google/android/gms/common/j/c;' failed
D/dalvikvm( 2523): GC_CONCURRENT freed 123K, 6% free 2972K/3144K, paused 1ms+1ms, total 3ms
E/dalvikvm( 2523): Could not find class 'com.google.android.gms.common.j.c', referenced from method com.google.android.gms.common.j.b.a
W/dalvikvm( 2523): VFY: unable to resolve new-instance 2862 (Lcom/google/android/gms/common/j/c;) in Lcom/google/android/gms/common/j/b;
D/dalvikvm( 2523): VFY: replacing opcode 0x22 at 0x0000
I/dalvikvm( 2523): Could not find method android.content.Context.checkSelfPermission, referenced from method com.google.android.gms.common.j.b.b
W/dalvikvm( 2523): VFY: unable to resolve virtual method 276: Landroid/content/Context;.checkSelfPermission (Ljava/lang/String;)I
D/dalvikvm( 2523): VFY: replacing opcode 0x6e at 0x0036
I/dalvikvm( 2523): Failed resolving Lcom/google/android/gms/common/j/c; interface 117 'Landroid/content/pm/PackageManager$OnPermissionsChangedListener;'
W/dalvikvm( 2523): Link of class 'Lcom/google/android/gms/common/j/c;' failed
D/dalvikvm( 2523): DexOpt: unable to opt direct call 0x363b at 0x02 in Lcom/google/android/gms/common/j/b;.a
D/dalvikvm( 2523): GC_CONCURRENT freed 247K, 9% free 3111K/3408K, paused 2ms+0ms, total 3ms
E/Genymotion(  242): Could not open '/sys/class/power_supply/genymotion_fake_path/present'
D/dalvikvm( 2523): GC_CONCURRENT freed 118K, 5% free 3380K/3552K, paused 1ms+0ms, total 4ms
I/dalvikvm( 2523): Failed resolving Lcom/google/android/gms/common/util/g; interface 33 'Landroid/app/AppOpsManager$OnOpChangedListener;'
W/dalvikvm( 2523): Link of class 'Lcom/google/android/gms/common/util/g;' failed
W/dalvikvm( 2523): Unable to resolve superclass of Lcom/google/android/gms/common/util/h; (2717)
W/dalvikvm( 2523): Link of class 'Lcom/google/android/gms/common/util/h;' failed
E/dalvikvm( 2523): Could not find class 'com.google.android.gms.common.util.h', referenced from method com.google.android.gms.common.util.e.a
W/dalvikvm( 2523): VFY: unable to resolve new-instance 2718 (Lcom/google/android/gms/common/util/h;) in Lcom/google/android/gms/common/util/e;
D/dalvikvm( 2523): VFY: replacing opcode 0x22 at 0x0008
I/dalvikvm( 2523): Failed resolving Lcom/google/android/gms/common/util/g; interface 33 'Landroid/app/AppOpsManager$OnOpChangedListener;'
W/dalvikvm( 2523): Link of class 'Lcom/google/android/gms/common/util/g;' failed
E/dalvikvm( 2523): Could not find class 'com.google.android.gms.common.util.g', referenced from method com.google.android.gms.common.util.e.a
W/dalvikvm( 2523): VFY: unable to resolve new-instance 2717 (Lcom/google/android/gms/common/util/g;) in Lcom/google/android/gms/common/util/e;
D/dalvikvm( 2523): VFY: replacing opcode 0x22 at 0x0026
I/dalvikvm( 2523): Failed resolving Lcom/google/android/gms/common/util/g; interface 33 'Landroid/app/AppOpsManager$OnOpChangedListener;'
W/dalvikvm( 2523): Link of class 'Lcom/google/android/gms/common/util/g;' failed
W/dalvikvm( 2523): Unable to resolve superclass of Lcom/google/android/gms/common/util/h; (2717)
W/dalvikvm( 2523): Link of class 'Lcom/google/android/gms/common/util/h;' failed
D/dalvikvm( 2523): DexOpt: unable to opt direct call 0x2e32 at 0x0a in Lcom/google/android/gms/common/util/e;.a
I/dalvikvm( 2523): Failed resolving Lcom/google/android/gms/common/util/g; interface 33 'Landroid/app/AppOpsManager$OnOpChangedListener;'
W/dalvikvm( 2523): Link of class 'Lcom/google/android/gms/common/util/g;' failed
D/dalvikvm( 2523): DexOpt: unable to opt direct call 0x2e2a at 0x28 in Lcom/google/android/gms/common/util/e;.a
D/dalvikvm( 2523): GC_CONCURRENT freed 242K, 8% free 3524K/3820K, paused 2ms+1ms, total 7ms
D/dalvikvm( 2523): GC_FOR_ALLOC freed 143K, 5% free 3889K/4084K, paused 2ms, total 2ms
I/dalvikvm( 2523): Could not find method android.os.PowerManager.isInteractive, referenced from method com.google.android.gms.common.util.aa.a
W/dalvikvm( 2523): VFY: unable to resolve virtual method 1224: Landroid/os/PowerManager;.isInteractive ()Z
D/dalvikvm( 2523): VFY: replacing opcode 0x6e at 0x003d
W/dalvikvm( 2523): VFY: unable to find class referenced in signature (Landroid/net/Network;)
W/dalvikvm( 2523): VFY: unable to find class referenced in signature (Landroid/net/Network;)
I/dalvikvm( 2523): Could not find method java.net.HttpURLConnection.setFixedLengthStreamingMode, referenced from method com.google.android.gms.http.GoogleHttpClient.a
W/dalvikvm( 2523): VFY: unable to resolve virtual method 25812: Ljava/net/HttpURLConnection;.setFixedLengthStreamingMode (J)V
D/dalvikvm( 2523): VFY: replacing opcode 0x6e at 0x006a
W/dalvikvm( 2523): VFY: unable to find class referenced in signature (Landroid/net/Network;)
I/dalvikvm( 2523): Could not find method android.net.Network.openConnection, referenced from method com.google.android.gms.http.g.a
W/dalvikvm( 2523): VFY: unable to resolve virtual method 1020: Landroid/net/Network;.openConnection (Ljava/net/URL;)Ljava/net/URLConnection;
D/dalvikvm( 2523): VFY: replacing opcode 0x6e at 0x00bb
I/GoogleURLConnFactory( 2523): Using platform SSLCertificateSocketFactory
D/dalvikvm( 2523): GC_CONCURRENT freed 197K, 6% free 4078K/4332K, paused 1ms+1ms, total 5ms
D/dalvikvm( 2523): GC_CONCURRENT freed 220K, 7% free 4270K/4544K, paused 1ms+1ms, total 4ms
D/NativeLibraryUtils( 2523): Install completed successfully. count=14 extracted=0
D/dalvikvm( 2147): GC_CONCURRENT freed 352K, 31% free 3757K/5404K, paused 8ms+0ms, total 20ms
I/GLSUser ( 2147): [GLSUser] getAuthtoken(<ELLIDED:1058195307>, oauth2:https://www.googleapis.com/auth/ads_measurement) -> status: null)
I/GLSUser ( 2147): [GLSUser] Extracting token using key: Auth
W/GLSUser ( 2147): [GLSUser] Permission for com.google.android.gms to access oauth2:https://www.googleapis.com/auth/ads_measurement will be managed locally.
D/dalvikvm( 1649): DexOpt: --- BEGIN 'ads-2093322283.jar' (bootstrap=0) ---
D/dalvikvm( 2549): DexOpt: load 0ms, verify+opt 1ms, 182980 bytes
D/dalvikvm( 1649): DexOpt: --- END 'ads-2093322283.jar' (success) ---
D/dalvikvm( 1649): DEX prep '/data/data/com.google.android.gms/cache/ads-2093322283.jar': unzip in 0ms, rewrite 11ms
D/dalvikvm( 2523): GC_FOR_ALLOC freed 358K, 9% free 4363K/4768K, paused 6ms, total 6ms
I/qtaguid ( 2523): Failed write_ctrl(u 46) res=-1 errno=22
I/qtaguid ( 2523): Untagging socket 46 failed errno=-22
W/NetworkManagementSocketTagger( 2523): untagSocket(46) failed with errno -22
D/dalvikvm( 2523): GC_FOR_ALLOC freed 1409K, 36% free 3163K/4936K, paused 2ms, total 4ms
D/dalvikvm( 2523): GC_FOR_ALLOC freed 171K, 37% free 3117K/4936K, paused 1ms, total 2ms
D/dalvikvm( 2523): GC_FOR_ALLOC freed 132K, 35% free 3242K/4936K, paused 2ms, total 2ms
D/dalvikvm( 2523): GC_FOR_ALLOC freed 277K, 37% free 3123K/4936K, paused 1ms, total 1ms
D/dalvikvm( 2523): DexOpt: --- BEGIN 'the.apk' (bootstrap=0) ---
D/dalvikvm( 2523): GC_CONCURRENT freed 478K, 39% free 3035K/4936K, paused 0ms+1ms, total 3ms
D/dalvikvm( 2552): DexOpt: load 0ms, verify+opt 0ms, 103692 bytes
D/dalvikvm( 2523): DexOpt: --- END 'the.apk' (success) ---
D/dalvikvm( 2523): DEX prep '/data/data/com.google.android.gms/app_dg_cache/1ECCFAD8FE3E82868E462822C28F715BF1817226/the.apk': unzip in 0ms, rewrite 16ms
D/dalvikvm( 2523): GC_CONCURRENT freed 147K, 34% free 3271K/4936K, paused 3ms+1ms, total 5ms
D/dalvikvm( 2523): GC_CONCURRENT freed 124K, 28% free 3586K/4936K, paused 5ms+0ms, total 8ms
D/dalvikvm( 2523): GC_CONCURRENT freed 127K, 21% free 3908K/4936K, paused 1ms+0ms, total 3ms
D/dalvikvm( 2523): GC_CONCURRENT freed 105K, 16% free 4187K/4936K, paused 10ms+0ms, total 12ms
D/dalvikvm( 2523): Trying to load lib /data/data/com.google.android.gms/app_dg_cache/1ECCFAD8FE3E82868E462822C28F715BF1817226/lib/libd4DA53E9433AD.so 0xa4e87648
D/dalvikvm( 2523): Added shared lib /data/data/com.google.android.gms/app_dg_cache/1ECCFAD8FE3E82868E462822C28F715BF1817226/lib/libd4DA53E9433AD.so 0xa4e87648
D/dalvikvm( 2523): No JNI_OnLoad found in /data/data/com.google.android.gms/app_dg_cache/1ECCFAD8FE3E82868E462822C28F715BF1817226/lib/libd4DA53E9433AD.so 0xa4e87648, skipping init
D/dalvikvm( 2523): GC_CONCURRENT freed 333K, 12% free 4354K/4936K, paused 1ms+0ms, total 8ms
D/dalvikvm( 2523): DexOpt: --- BEGIN 'f.apk' (bootstrap=0) ---
D/dalvikvm( 2553): DexOpt: load 0ms, verify+opt 0ms, 120020 bytes
D/dalvikvm( 2523): DexOpt: --- END 'f.apk' (success) ---
D/dalvikvm( 2523): DEX prep '/data/data/com.google.android.gms/app_fb/f.apk': unzip in 0ms, rewrite 16ms
D/libEGL  ( 2523): loaded /system/lib/egl/libEGL_genymotion.so
D/        ( 2523): HostConnection::get() New Host Connection established 0xb7fdb658, tid 2534
D/libEGL  ( 2523): loaded /system/lib/egl/libGLESv1_CM_genymotion.so
D/libEGL  ( 2523): loaded /system/lib/egl/libGLESv2_genymotion.so
D/dalvikvm( 1649): GC_CONCURRENT freed 817K, 15% free 5317K/6196K, paused 1ms+0ms, total 7ms
E/DataBuffer( 1649): Internal data leak within a DataBuffer object detected!  Be sure to explicitly call release() on all DataBuffer extending objects when you are done with them. (internal object: com.google.android.gms.common.data.DataHolder@5272e240)
W/Settings( 2523): Setting install_non_market_apps has moved from android.provider.Settings.Secure to android.provider.Settings.Global.
E/Drm     (  401): Failed to open plugin directory /vendor/lib/mediadrm
I/qtaguid ( 1649): Failed write_ctrl(u 49) res=-1 errno=22
I/qtaguid ( 1649): Untagging socket 49 failed errno=-22
W/NetworkManagementSocketTagger( 1649): untagSocket(49) failed with errno -22
D/dalvikvm( 2147): GC_CONCURRENT freed 359K, 30% free 3782K/5404K, paused 6ms+0ms, total 9ms
D/dalvikvm( 2147): GC_CONCURRENT freed 384K, 31% free 3782K/5404K, paused 1ms+0ms, total 4ms
D/dalvikvm( 2523): GC_CONCURRENT freed 541K, 13% free 4352K/4948K, paused 0ms+0ms, total 4ms
I/GLSUser ( 2147): [GLSUser] getTokenFromGoogle [account: <ELLIDED:1058195307>, callingPkg: com.google.android.gms, service: ac2dm
F/libc    ( 2147): Fatal signal 11 (SIGSEGV) at 0x00000000 (code=128), thread 2522 (Thread-195)
I/DEBUG   (  124): *** *** *** *** *** *** *** *** *** *** *** *** *** *** *** ***
