D/dalvikvm( 1623): GC_CONCURRENT freed 391K, 29% free 3936K/5536K, paused 2ms+0ms, total 5ms
D/dalvikvm( 1649): GC_CONCURRENT freed 721K, 15% free 4978K/5800K, paused 2ms+1ms, total 11ms
D/dalvikvm( 1623): GC_CONCURRENT freed 488K, 29% free 3959K/5536K, paused 18ms+1ms, total 23ms
D/dalvikvm( 1623): WAIT_FOR_CONCURRENT_GC blocked 3ms
D/dalvikvm( 1623): WAIT_FOR_CONCURRENT_GC blocked 4ms
D/dalvikvm( 1623): WAIT_FOR_CONCURRENT_GC blocked 4ms
D/dalvikvm( 1623): GC_CONCURRENT freed 442K, 28% free 4028K/5536K, paused 2ms+11ms, total 15ms
D/Sync    ( 1623): stopping since the sync was cancelled
D/SyncManager(  242): handleSyncHandlerMessage: dropping since the sync is no longer active: startTime 58966, mTimeoutStartTime 58966, mHistoryRowId 12, syncOperation rssjackal@gmail.com u0 (com.google), subscribedfeeds, SERVER, earliestRunTime 58965, reason: 10053
W/GeofencerStateMachine( 1565): Ignoring removeGeofence because network location is disabled.
I/Icing   ( 1649): Internal init done: storage state 0
D/dalvikvm(  242): GC_CONCURRENT freed 1176K, 58% free 7629K/17804K, paused 1ms+1ms, total 20ms
E/ctxmgr  ( 1565): [FenceManager]Could not remove all geofences. status=Status{statusCode=unknown status code: 1000, resolution=null}
D/GCM     ( 1623): GcmService start Intent { act=com.google.android.checkin.CHECKIN_COMPLETE flg=0x10 cmp=com.google.android.gms/.gcm.GcmService } com.google.android.checkin.CHECKIN_COMPLETE
D/dalvikvm( 1649): GC_CONCURRENT freed 808K, 15% free 5010K/5864K, paused 8ms+0ms, total 23ms
D/dalvikvm( 1649): WAIT_FOR_CONCURRENT_GC blocked 7ms
D/dalvikvm( 1649): WAIT_FOR_CONCURRENT_GC blocked 8ms
D/dalvikvm( 1649): WAIT_FOR_CONCURRENT_GC blocked 7ms
D/dalvikvm( 1649): WAIT_FOR_CONCURRENT_GC blocked 8ms
D/dalvikvm( 1649): WAIT_FOR_CONCURRENT_GC blocked 6ms
D/GCM     ( 1623): GcmService start Intent { act=com.google.android.checkin.CHECKIN_COMPLETE flg=0x10 cmp=com.google.android.gms/.gcm.GcmService } com.google.android.checkin.CHECKIN_COMPLETE
D/dalvikvm( 1649): WAIT_FOR_CONCURRENT_GC blocked 34ms
D/dalvikvm( 1623): GC_FOR_ALLOC freed 591K, 29% free 3959K/5536K, paused 10ms, total 10ms
I/GLSUser ( 1623): [GLSUser] getTokenFromGoogle [account: <ELLIDED:1058195307>, callingPkg: com.google.android.gms, service: oauth2:https://www.googleapis.com/auth/gcm
D/dalvikvm( 1623): GC_CONCURRENT freed 324K, 29% free 3978K/5536K, paused 2ms+20ms, total 27ms
D/dalvikvm(  856): GC_CONCURRENT freed 339K, 12% free 2969K/3356K, paused 0ms+0ms, total 2ms
I/PeopleSync( 1649): ***Sync finished***, duration: 1228 [e6338b87]
D/dalvikvm( 1649): GC_CONCURRENT freed 693K, 15% free 5041K/5864K, paused 2ms+0ms, total 6ms
I/qtaguid ( 1649): Failed write_ctrl(u 109) res=-1 errno=22
D/AndroidRuntime( 2111): 
D/AndroidRuntime( 2111): >>>>>> AndroidRuntime START com.android.internal.os.RuntimeInit <<<<<<
D/AndroidRuntime( 2111): CheckJNI is OFF
I/qtaguid ( 1649): Untagging socket 109 failed errno=-22
W/NetworkManagementSocketTagger( 1649): untagSocket(109) failed with errno -22
D/dalvikvm( 2111): Trying to load lib libjavacore.so 0x0
D/dalvikvm( 2111): Added shared lib libjavacore.so 0x0
D/dalvikvm( 2111): Trying to load lib libnativehelper.so 0x0
D/dalvikvm( 2111): Added shared lib libnativehelper.so 0x0
I/Icing   ( 1649): Rebuilding index.
D/dalvikvm( 1565): GC_CONCURRENT freed 424K, 12% free 4378K/4964K, paused 1ms+1ms, total 4ms
D/dalvikvm( 1623): GC_FOR_ALLOC freed 539K, 29% free 3950K/5536K, paused 140ms, total 140ms
I/MDM     ( 1649): [261] SitrepService.onHandleIntent: Sitrep successful
I/DownloadManager(  856): Download 839 starting
D/AndroidRuntime( 2111): Calling main entry com.android.commands.pm.Pm
I/qtaguid ( 1649): Failed write_ctrl(u 59) res=-1 errno=22
I/qtaguid ( 1649): Untagging socket 59 failed errno=-22
W/NetworkManagementSocketTagger( 1649): untagSocket(59) failed with errno -22
W/ActivityManager(  242): No content provider found for permission revoke: file:///data/local/tmp/app-debug.apk
D/dalvikvm( 1623): GC_CONCURRENT freed 167K, 29% free 3951K/5536K, paused 5ms+35ms, total 56ms
F/libc    ( 1623): Fatal signal 11 (SIGSEGV) at 0x00000000 (code=128), thread 1638 (Binder_2)
I/GLSUser ( 1623): [GLSUser] getAuthtoken(<ELLIDED:1058195307>, oauth2:https://www.googleapis.com/auth/userinfo.profile) -> status: null)
I/GLSUser ( 1623): [GLSUser] Extracting token using key: Auth
W/GLSUser ( 1623): [GLSUser] Permission for com.google.android.gms to access oauth2:https://www.googleapis.com/auth/userinfo.profile will be managed locally.
W/ctxmgr  ( 1565): [AclManager]checkPermissionTypeStatus: no inject permission for { uid=10053, packageName=com.google.android.gms }. Returned permission was: PACKAGE_NOT_WHITELISTED for context name=POWER_CONNECTION, account=account#-517948760#
I/DownloadManager(  856): Download 840 starting
E/ctxmgr  ( 1565): [PowerConnectionProducer]Could not write powerInfo=Plug state: 3 BatteryLevel: 1.0, status=Status{statusCode=unknown status code: 7503, resolution=null}
I/AuthZen ( 1649): Enrollment phase1 complete.
D/AuthZen ( 1649): Adding new credential
D/AuthZen ( 1649): Encryption key data:  Account: rssjackal@gmail.comCreation Time: 1459975277042Expiration Time: 1459975397042
I/AuthZen ( 1649): Successfully generated encryption key.
D/BluetoothManagerService(  242): Message: 20
D/BluetoothManagerService(  242): Added callback: android.bluetooth.IBluetoothManagerCallback$Stub$Proxy@52b1e1c0:true
V/AuthZen ( 1649): Received broadcast action: com.google.android.gms.gcm.REGISTERED
I/GCoreUlr( 1565): GCM registration ID changed
D/dalvikvm( 1623): GC_CONCURRENT freed 434K, 30% free 3901K/5536K, paused 0ms+0ms, total 2ms
D/dalvikvm( 1623): GC_FOR_ALLOC freed 453K, 29% free 3956K/5536K, paused 3ms, total 3ms
D/dalvikvm( 1623): GC_CONCURRENT freed 32K, 29% free 3950K/5536K, paused 0ms+0ms, total 2ms
D/dalvikvm( 1649): GC_CONCURRENT freed 729K, 14% free 5062K/5864K, paused 1ms+1ms, total 32ms
I/MDM     ( 1649): [301] SitrepService.onHandleIntent: sending sitrep: [7, 0, [Yjncn7g85ynJ2N8n1EFFdz3CAA0], null]
W/BaseAppContext( 1649): Using Auth Proxy for data requests.
I/DownloadManager(  856): Download 841 starting
I/DEBUG   (  124): *** *** *** *** *** *** *** *** *** *** *** *** *** *** *** ***
I/DEBUG   (  124): Build fingerprint: 'generic/vbox86p/vbox86p:4.3/JLS36G/eng.buildbot.20151117.142614:userdebug/test-keys'
I/DEBUG   (  124): Revision: '0'
I/DEBUG   (  124): pid: 1623, tid: 1638, name: Binder_2  >>> com.google.process.gapps <<<
I/DEBUG   (  124): signal 11 (SIGSEGV), code 128 (SI_KERNEL), fault addr 00000000
D/dalvikvm(  856): GC_CONCURRENT freed 356K, 12% free 3031K/3436K, paused 4ms+1ms, total 6ms
I/Icing   ( 1649): Post-init done
I/Icing   ( 1649): Indexing FC4E3D8D5858D0A611DCD71AE7C415291E16F08D from com.google.android.gms
I/Icing   ( 1649): Indexing done FC4E3D8D5858D0A611DCD71AE7C415291E16F08D
I/Icing   ( 1649): Indexing C15C0807CD936FF984BF55A9AB5904E611234E54 from com.google.android.gms
D/dalvikvm(  856): GC_CONCURRENT freed 489K, 16% free 2967K/3504K, paused 5ms+1ms, total 7ms
I/qtaguid (  856): Failed write_ctrl(u 65) res=-1 errno=22
I/qtaguid (  856): Untagging socket 65 failed errno=-22
W/NetworkManagementSocketTagger(  856): untagSocket(65) failed with errno -22
D/dalvikvm(  242): GC_CONCURRENT freed 1033K, 57% free 7768K/17804K, paused 0ms+1ms, total 17ms
D/dalvikvm( 1649): GC_CONCURRENT freed 688K, 13% free 5115K/5864K, paused 2ms+1ms, total 8ms
I/qtaguid (  856): Failed write_ctrl(u 69) res=-1 errno=22
I/qtaguid (  856): Failed write_ctrl(u 70) res=-1 errno=22
I/qtaguid (  856): Untagging socket 70 failed errno=-22
W/NetworkManagementSocketTagger(  856): untagSocket(70) failed with errno -22
I/qtaguid (  856): Untagging socket 69 failed errno=-22
W/NetworkManagementSocketTagger(  856): untagSocket(69) failed with errno -22
D/dalvikvm( 1649): GC_CONCURRENT freed 673K, 13% free 5201K/5940K, paused 2ms+1ms, total 7ms
D/dalvikvm(  856): GC_CONCURRENT freed 324K, 14% free 3031K/3504K, paused 0ms+0ms, total 2ms
D/dalvikvm( 1649): GC_CONCURRENT freed 787K, 15% free 5199K/6052K, paused 1ms+1ms, total 5ms
I/DownloadManager(  856): Download 841 finished with status SUCCESS
I/DEBUG   (  124):     eax ffffffff  ebx 93c3de80  ecx b809ffc8  edx 000000f0
I/DEBUG   (  124):     esi 0000000c  edi 00000000
I/DEBUG   (  124):     xcs 00000073  xds 0000007b  xes 0000007b  xfs 00000000  xss 0000007b
I/DEBUG   (  124):     eip 93b165b1  ebp 0000000f  esp 9814759c  flags 00210246
I/DEBUG   (  124): 
I/DEBUG   (  124): backtrace:
I/DEBUG   (  124):     #00  pc 000545b1  /data/app-lib/com.google.android.gms-1/libgmscore.so
I/DEBUG   (  124):     #01  pc 0005f046  /data/app-lib/com.google.android.gms-1/libgmscore.so
I/DEBUG   (  124):     #02  pc 00036f5e  /data/app-lib/com.google.android.gms-1/libgmscore.so
I/DEBUG   (  124):     #03  pc 00035671  /data/app-lib/com.google.android.gms-1/libgmscore.so
I/DEBUG   (  124):     #04  pc 000452c7  /data/app-lib/com.google.android.gms-1/libgmscore.so
I/DEBUG   (  124):     #05  pc 0001c410  /data/app-lib/com.google.android.gms-1/libgmscore.so
I/DEBUG   (  124):     #06  pc 0002a05b  /system/lib/libdvm.so (dvmPlatformInvoke+79)
I/DEBUG   (  124):     #07  pc 00056dff  [heap]
I/DEBUG   (  124):     #08  pc 00085b32  /system/lib/libdvm.so (dvmCallJNIMethod(unsigned int const*, JValue*, Method const*, Thread*)+434)
I/DEBUG   (  124):     #09  pc 0000011e  /dev/ashmem/dalvik-jit-code-cache (deleted)
I/DEBUG   (  124):     #10  pc 0003b322  /system/lib/libdvm.so (dvmMterpStd(Thread*)+66)
I/DEBUG   (  124):     #11  pc 000369e9  /system/lib/libdvm.so (dvmInterpret(Thread*, Method const*, JValue*)+217)
I/DEBUG   (  124):     #12  pc 000bacf7  /system/lib/libdvm.so (dvmCallMethodV(Thread*, Method const*, Object*, bool, JValue*, char*)+759)
I/DEBUG   (  124):     #13  pc 00082d28  /system/lib/libdvm.so (CallBooleanMethodV(_JNIEnv*, _jobject*, _jmethodID*, char*)+152)
I/DEBUG   (  124):     #14  pc 000b275a  /system/lib/libandroid_runtime.so (_JNIEnv::CallBooleanMethod(_jobject*, _jmethodID*, ...)+42)
I/DEBUG   (  124):     #15  pc 000be6d0  /system/lib/libandroid_runtime.so (JavaBBinder::onTransact(unsigned int, android::Parcel const&, android::Parcel*, unsigned int)+160)
I/DEBUG   (  124):     #16  pc 0001c1b4  /system/lib/libbinder.so (android::BBinder::transact(unsigned int, android::Parcel const&, android::Parcel*, unsigned int)+100)
I/DEBUG   (  124):     #17  pc 00027f12  /system/lib/libbinder.so (android::IPCThreadState::executeCommand(int)+610)
I/DEBUG   (  124):     #18  pc 00028f29  /system/lib/libbinder.so (android::IPCThreadState::joinThreadPool(bool)+553)
I/DEBUG   (  124):     #19  pc 00037e2f  /system/lib/libbinder.so (android::PoolThread::threadLoop()+47)
I/DEBUG   (  124):     #20  pc 0001ba59  /system/lib/libutils.so (android::Thread::_threadLoop(void*)+585)
I/DEBUG   (  124):     #21  pc 0005d15d  /system/lib/libandroid_runtime.so (android::AndroidRuntime::javaThreadShell(void*)+109)
I/DEBUG   (  124):     #22  pc 0001bc2e  /system/lib/libutils.so (thread_data_t::trampoline(thread_data_t const*)+270)
I/DEBUG   (  124):     #23  pc 0000b654  /system/lib/libc.so (__thread_entry+132)
I/DEBUG   (  124):     #24  pc 0002ec65  /system/lib/libc.so (__pthread_clone+69)
I/DEBUG   (  124):     #25  pc ffffffff  <unknown>
I/DEBUG   (  124):     #26  pc 00057f2f  [heap]
I/DEBUG   (  124):     #27  pc 0002c92f  [heap]
I/DEBUG   (  124):     #28  pc 0004b2e7  [heap]
I/DEBUG   (  124):     #29  pc 000434ff  [heap]
I/DEBUG   (  124):     #30  pc 00042c47  [heap]
I/DEBUG   (  124):     #31  pc 0004238f  [heap]
I/DEBUG   (  124): 
I/DEBUG   (  124): stack:
I/DEBUG   (  124):          9814755c  00000000  
I/DEBUG   (  124):          98147560  00000000  
I/DEBUG   (  124):          98147564  00000000  
I/DEBUG   (  124):          98147568  00000000  
I/DEBUG   (  124):          9814756c  00000000  
I/DEBUG   (  124):          98147570  00000000  
I/DEBUG   (  124):          98147574  00000000  
I/DEBUG   (  124):          98147578  00000000  
I/DEBUG   (  124):          9814757c  00000000  
I/DEBUG   (  124):          98147580  00000000  
I/DEBUG   (  124):          98147584  00000000  
I/DEBUG   (  124):          98147588  00000000  
I/DEBUG   (  124):          9814758c  00000000  
I/DEBUG   (  124):          98147590  00000000  
I/DEBUG   (  124):          98147594  00000000  
I/DEBUG   (  124):          98147598  46505845  
I/DEBUG   (  124):     #00  9814759c  93c32a40  /data/app-lib/com.google.android.gms-1/libgmscore.so
I/DEBUG   (  124):          981475a0  93bf54a9  /data/app-lib/com.google.android.gms-1/libgmscore.so
I/DEBUG   (  124):          981475a4  00000008  
I/DEBUG   (  124):          981475a8  296e69ce  
I/DEBUG   (  124):          981475ac  38e9be3f  
I/DEBUG   (  124):          981475b0  981475b8  [stack:1638]
I/DEBUG   (  124):          981475b4  000001bf  
I/DEBUG   (  124):          981475b8  b809fe18  [heap]
I/DEBUG   (  124):          981475bc  00000000  
I/DEBUG   (  124):          981475c0  93c3de80  /data/app-lib/com.google.android.gms-1/libgmscore.so
I/DEBUG   (  124):          981475c4  00000000  
I/DEBUG   (  124):          981475c8  93b59856  /data/app-lib/com.google.android.gms-1/libgmscore.so
I/DEBUG   (  124):          981475cc  b809fe18  [heap]
I/DEBUG   (  124):          981475d0  b809fe18  [heap]
I/DEBUG   (  124):          981475d4  000001c0  
I/DEBUG   (  124):          981475d8  b809fc80  [heap]
I/DEBUG   (  124):          ........  ........
I/DEBUG   (  124):     #01  9814761c  b80b3b68  [heap]
I/DEBUG   (  124):          98147620  b8131d34  [heap]
I/DEBUG   (  124):          98147624  00000010  
I/DEBUG   (  124):          98147628  00000014  
I/DEBUG   (  124):          9814762c  b81310e8  [heap]
I/DEBUG   (  124):          98147630  93c32a40  /data/app-lib/com.google.android.gms-1/libgmscore.so
I/DEBUG   (  124):          98147634  00000010  
I/DEBUG   (  124):          98147638  00000001  
I/DEBUG   (  124):          9814763c  b80b3b68  [heap]
I/DEBUG   (  124):          98147640  b809fe18  [heap]
I/DEBUG   (  124):          98147644  000001c0  
I/DEBUG   (  124):          98147648  000002cb  
I/DEBUG   (  124):          9814764c  b617fccc  /system/lib/libdvm.so
I/DEBUG   (  124):          98147650  b7e0e178  [heap]
I/DEBUG   (  124):          98147654  981476e0  [stack:1638]
I/DEBUG   (  124):          98147658  981477f8  [stack:1638]
I/DEBUG   (  124):          ........  ........
I/DEBUG   (  124):     #02  9814768c  b80b3b68  [heap]
I/DEBUG   (  124):          98147690  00000000  
I/DEBUG   (  124):          98147694  000001c0  
I/DEBUG   (  124):          98147698  00000001  
I/DEBUG   (  124):          9814769c  9daab5ae  /data/dalvik-cache/system@framework@core.jar@classes.dex
I/DEBUG   (  124):          981476a0  b80ba910  [heap]
I/DEBUG   (  124):          981476a4  00000000  
I/DEBUG   (  124):          981476a8  00000000  
I/DEBUG   (  124):          981476ac  b617fccc  /system/lib/libdvm.so
I/DEBUG   (  124):          981476b0  00004000  
I/DEBUG   (  124):          981476b4  b7f2dcc8  [heap]
I/DEBUG   (  124):          981476b8  b812eca8  [heap]
I/DEBUG   (  124):          981476bc  00000021  
I/DEBUG   (  124):          981476c0  98147744  [stack:1638]
I/DEBUG   (  124):          981476c4  00000098  
I/DEBUG   (  124):          981476c8  b750e899  /system/lib/libc.so (pthread_mutex_unlock+25)
I/DEBUG   (  124):          ........  ........
I/DownloadManager(  856): Download 840 finished with status SUCCESS
D/dalvikvm(  242): GC_FOR_ALLOC freed 717K, 57% free 7686K/17804K, paused 9ms, total 9ms
I/dalvikvm-heap(  242): Grow heap (frag case) to 8.629MB for 1127532-byte allocation
D/dalvikvm(  242): GC_FOR_ALLOC freed <1K, 54% free 8786K/18908K, paused 11ms, total 11ms
I/BootReceiver(  242): Copying /data/tombstones/tombstone_06 to DropBox (SYSTEM_TOMBSTONE)
I/GoogleAuthUtil( 1649): Error on service connection.
I/GoogleAuthUtil( 1649): android.os.DeadObjectException
I/GoogleAuthUtil( 1649): 	at android.os.BinderProxy.transact(Native Method)
I/GoogleAuthUtil( 1649): 	at com.google.android.b.c.a(:com.google.android.gms:334)
I/GoogleAuthUtil( 1649): 	at com.google.android.gms.auth.t.a(:com.google.android.gms:498)
I/GoogleAuthUtil( 1649): 	at com.google.android.gms.auth.s.a(:com.google.android.gms:908)
I/GoogleAuthUtil( 1649): 	at com.google.android.gms.auth.s.e(:com.google.android.gms:528)
I/GoogleAuthUtil( 1649): 	at com.google.android.gms.auth.s.d(:com.google.android.gms:450)
I/GoogleAuthUtil( 1649): 	at com.google.android.gms.auth.s.b(:com.google.android.gms:442)
I/GoogleAuthUtil( 1649): 	at com.google.android.gms.auth.q.a(:com.google.android.gms:541)
I/GoogleAuthUtil( 1649): 	at com.google.android.gms.gcm.gmsproc.b.a(:com.google.android.gms:441)
I/GoogleAuthUtil( 1649): 	at com.google.android.gms.gcm.gmsproc.b.a(:com.google.android.gms:331)
I/GoogleAuthUtil( 1649): 	at com.google.android.gms.gcm.gmsproc.b.a(:com.google.android.gms:240)
I/GoogleAuthUtil( 1649): 	at com.google.android.gms.gcm.gmsproc.GcmIntentService.onHandleIntent(:com.google.android.gms:49)
I/GoogleAuthUtil( 1649): 	at android.app.IntentService$ServiceHandler.handleMessage(IntentService.java:65)
I/GoogleAuthUtil( 1649): 	at android.os.Handler.dispatchMessage(Handler.java:99)
I/GoogleAuthUtil( 1649): 	at android.os.Looper.loop(Looper.java:137)
I/GoogleAuthUtil( 1649): 	at android.os.HandlerThread.run(HandlerThread.java:61)
I/GcmGroups( 1649): Failed to subscribe to group.
I/GcmGroups( 1649): java.io.IOException: Error on service connection.
I/GcmGroups( 1649): 	at com.google.android.gms.auth.s.a(:com.google.android.gms:914)
I/GcmGroups( 1649): 	at com.google.android.gms.auth.s.e(:com.google.android.gms:528)
I/GcmGroups( 1649): 	at com.google.android.gms.auth.s.d(:com.google.android.gms:450)
I/GcmGroups( 1649): 	at com.google.android.gms.auth.s.b(:com.google.android.gms:442)
I/GcmGroups( 1649): 	at com.google.android.gms.auth.q.a(:com.google.android.gms:541)
I/GcmGroups( 1649): 	at com.google.android.gms.gcm.gmsproc.b.a(:com.google.android.gms:441)
I/GcmGroups( 1649): 	at com.google.android.gms.gcm.gmsproc.b.a(:com.google.android.gms:331)
I/GcmGroups( 1649): 	at com.google.android.gms.gcm.gmsproc.b.a(:com.google.android.gms:240)
I/GcmGroups( 1649): 	at com.google.android.gms.gcm.gmsproc.GcmIntentService.onHandleIntent(:com.google.android.gms:49)
I/GcmGroups( 1649): 	at android.app.IntentService$ServiceHandler.handleMessage(IntentService.java:65)
I/GcmGroups( 1649): 	at android.os.Handler.dispatchMessage(Handler.java:99)
I/GcmGroups( 1649): 	at android.os.Looper.loop(Looper.java:137)
I/GcmGroups( 1649): 	at android.os.HandlerThread.run(HandlerThread.java:61)
I/GcmGroups( 1649): Caused by: android.os.DeadObjectException
I/GcmGroups( 1649): 	at android.os.BinderProxy.transact(Native Method)
I/GcmGroups( 1649): 	at com.google.android.b.c.a(:com.google.android.gms:334)
I/GcmGroups( 1649): 	at com.google.android.gms.auth.t.a(:com.google.android.gms:498)
I/GcmGroups( 1649): 	at com.google.android.gms.auth.s.a(:com.google.android.gms:908)
I/GcmGroups( 1649): 	... 12 more
I/dalvikvm( 1649): Could not find method android.content.Context.getNoBackupFilesDir, referenced from method com.google.android.gms.iid.n.<init>
W/dalvikvm( 1649): VFY: unable to resolve virtual method 399: Landroid/content/Context;.getNoBackupFilesDir ()Ljava/io/File;
D/dalvikvm( 1649): VFY: replacing opcode 0x6e at 0x002c
I/GoogleAuthUtil( 1649): Error on service connection.
I/GoogleAuthUtil( 1649): android.os.DeadObjectException
I/GoogleAuthUtil( 1649): 	at android.os.BinderProxy.transact(Native Method)
I/GoogleAuthUtil( 1649): 	at com.google.android.b.c.a(:com.google.android.gms:334)
I/GoogleAuthUtil( 1649): 	at com.google.android.gms.auth.t.a(:com.google.android.gms:498)
I/GoogleAuthUtil( 1649): 	at com.google.android.gms.auth.s.a(:com.google.android.gms:908)
I/GoogleAuthUtil( 1649): 	at com.google.android.gms.auth.s.e(:com.google.android.gms:528)
I/GoogleAuthUtil( 1649): 	at com.google.android.gms.auth.s.d(:com.google.android.gms:450)
I/GoogleAuthUtil( 1649): 	at com.google.android.gms.auth.q.c(:com.google.android.gms:586)
I/GoogleAuthUtil( 1649): 	at com.google.android.gms.common.server.a.a.b(:com.google.android.gms:98)
I/GoogleAuthUtil( 1649): 	at com.google.android.gms.common.server.c.b(:com.google.android.gms:109)
I/GoogleAuthUtil( 1649): 	at com.google.android.gms.common.server.s.b(:com.google.android.gms:61)
I/GoogleAuthUtil( 1649): 	at com.google.android.gms.common.server.s.a(:com.google.android.gms:832)
I/GoogleAuthUtil( 1649): 	at com.google.android.gms.reminders.sync.h.a(:com.google.android.gms:554)
I/GoogleAuthUtil( 1649): 	at com.google.android.gms.reminders.sync.c.b(:com.google.android.gms:167)
I/GoogleAuthUtil( 1649): 	at com.google.android.gms.reminders.sync.c.a(:com.google.android.gms:90)
I/GoogleAuthUtil( 1649): 	at com.google.android.gms.reminders.sync.d.a(:com.google.android.gms:276)
I/GoogleAuthUtil( 1649): 	at com.google.android.gms.reminders.sync.d.a(:com.google.android.gms:148)
I/GoogleAuthUtil( 1649): 	at com.google.android.gms.common.m.a.onPerformSync(:com.google.android.gms:98)
I/GoogleAuthUtil( 1649): 	at android.content.AbstractThreadedSyncAdapter$SyncThread.run(AbstractThreadedSyncAdapter.java:254)
W/GoogleHttpServiceClient( 1565): Exception in Google Http Service: 
W/GoogleHttpServiceClient( 1565): android.os.DeadObjectException
W/GoogleHttpServiceClient( 1565): 	at android.os.BinderProxy.transact(Native Method)
W/GoogleHttpServiceClient( 1565): 	at com.google.android.gms.http.k.a(:com.google.android.gms:127)
W/GoogleHttpServiceClient( 1565): 	at com.google.android.gms.http.e.a(:com.google.android.gms:71)
W/GoogleHttpServiceClient( 1565): 	at com.google.android.gms.http.GoogleHttpClient.a(:com.google.android.gms:812)
W/GoogleHttpServiceClient( 1565): 	at com.google.android.gms.http.GoogleHttpClient.a(:com.google.android.gms:767)
W/GoogleHttpServiceClient( 1565): 	at com.google.android.gms.http.GoogleHttpClient.execute(:com.google.android.gms:674)
W/GoogleHttpServiceClient( 1565): 	at com.google.android.gms.http.GoogleHttpClient.execute(:com.google.android.gms:658)
W/GoogleHttpServiceClient( 1565): 	at com.android.volley.toolbox.HttpClientStack.performRequest(:com.google.android.gms:87)
W/GoogleHttpServiceClient( 1565): 	at com.google.android.gms.auth.be.b.performRequest(:com.google.android.gms:44)
W/GoogleHttpServiceClient( 1565): 	at com.android.volley.toolbox.BasicNetwork.performRequest(:com.google.android.gms:96)
W/GoogleHttpServiceClient( 1565): 	at com.google.android.gms.common.server.v.performRequest(:com.google.android.gms:64)
W/GoogleHttpServiceClient( 1565): 	at com.android.volley.NetworkDispatcher.run(:com.google.android.gms:112)
I/ActivityManager(  242): Process com.google.process.gapps (pid 1623) has died.
W/ActivityManager(  242): Scheduling restart of crashed service com.google.android.gsf/.gtalkservice.service.GTalkServiceProxy in 5000ms
W/ActivityManager(  242): Scheduling restart of crashed service com.google.android.gms/.gcm.http.GoogleHttpService in 15000ms
W/ActivityManager(  242): Scheduling restart of crashed service com.google.android.gsf/.gtalkservice.service.GTalkService in 25000ms
W/ActivityManager(  242): Scheduling restart of crashed service com.google.android.gms/.auth.be.appcert.AppCertService in 51214ms
W/ActivityManager(  242): Scheduling restart of crashed service com.google.android.gsf/.subscribedfeeds.SubscribedFeedsSyncAdapterService in 61214ms
W/ActivityManager(  242): Scheduling restart of crashed service com.google.android.gms/.gcm.GcmService in 71214ms
W/ActivityManager(  242): Scheduling restart of crashed service com.google.android.gms/.auth.be.GoogleAccountDataService in 81214ms
W/ActivityManager(  242): Scheduling restart of crashed service com.google.android.gms/.auth.GetToken in 91214ms
I/GoogleAuthUtil( 1649): Error on service connection.
I/GoogleAuthUtil( 1649): android.os.DeadObjectException
I/GoogleAuthUtil( 1649): 	at android.os.BinderProxy.transact(Native Method)
I/GoogleAuthUtil( 1649): 	at com.google.android.b.c.a(:com.google.android.gms:334)
I/GoogleAuthUtil( 1649): 	at com.google.android.gms.auth.t.a(:com.google.android.gms:498)
I/GoogleAuthUtil( 1649): 	at com.google.android.gms.auth.s.a(:com.google.android.gms:908)
I/GoogleAuthUtil( 1649): 	at com.google.android.gms.auth.s.e(:com.google.android.gms:528)
I/GoogleAuthUtil( 1649): 	at com.google.android.gms.auth.s.d(:com.google.android.gms:450)
I/GoogleAuthUtil( 1649): 	at com.google.android.gms.auth.s.b(:com.google.android.gms:442)
I/GoogleAuthUtil( 1649): 	at com.google.android.gms.auth.q.b(:com.google.android.gms:524)
I/GoogleAuthUtil( 1649): 	at com.google.android.f.a.a.getHeaders(:com.google.android.gms:162)
I/GoogleAuthUtil( 1649): 	at com.android.volley.toolbox.HttpClientStack.performRequest(:com.google.android.gms:79)
I/GoogleAuthUtil( 1649): 	at com.google.android.gms.auth.be.b.performRequest(:com.google.android.gms:44)
I/GoogleAuthUtil( 1649): 	at com.android.volley.toolbox.BasicNetwork.performRequest(:com.google.android.gms:96)
I/GoogleAuthUtil( 1649): 	at com.google.android.gms.common.server.v.performRequest(:com.google.android.gms:64)
I/GoogleAuthUtil( 1649): 	at com.android.volley.NetworkDispatcher.run(:com.google.android.gms:112)
E/MDM     ( 1649): [301] SitrepService.a: Error sending sitrep.
D/dalvikvm( 1649): GC_CONCURRENT freed 912K, 16% free 5104K/6076K, paused 11ms+1ms, total 17ms
I/dalvikvm( 1649): Could not find method android.content.Context.getDrawable, referenced from method android.support.v4.content.g.a
W/dalvikvm( 1649): VFY: unable to resolve virtual method 289: Landroid/content/Context;.getDrawable (I)Landroid/graphics/drawable/Drawable;
D/dalvikvm( 1649): VFY: replacing opcode 0x6e at 0x0006
I/dalvikvm( 1649): Could not find method android.content.Context.getColor, referenced from method android.support.v4.content.g.b
W/dalvikvm( 1649): VFY: unable to resolve virtual method 285: Landroid/content/Context;.getColor (I)I
D/dalvikvm( 1649): VFY: replacing opcode 0x6e at 0x0006
I/qtaguid ( 1565): Failed write_ctrl(u 90) res=-1 errno=22
I/qtaguid ( 1565): Untagging socket 90 failed errno=-22
W/NetworkManagementSocketTagger( 1565): untagSocket(90) failed with errno -22
D/dalvikvm(  242): GC_CONCURRENT freed 1373K, 54% free 8884K/18908K, paused 1ms+13ms, total 20ms
D/Zygote  (  148): Process 1623 terminated by signal (11)
I/GcmGroups( 1649): Groups upload failed, retrying in 83:20:00
D/SyncManager(  242): failed sync operation rssjackal@gmail.com u0 (com.google), com.google.android.gms.reminders, USER, earliestRunTime 60632, EXPEDITED, reason: 10053, SyncResult: stats [ numIoExceptions: 1]
I/ActivityManager(  242): Start proc com.google.process.gapps for broadcast com.google.android.gms/.gcm.nts.SchedulerReceiver: pid=2147 uid=10053 gids={50053, 3003, 1007, 1028, 1015, 1006, 2001, 3006, 3002, 3001}
D/        (  242): HostConnection::get() New Host Connection established 0xb8169b30, tid 264
W/dalvikvm( 2147): VFY: unable to resolve static field 560 (PR_SET_DUMPABLE) in Landroid/system/OsConstants;
D/dalvikvm( 2147): VFY: replacing opcode 0x60 at 0x000b
I/dalvikvm( 2147): Could not find method com.google.android.gms.common.app.GmsApplication.getSystemService, referenced from method com.google.android.gms.common.app.GmsApplication.onCreate
W/dalvikvm( 2147): VFY: unable to resolve virtual method 12441: Lcom/google/android/gms/common/app/GmsApplication;.getSystemService (Ljava/lang/Class;)Ljava/lang/Object;
D/dalvikvm( 2147): VFY: replacing opcode 0x6e at 0x00cd
I/MultiDex( 2147): VM with version 1.6.0 does not have multidex support
I/MultiDex( 2147): install
I/MultiDex( 2147): MultiDexExtractor.load(/data/app/com.google.android.gms-1.apk, false)
I/MultiDex( 2147): loading existing secondary dex files
I/MultiDex( 2147): load found 3 secondary dex files
I/MultiDex( 2147): install done
D/dalvikvm( 1565): GC_CONCURRENT freed 512K, 12% free 4379K/4964K, paused 1ms+0ms, total 5ms
I/GservicesProvider( 2147): Gservices pushing to system: true; secure/global: true
D/dalvikvm( 2147): GC_CONCURRENT freed 260K, 11% free 2595K/2904K, paused 3ms+0ms, total 4ms
D/dalvikvm( 2147): GC_CONCURRENT freed 144K, 7% free 2838K/3032K, paused 3ms+0ms, total 7ms
D/dalvikvm( 1649): GC_CONCURRENT freed 752K, 16% free 5107K/6076K, paused 3ms+0ms, total 10ms
D/dalvikvm( 2147): DexOpt: couldn't find static field Landroid/os/Build;.SUPPORTED_ABIS
W/dalvikvm( 2147): VFY: unable to resolve static field 120 (SUPPORTED_ABIS) in Landroid/os/Build;
D/dalvikvm( 2147): VFY: replacing opcode 0x62 at 0x000a
D/dalvikvm( 2147): DexOpt: couldn't find field Landroid/content/pm/ApplicationInfo;.splitSourceDirs
W/dalvikvm( 2147): VFY: unable to resolve instance field 36
D/dalvikvm( 2147): VFY: replacing opcode 0x54 at 0x005f
D/dalvikvm( 2147): DexOpt: couldn't find static field Landroid/os/Build;.SUPPORTED_ABIS
W/dalvikvm( 2147): VFY: unable to resolve static field 120 (SUPPORTED_ABIS) in Landroid/os/Build;
D/dalvikvm( 2147): VFY: replacing opcode 0x62 at 0x0047
D/dalvikvm( 2147): DexOpt: couldn't find field Landroid/content/pm/ApplicationInfo;.splitSourceDirs
I/dalvikvm( 2147): DexOpt: unable to optimize instance field ref 0x0024 at 0x63 in Lcom/google/android/gms/common/util/ba;.b
D/dalvikvm( 2147): Trying to load lib /data/app-lib/com.google.android.gms-1/libgmscore.so 0xa4df2180
D/dalvikvm( 2147): Added shared lib /data/app-lib/com.google.android.gms-1/libgmscore.so 0xa4df2180
D/dalvikvm( 2147): No JNI_OnLoad found in /data/app-lib/com.google.android.gms-1/libgmscore.so 0xa4df2180, skipping init
D/dalvikvm( 2147): Trying to load lib /data/app-lib/com.google.android.gms-1/libconscrypt_gmscore_jni.so 0xa4df2180
D/dalvikvm( 2147): Added shared lib /data/app-lib/com.google.android.gms-1/libconscrypt_gmscore_jni.so 0xa4df2180
V/JNIHelp ( 2147): Registering com/google/android/gms/org/conscrypt/NativeCrypto's 254 native methods...
D/dalvikvm( 2147): GC_CONCURRENT freed 334K, 12% free 2946K/3332K, paused 2ms+0ms, total 4ms
D/dalvikvm( 2147): Trying to load lib /data/app-lib/com.google.android.gms-1/libgmscore.so 0xa4df2180
D/dalvikvm( 2147): Shared lib '/data/app-lib/com.google.android.gms-1/libgmscore.so' already loaded in same CL 0xa4df2180
D/dalvikvm( 2147): Trying to load lib /data/app-lib/com.google.android.gms-1/libconscrypt_gmscore_jni.so 0xa4df2180
D/dalvikvm( 2147): Shared lib '/data/app-lib/com.google.android.gms-1/libconscrypt_gmscore_jni.so' already loaded in same CL 0xa4df2180
I/ProviderInstaller( 2147): Installed default security provider GmsCore_OpenSSL
E/Auth.Api.Credentials( 1649): [CredentialSyncAdapter] Unknown sync event.
I/dalvikvm( 2147): Could not find method android.accounts.AccountManager.removeAccount, referenced from method com.google.android.gms.auth.o.a
W/dalvikvm( 2147): VFY: unable to resolve virtual method 15: Landroid/accounts/AccountManager;.removeAccount (Landroid/accounts/Account;Landroid/app/Activity;Landroid/accounts/AccountManagerCallback;Landroid/os/Handler;)Landroid/accounts/AccountManagerFuture;
D/dalvikvm( 2147): VFY: replacing opcode 0x6e at 0x001c
V/GLSActivity( 2147): AuthDelegateWrapperCreated with selected intent: Intent { cmp=com.google.android.gms/.auth.DefaultAuthDelegateService }
V/GLSActivity( 2147): AuthDelegateWrapperCreated with selected intent: Intent { cmp=com.google.android.gms/.auth.DefaultAuthDelegateService }
I/dalvikvm( 2147): Could not find method android.app.AppOpsManager.checkPackage, referenced from method com.google.android.gms.common.ou.a
W/dalvikvm( 2147): VFY: unable to resolve virtual method 86: Landroid/app/AppOpsManager;.checkPackage (ILjava/lang/String;)V
D/dalvikvm( 2147): VFY: replacing opcode 0x6e at 0x0012
I/dalvikvm( 2147): Could not find method android.content.pm.PackageManager.getPackageInstaller, referenced from method com.google.android.gms.common.ou.a
W/dalvikvm( 2147): VFY: unable to resolve virtual method 430: Landroid/content/pm/PackageManager;.getPackageInstaller ()Landroid/content/pm/PackageInstaller;
D/dalvikvm( 2147): VFY: replacing opcode 0x6e at 0x000d
D/dalvikvm( 2147): GC_FOR_ALLOC freed 283K, 10% free 3171K/3504K, paused 4ms, total 4ms
D/dalvikvm( 2147): GC_CONCURRENT freed <1K, 10% free 3170K/3504K, paused 0ms+0ms, total 1ms
D/GCM     ( 2147): COMPAT: Multi user not supported
I/dalvikvm( 2147): Could not find method android.os.PowerManager.isDeviceIdleMode, referenced from method com.google.android.gms.gcm.nts.a.c.b
W/dalvikvm( 2147): VFY: unable to resolve virtual method 1555: Landroid/os/PowerManager;.isDeviceIdleMode ()Z
D/dalvikvm( 2147): VFY: replacing opcode 0x6e at 0x000f
D/dalvikvm( 2147): GC_CONCURRENT freed 139K, 6% free 3497K/3688K, paused 9ms+1ms, total 13ms
D/dalvikvm( 2147): GC_CONCURRENT freed 191K, 7% free 3699K/3944K, paused 1ms+0ms, total 5ms
I/GCoreUlr( 1565): Uploading GCM registration ID for account#9#
D/dalvikvm( 2147): GC_CONCURRENT freed 116K, 5% free 3971K/4144K, paused 2ms+0ms, total 4ms
I/dalvikvm( 2147): Could not find method android.app.AlarmManager.set, referenced from method com.google.android.gms.common.stats.b.a
W/dalvikvm( 2147): VFY: unable to resolve virtual method 68: Landroid/app/AlarmManager;.set (IJJJLandroid/app/PendingIntent;Landroid/os/WorkSource;)V
D/dalvikvm( 2147): VFY: replacing opcode 0x74 at 0x0076
I/dalvikvm( 2147): Could not find method android.app.AlarmManager.setExactAndAllowWhileIdle, referenced from method com.google.android.gms.common.stats.b.a
W/dalvikvm( 2147): VFY: unable to resolve virtual method 70: Landroid/app/AlarmManager;.setExactAndAllowWhileIdle (IJLandroid/app/PendingIntent;)V
D/dalvikvm( 2147): VFY: replacing opcode 0x6e at 0x0010
D/dalvikvm( 2147): GC_CONCURRENT freed 413K, 11% free 4067K/4532K, paused 3ms+1ms, total 13ms
D/dalvikvm( 2147): WAIT_FOR_CONCURRENT_GC blocked 8ms
D/dalvikvm( 2147): WAIT_FOR_CONCURRENT_GC blocked 9ms
D/dalvikvm( 2147): WAIT_FOR_CONCURRENT_GC blocked 9ms
D/dalvikvm( 2147): WAIT_FOR_CONCURRENT_GC blocked 14ms
D/dalvikvm( 2147): GC_FOR_ALLOC freed 240K, 7% free 4358K/4648K, paused 10ms, total 10ms
W/BaseAppContext( 1565): Using Auth Proxy for data requests.
D/dalvikvm( 2147): GC_CONCURRENT freed 317K, 8% free 4586K/4956K, paused 0ms+1ms, total 3ms
D/dalvikvm( 2147): GC_CONCURRENT freed 618K, 13% free 4673K/5340K, paused 1ms+0ms, total 11ms
D/dalvikvm( 2147): WAIT_FOR_CONCURRENT_GC blocked 3ms
D/dalvikvm( 2147): WAIT_FOR_CONCURRENT_GC blocked 4ms
E/Genymotion(  242): Could not open '/sys/class/power_supply/genymotion_fake_path/present'
D/NativeLibraryUtils( 2147): Install completed successfully. count=14 extracted=0
D/dalvikvm( 1649): GC_CONCURRENT freed 707K, 16% free 5155K/6076K, paused 2ms+1ms, total 7ms
I/dalvikvm( 2147): Could not find method android.accounts.AccountManager.removeAccountExplicitly, referenced from method com.google.android.gms.auth.e.b.a
W/dalvikvm( 2147): VFY: unable to resolve virtual method 16: Landroid/accounts/AccountManager;.removeAccountExplicitly (Landroid/accounts/Account;)Z
D/dalvikvm( 2147): VFY: replacing opcode 0x6e at 0x000e
V/GLSActivity( 2147): AuthDelegateWrapperCreated with selected intent: Intent { cmp=com.google.android.gms/.auth.DefaultAuthDelegateService }
I/GTalkService/c( 2147): [AndroidEndpoint@1384206032] connect: acct=1000000, state=CONNECTING
W/dalvikvm( 2147): VFY: unable to find class referenced in signature (Landroid/net/Network;)
W/dalvikvm( 2147): VFY: unable to find class referenced in signature (Landroid/net/Network;)
I/dalvikvm( 2147): Could not find method java.net.HttpURLConnection.setFixedLengthStreamingMode, referenced from method com.google.android.gms.http.GoogleHttpClient.a
W/dalvikvm( 2147): VFY: unable to resolve virtual method 25812: Ljava/net/HttpURLConnection;.setFixedLengthStreamingMode (J)V
D/dalvikvm( 2147): VFY: replacing opcode 0x6e at 0x006a
W/dalvikvm( 2147): VFY: unable to find class referenced in signature (Landroid/net/Network;)
I/dalvikvm( 2147): Could not find method android.net.Network.openConnection, referenced from method com.google.android.gms.http.g.a
W/dalvikvm( 2147): VFY: unable to resolve virtual method 1020: Landroid/net/Network;.openConnection (Ljava/net/URL;)Ljava/net/URLConnection;
D/dalvikvm( 2147): VFY: replacing opcode 0x6e at 0x00bb
I/dalvikvm( 2147): Could not find method android.app.Notification$Builder.setLocalOnly, referenced from method com.google.android.gms.common.os.b
W/dalvikvm( 2147): VFY: unable to resolve virtual method 142: Landroid/app/Notification$Builder;.setLocalOnly (Z)Landroid/app/Notification$Builder;
D/dalvikvm( 2147): VFY: replacing opcode 0x6e at 0x00ce
D/dalvikvm( 2147): GC_CONCURRENT freed 609K, 13% free 4724K/5384K, paused 4ms+0ms, total 7ms
W/GLSUser ( 2147): [DeviceKeyStore] Cannot load key: Device key file not found.
D/dalvikvm( 2147): DexOpt: couldn't find field Landroid/os/Message;.sendingUid
W/dalvikvm( 2147): VFY: unable to resolve instance field 189
D/dalvikvm( 2147): VFY: replacing opcode 0x52 at 0x0006
D/dalvikvm( 2147): GC_CONCURRENT freed 1853K, 36% free 3502K/5404K, paused 3ms+0ms, total 6ms
I/dalvikvm( 2147): Could not find method android.os.PowerManager.isDeviceIdleMode, referenced from method com.google.android.gms.gcm.cd.onReceive
W/dalvikvm( 2147): VFY: unable to resolve virtual method 1006: Landroid/os/PowerManager;.isDeviceIdleMode ()Z
D/dalvikvm( 2147): VFY: replacing opcode 0x6e at 0x0059
I/dalvikvm( 2147): Could not find method android.os.PowerManager.isDeviceIdleMode, referenced from method com.google.android.gms.gcm.e.c
W/dalvikvm( 2147): VFY: unable to resolve virtual method 1006: Landroid/os/PowerManager;.isDeviceIdleMode ()Z
D/dalvikvm( 2147): VFY: replacing opcode 0x6e at 0x0022
D/dalvikvm(  242): GC_CONCURRENT freed 1415K, 53% free 8962K/18908K, paused 1ms+1ms, total 9ms
I/dalvikvm( 2147): Could not find method android.accounts.AccountManager.removeAccountExplicitly, referenced from method com.google.android.gms.auth.be.p.a
W/dalvikvm( 2147): VFY: unable to resolve virtual method 16: Landroid/accounts/AccountManager;.removeAccountExplicitly (Landroid/accounts/Account;)Z
D/dalvikvm( 2147): VFY: replacing opcode 0x6e at 0x001f
I/dalvikvm( 2147): Could not find method android.accounts.AccountManager.notifyAccountAuthenticated, referenced from method com.google.android.gms.auth.be.s.a
D/GCM     ( 2147): GcmService start null null
W/dalvikvm( 2147): VFY: unable to resolve virtual method 13: Landroid/accounts/AccountManager;.notifyAccountAuthenticated (Landroid/accounts/Account;)Z
D/dalvikvm( 2147): VFY: replacing opcode 0x6e at 0x0041
D/dalvikvm( 2147): GC_CONCURRENT freed 300K, 34% free 3591K/5404K, paused 3ms+1ms, total 5ms
D/dalvikvm( 2147): GC_CONCURRENT freed 405K, 34% free 3620K/5404K, paused 1ms+0ms, total 4ms
E/dalvikvm( 2147): Could not find class 'android.net.Network', referenced from method com.google.android.gms.auth.be.k.a
W/dalvikvm( 2147): VFY: unable to resolve check-cast 183 (Landroid/net/Network;) in Lcom/google/android/gms/auth/be/k;
D/dalvikvm( 2147): VFY: replacing opcode 0x1f at 0x0149
D/dalvikvm( 2147): GC_CONCURRENT freed 491K, 34% free 3616K/5404K, paused 2ms+0ms, total 5ms
I/dalvikvm( 2147): Failed resolving Lcom/google/android/gms/common/util/g; interface 33 'Landroid/app/AppOpsManager$OnOpChangedListener;'
W/dalvikvm( 2147): Link of class 'Lcom/google/android/gms/common/util/g;' failed
W/dalvikvm( 2147): Unable to resolve superclass of Lcom/google/android/gms/common/util/h; (2717)
W/dalvikvm( 2147): Link of class 'Lcom/google/android/gms/common/util/h;' failed
E/dalvikvm( 2147): Could not find class 'com.google.android.gms.common.util.h', referenced from method com.google.android.gms.common.util.e.a
W/dalvikvm( 2147): VFY: unable to resolve new-instance 2718 (Lcom/google/android/gms/common/util/h;) in Lcom/google/android/gms/common/util/e;
D/dalvikvm( 2147): VFY: replacing opcode 0x22 at 0x0008
I/dalvikvm( 2147): Failed resolving Lcom/google/android/gms/common/util/g; interface 33 'Landroid/app/AppOpsManager$OnOpChangedListener;'
W/dalvikvm( 2147): Link of class 'Lcom/google/android/gms/common/util/g;' failed
E/dalvikvm( 2147): Could not find class 'com.google.android.gms.common.util.g', referenced from method com.google.android.gms.common.util.e.a
W/dalvikvm( 2147): VFY: unable to resolve new-instance 2717 (Lcom/google/android/gms/common/util/g;) in Lcom/google/android/gms/common/util/e;
D/dalvikvm( 2147): VFY: replacing opcode 0x22 at 0x0026
I/dalvikvm( 2147): Failed resolving Lcom/google/android/gms/common/util/g; interface 33 'Landroid/app/AppOpsManager$OnOpChangedListener;'
W/dalvikvm( 2147): Link of class 'Lcom/google/android/gms/common/util/g;' failed
W/dalvikvm( 2147): Unable to resolve superclass of Lcom/google/android/gms/common/util/h; (2717)
W/dalvikvm( 2147): Link of class 'Lcom/google/android/gms/common/util/h;' failed
D/dalvikvm( 2147): DexOpt: unable to opt direct call 0x2e32 at 0x0a in Lcom/google/android/gms/common/util/e;.a
I/dalvikvm( 2147): Failed resolving Lcom/google/android/gms/common/util/g; interface 33 'Landroid/app/AppOpsManager$OnOpChangedListener;'
W/dalvikvm( 2147): Link of class 'Lcom/google/android/gms/common/util/g;' failed
D/dalvikvm( 2147): DexOpt: unable to opt direct call 0x2e2a at 0x28 in Lcom/google/android/gms/common/util/e;.a
I/Icing   ( 1649): Indexing 108ED1D3334EEC6CC64CB451BF27B9329CF3FFAF from com.google.android.gms
D/dalvikvm( 2147): GC_CONCURRENT freed 408K, 33% free 3650K/5404K, paused 1ms+0ms, total 4ms
I/GLSUser ( 2147): [GLSUser] getTokenFromGoogle [account: <ELLIDED:1058195307>, callingPkg: com.google.android.gms, service: oauth2:https://www.googleapis.com/auth/gcm
I/dalvikvm( 2147): Could not find method android.os.PowerManager.isInteractive, referenced from method com.google.android.gms.common.util.aa.a
W/dalvikvm( 2147): VFY: unable to resolve virtual method 1224: Landroid/os/PowerManager;.isInteractive ()Z
D/dalvikvm( 2147): VFY: replacing opcode 0x6e at 0x003d
D/dalvikvm( 2147): GC_FOR_ALLOC freed 494K, 33% free 3667K/5404K, paused 3ms, total 3ms
I/Icing   ( 1649): Indexing done 108ED1D3334EEC6CC64CB451BF27B9329CF3FFAF
I/Icing   ( 1649): Indexing 27D68433CFF57ECFC9F79B1111BB023879FD4D05 from com.google.android.gms
D/dalvikvm( 2147): GC_CONCURRENT freed 132K, 32% free 3679K/5404K, paused 1ms+0ms, total 3ms
I/Icing   ( 1649): Indexing done 27D68433CFF57ECFC9F79B1111BB023879FD4D05
I/Icing   ( 1649): Indexing A09975128720EA04F1FE8D2DC11B3E62370CCCC6 from com.google.android.gms
I/Icing   ( 1649): Indexing done A09975128720EA04F1FE8D2DC11B3E62370CCCC6
D/dalvikvm( 2147): GC_FOR_ALLOC freed 518K, 33% free 3672K/5404K, paused 5ms, total 5ms
I/Icing   ( 1649): Indexing 6FA7F7D3CCA11E70BCE7BAD66B2CB51C06A79A29 from com.google.android.gms
D/dalvikvm( 2147): GC_CONCURRENT freed 4K, 33% free 3669K/5404K, paused 2ms+0ms, total 4ms
I/Icing   ( 1649): Indexing done 6FA7F7D3CCA11E70BCE7BAD66B2CB51C06A79A29
D/dalvikvm( 2147): GC_CONCURRENT freed 466K, 33% free 3674K/5404K, paused 1ms+0ms, total 3ms
D/dalvikvm( 2147): GC_CONCURRENT freed 414K, 33% free 3646K/5404K, paused 1ms+0ms, total 3ms
D/dalvikvm( 2147): GC_FOR_ALLOC freed 465K, 32% free 3693K/5404K, paused 2ms, total 3ms
D/dalvikvm( 2147): GC_CONCURRENT freed 2K, 32% free 3692K/5404K, paused 1ms+0ms, total 3ms
D/dalvikvm( 2147): GC_CONCURRENT freed 437K, 32% free 3699K/5404K, paused 1ms+0ms, total 3ms
I/GLSUser ( 2147): [GLSUser] getAuthtoken(<ELLIDED:1058195307>, oauth2:https://www.googleapis.com/auth/gcm) -> status: null)
I/GLSUser ( 2147): [GLSUser] Extracting token using key: Auth
D/dalvikvm( 2147): GC_CONCURRENT freed 416K, 33% free 3667K/5404K, paused 1ms+0ms, total 4ms
W/GLSUser ( 2147): [GLSUser] Permission for com.google.android.gms to access oauth2:https://www.googleapis.com/auth/gcm will be managed locally.
D/dalvikvm( 2147): GC_FOR_ALLOC freed 467K, 32% free 3711K/5404K, paused 2ms, total 2ms
D/dalvikvm( 2147): GC_CONCURRENT freed 78K, 32% free 3709K/5404K, paused 0ms+0ms, total 2ms
D/dalvikvm( 2147): GC_FOR_ALLOC freed 497K, 32% free 3723K/5404K, paused 3ms, total 3ms
D/dalvikvm( 2147): GC_CONCURRENT freed 72K, 32% free 3718K/5404K, paused 0ms+12ms, total 15ms
D/dalvikvm( 1565): GC_CONCURRENT freed 474K, 11% free 4424K/4964K, paused 1ms+2ms, total 5ms
D/dalvikvm( 2147): GC_CONCURRENT freed 506K, 32% free 3714K/5404K, paused 2ms+1ms, total 5ms
D/dalvikvm( 1649): GC_CONCURRENT freed 849K, 15% free 5171K/6076K, paused 32ms+15ms, total 54ms
D/Finsky  ( 1323): [1] PackageVerificationReceiver.onReceive: Verification requested, id = 1
D/Finsky  ( 1323): [1] WorkerTask.onPreExecute: Verification Requested for id = 1, data=file:///data/local/tmp/app-debug.apk flags=114 fromVerificationActivity=false
D/dalvikvm( 1649): DexOpt: couldn't find static field Landroid/os/Build;.SUPPORTED_ABIS
W/dalvikvm( 1649): VFY: unable to resolve static field 120 (SUPPORTED_ABIS) in Landroid/os/Build;
D/dalvikvm( 1649): VFY: replacing opcode 0x62 at 0x0008
D/dalvikvm( 1649): DexOpt: couldn't find static field Landroid/os/Build;.SUPPORTED_32_BIT_ABIS
W/dalvikvm( 1649): VFY: unable to resolve static field 118 (SUPPORTED_32_BIT_ABIS) in Landroid/os/Build;
D/dalvikvm( 1649): VFY: replacing opcode 0x62 at 0x0008
D/dalvikvm( 1649): DexOpt: couldn't find static field Landroid/os/Build;.SUPPORTED_64_BIT_ABIS
W/dalvikvm( 1649): VFY: unable to resolve static field 119 (SUPPORTED_64_BIT_ABIS) in Landroid/os/Build;
D/dalvikvm( 1649): VFY: replacing opcode 0x62 at 0x0009
I/Vision  ( 1649): Supported ABIS: [x86, armeabi-v7a]
I/qtaguid ( 1649): Failed write_ctrl(u 59) res=-1 errno=22
I/qtaguid ( 1565): Failed write_ctrl(u 74) res=-1 errno=22
I/ConfigService( 1565): onCreate
D/GCM     ( 2147): GcmService start Intent { act=com.google.android.gcm.intent.SEND flg=0x10 pkg=com.google.android.gms cmp=com.google.android.gms/.gcm.GcmService (has extras) } com.google.android.gcm.intent.SEND
I/Icing   ( 1649): updateResources: need to parse f{com.google.android.gms}
I/qtaguid ( 1565): Untagging socket 74 failed errno=-22
W/NetworkManagementSocketTagger( 1565): untagSocket(74) failed with errno -22
I/qtaguid ( 1649): Untagging socket 59 failed errno=-22
W/NetworkManagementSocketTagger( 1649): untagSocket(59) failed with errno -22
I/AuthZen ( 1649): Enrollment phase2 complete.
E/MDM     ( 1565): [211] b.run: Couldn't connect to Google API client: ConnectionResult{statusCode=API_UNAVAILABLE, resolution=null, message=null}
I/AuthZen ( 1649): Increasing encryption key's expiration time to 1462567279745
D/AuthZen ( 1649): Updating keys for account rssjackal@gmail.com created at 1459975277042 with new expiary: 1462567279745
E/WorkSourceUtil( 1565): Could not find package: com.google.android.gms.vision
E/WorkSourceUtil( 1565): Could not find package: com.google.android.gms.vision
D/dalvikvm( 1649): GC_CONCURRENT freed 760K, 15% free 5208K/6076K, paused 1ms+1ms, total 5ms
D/AuthorizationBluetoothService( 2147): Received GmsCore event: Intent { act=com.google.android.gms.INITIALIZE flg=0x10 pkg=com.google.android.gms cmp=com.google.android.gms/.auth.be.proximity.authorization.bt.AuthorizationBluetoothService$AutoStarter }.
I/dalvikvm( 2147): Could not find method android.os.UserManager.isManagedProfile, referenced from method com.google.android.gms.auth.be.proximity.authorization.bt.b.a
W/dalvikvm( 2147): VFY: unable to resolve virtual method 1036: Landroid/os/UserManager;.isManagedProfile ()Z
D/dalvikvm( 2147): VFY: replacing opcode 0x6e at 0x002f
E/AuthorizationBluetoothService( 2147): Proximity feature is not enabled.
D/LocationInitializer( 1649): Restart initialization of location
V/GLSActivity( 2147): AuthDelegateWrapperCreated with selected intent: Intent { cmp=com.google.android.gms/.auth.DefaultAuthDelegateService }
W/DownloadServiceState( 1649): No pending download found for id 840
W/DownloadServiceState( 1649): No pending download found for id 841
W/DownloadServiceState( 1649): No pending download found for id 841
W/DownloadServiceState( 1649): No pending download found for id 840
I/AuthZen ( 1649): Enrollment successful! Key metadata:  Handle: 1 Account: rssjackal@gmail.comCreation Time: 1459975277042Expiration Time: 1459975397042
V/AuthZen ( 1649): Handling intent: com.google.android.gms.gcm.REGISTERED
D/AuthZenEventHandler( 1649): Handling event: com.google.android.gms.gcm.REGISTERED
I/AuthZen ( 1649): Fetching signing key...
I/AuthZen ( 1649): Signing key fetched successfully!
W/BaseAppContext( 1649): Using Auth Proxy for data requests.
I/AuthZen ( 1649): Starting Enrollment...
D/AuthZen ( 1649): getting auth token. Attempt 0
D/AuthZen ( 1649): successfully got auth token
D/AuthZen ( 1649): Starting authzen enrollment
I/GCoreUlr( 1565): Starting service, intent=Intent { act=com.google.android.location.reporting.ACTION_UPDATE_ACTIVE_STATE cmp=com.google.android.gms/com.google.android.location.reporting.service.DispatchingService (has extras) }, extras=Bundle[{source=sync_unknown_device_tag}]
D/dalvikvm( 1323): GC_FOR_ALLOC freed 435K, 13% free 5287K/6040K, paused 66ms, total 66ms
D/GCM     ( 2147): GcmService start Intent { act=com.google.android.talk.MCS_CONNECTION_SERVICE_STARTED flg=0x10 cmp=com.google.android.gms/.gcm.GcmService } com.google.android.talk.MCS_CONNECTION_SERVICE_STARTED
I/GCM     ( 2147): GCM config loaded
I/GCoreUlr( 1565): DispatchingService.onCreate()
I/GCoreUlr( 1565): sync() server returned empty or device tag unknown GetSettingsResults{mModMillis=1449830344315, mReportingEnabled=null, mReportingSource=null, mHistoryEnabled=false, mHistorySource=null, mUserRestriction=0, mSource=3, mConcurrencyType=2, mDeletions=[], mPrimaryDevice=null, mAcccountType=0} for account#9#, will send ours
D/dalvikvm(  242): GC_CONCURRENT freed 1516K, 53% free 8947K/18908K, paused 0ms+5ms, total 10ms
D/dalvikvm( 2147): GC_CONCURRENT freed 395K, 32% free 3703K/5404K, paused 2ms+1ms, total 6ms
I/GCoreUlr( 1565): Deleted database 'gcore_ulr_ActivityDetection.db'
I/GCoreUlr( 1565): Deleted database 'gcore_ulr_UlrLocation.db'
