E/Icing   ( 1649): Unable to open directory /data/data/com.google.android.gms/files/AppDataSearch/main/cur/: No such file or directory
E/Icing   ( 1649): Unable to open directory /data/data/com.google.android.gms/files/AppDataSearch/main/cur/: No such file or directory
E/Icing   ( 1649): Unable to open directory /data/data/com.google.android.gms/files/AppDataSearch/main/cur/: No such file or directory
E/Icing   ( 1649): Unable to open directory /data/data/com.google.android.gms/files/AppDataSearch/main/cur/: No such file or directory
E/Icing   ( 1649): Unable to open directory /data/data/com.google.android.gms/files/AppDataSearch/main/cur/: No such file or directory
E/Icing   ( 1649): Unable to open directory /data/data/com.google.android.gms/files/AppDataSearch/main/cur/: No such file or directory
E/Icing   ( 1649): Unable to open directory /data/data/com.google.android.gms/files/AppDataSearch/main/cur/: No such file or directory
E/Icing   ( 1649): Unable to open directory /data/data/com.google.android.gms/files/AppDataSearch/main/cur/: No such file or directory
E/Icing   ( 1649): Unable to open directory /data/data/com.google.android.gms/files/AppDataSearch/main/cur/: No such file or directory
E/Icing   ( 1649): Unable to open directory /data/data/com.google.android.gms/files/AppDataSearch/main/cur/: No such file or directory
E/Icing   ( 1649): Unable to open directory /data/data/com.google.android.gms/files/AppDataSearch/main/cur/: No such file or directory
E/Icing   ( 1649): Unable to open directory /data/data/com.google.android.gms/files/AppDataSearch/main/cur/: No such file or directory
E/Icing   ( 1649): Unable to open directory /data/data/com.google.android.gms/files/AppDataSearch/main/cur/: No such file or directory
E/Icing   ( 1649): Unable to open directory /data/data/com.google.android.gms/files/AppDataSearch/main/cur/: No such file or directory
E/Icing   ( 1649): Unable to open directory /data/data/com.google.android.gms/files/AppDataSearch/main/cur/: No such file or directory
E/Icing   ( 1649): Unable to open directory /data/data/com.google.android.gms/files/AppDataSearch/main/cur/: No such file or directory
E/Icing   ( 1649): Unable to open directory /data/data/com.google.android.gms/files/AppDataSearch/main/cur/: No such file or directory
E/Icing   ( 1649): Unable to open directory /data/data/com.google.android.gms/files/AppDataSearch/main/cur/: No such file or directory
E/Icing   ( 1649): Unable to open directory /data/data/com.google.android.gms/files/AppDataSearch/main/cur/: No such file or directory
E/Icing   ( 1649): Unable to open directory /data/data/com.google.android.gms/files/AppDataSearch/main/cur/: No such file or directory
E/Icing   ( 1649): Unable to open directory /data/data/com.google.android.gms/files/AppDataSearch/main/cur/: No such file or directory
E/Icing   ( 1649): Unable to open directory /data/data/com.google.android.gms/files/AppDataSearch/main/cur/: No such file or directory
E/Icing   ( 1649): Unable to open directory /data/data/com.google.android.gms/files/AppDataSearch/main/cur/: No such file or directory
E/Icing   ( 1649): Unable to open directory /data/data/com.google.android.gms/files/AppDataSearch/main/cur/: No such file or directory
E/Icing   ( 1649): Unable to open directory /data/data/com.google.android.gms/files/AppDataSearch/main/cur/: No such file or directory
E/Icing   ( 1649): Unable to open directory /data/data/com.google.android.gms/files/AppDataSearch/main/cur/: No such file or directory
E/Icing   ( 1649): Unable to open directory /data/data/com.google.android.gms/files/AppDataSearch/main/cur/: No such file or directory
E/Icing   ( 1649): Unable to open directory /data/data/com.google.android.gms/files/AppDataSearch/main/cur/: No such file or directory
E/Icing   ( 1649): Unable to open directory /data/data/com.google.android.gms/files/AppDataSearch/main/cur/: No such file or directory
E/Icing   ( 1649): Unable to open directory /data/data/com.google.android.gms/files/AppDataSearch/main/cur/: No such file or directory
E/Icing   ( 1649): Unable to open directory /data/data/com.google.android.gms/files/AppDataSearch/main/cur/: No such file or directory
E/Icing   ( 1649): Unable to open directory /data/data/com.google.android.gms/files/AppDataSearch/main/cur/: No such file or directory
E/Icing   ( 1649): Unable to open directory /data/data/com.google.android.gms/files/AppDataSearch/main/cur/: No such file or directory
E/Icing   ( 1649): Unable to open directory /data/data/com.google.android.gms/files/AppDataSearch/main/cur/: No such file or directory
E/Icing   ( 1649): Unable to open directory /data/data/com.google.android.gms/files/AppDataSearch/main/cur/: No such file or directory
E/Icing   ( 1649): Unable to open directory /data/data/com.google.android.gms/files/AppDataSearch/main/cur/: No such file or directory
E/Icing   ( 1649): Unable to open directory /data/data/com.google.android.gms/files/AppDataSearch/main/cur/: No such file or directory
E/Icing   ( 1649): Unable to open directory /data/data/com.google.android.gms/files/AppDataSearch/main/cur/: No such file or directory
E/Icing   ( 1649): Unable to open directory /data/data/com.google.android.gms/files/AppDataSearch/main/cur/: No such file or directory
E/Icing   ( 1649): Unable to open directory /data/data/com.google.android.gms/files/AppDataSearch/main/cur/: No such file or directory
E/Icing   ( 1649): Unable to open directory /data/data/com.google.android.gms/files/AppDataSearch/main/cur/: No such file or directory
E/Icing   ( 1649): Unable to open directory /data/data/com.google.android.gms/files/AppDataSearch/main/cur/: No such file or directory
E/Icing   ( 1649): Unable to open directory /data/data/com.google.android.gms/files/AppDataSearch/main/cur/: No such file or directory
E/Icing   ( 1649): Unable to open directory /data/data/com.google.android.gms/files/AppDataSearch/main/cur/: No such file or directory
E/Icing   ( 1649): Unable to open directory /data/data/com.google.android.gms/files/AppDataSearch/main/cur/: No such file or directory
E/Icing   ( 1649): Unable to open directory /data/data/com.google.android.gms/files/AppDataSearch/main/cur/: No such file or directory
E/Icing   ( 1649): Unable to open directory /data/data/com.google.android.gms/files/AppDataSearch/main/cur/: No such file or directory
D/dalvikvm( 1649): GC_CONCURRENT freed 281K, 9% free 4079K/4440K, paused 35ms+1ms, total 40ms
I/Icing   ( 1649): Successfully upgraded native from version 19 to 58
I/RemindersSync( 1649): Found sync condition that we don't recognize, aborting. [T SyncAdapterThread-3:id=208:priority=5:group=main]
D/FileApkUtils( 1649): Spent 199ms computing apk SHA-256.
D/dalvikvm( 1649): GC_FOR_ALLOC freed 467K, 12% free 4143K/4660K, paused 6ms, total 6ms
D/FileApkUtils( 1649): Staging: DynamiteModules-prod.apk [bf2cadc314892ed1205fd264690c5b52b48f8e7217676e5d3ba945176f6125b6]
D/dalvikvm( 1649): GC_CONCURRENT freed 204K, 11% free 4177K/4660K, paused 2ms+9ms, total 33ms
D/FileApkUtils( 1649): Spent 39ms copying apk.
D/FileApkUtils( 1649): Copied dynamite bytes to /data/data/com.google.android.gms/app_chimera/m/s/DynamiteModules-prod.apk
D/dalvikvm(  242): GC_CONCURRENT freed 1178K, 57% free 7693K/17804K, paused 3ms+1ms, total 15ms
D/FileApkUtils( 1649): Spent 54ms extracting native libraries.
I/dalvikvm( 1649): Could not find method android.os.UserHandle.isOwner, referenced from method com.google.android.gms.stats.PlatformStatsCollectorService.a
W/dalvikvm( 1649): VFY: unable to resolve virtual method 1381: Landroid/os/UserHandle;.isOwner ()Z
D/dalvikvm( 1649): VFY: replacing opcode 0x6e at 0x0070
D/FileApkUtils( 1649): Optimizing: DynamiteModules-prod.apk [bf2cadc314892ed1205fd264690c5b52b48f8e7217676e5d3ba945176f6125b6]
D/DexOptUtils( 1649): Module /data/data/com.google.android.gms/app_chimera/m/00000000/DynamiteModules-prod.apk appears to be unoptimized.
D/DexOptUtils( 1649): Pre-lollipop platform, odex will live alongside the dex.
D/DexOptUtils( 1649): Instantiating DexClassLoader to force creation of odex.
D/DexOptUtils( 1649): Primary ABI of odexing process is x86
D/dalvikvm( 1649): DexOpt: --- BEGIN 'DynamiteModules-prod.apk' (bootstrap=0) ---
D/dalvikvm( 1649): GC_CONCURRENT freed 449K, 11% free 4233K/4732K, paused 33ms+1ms, total 36ms
I/PlatformStatsCollectorService( 1649): Start Settingsstats in 10583 seconds.
E/Genymotion(  242): Could not open '/sys/class/power_supply/genymotion_fake_path/present'
I/PlatformStatsCollectorService( 1649): Start Dropbox in 384 seconds.
E/Icing   ( 1649): Loading extension /data/data/com.google.android.gms/files/libAppDataSearchExt_x86.so failed
I/PlatformStatsCollectorService( 1649): Start Graphicsstats in 26359 seconds.
I/PlatformStatsCollectorService( 1649): Start Fingerprintstats in 62370 seconds.
I/PlatformStatsCollectorService( 1649): Start Procstats in 60850 seconds.
D/dalvikvm( 1649): GC_CONCURRENT freed 602K, 14% free 4188K/4840K, paused 0ms+1ms, total 9ms
I/PlatformStatsCollectorService( 1649): Start Diskstats in 24288 seconds.
I/PlatformStatsCollectorService( 1649): Start Notificationstats in 3044 seconds.
I/PlatformStatsCollectorService( 1649): Start Netstats in 52293 seconds.
D/dalvikvm( 1649): GC_CONCURRENT freed 458K, 14% free 4178K/4840K, paused 0ms+1ms, total 3ms
D/dalvikvm( 1649): GC_CONCURRENT freed 456K, 13% free 4232K/4840K, paused 1ms+0ms, total 3ms
I/PerfProfileCollectorService( 1649): Scheduling Perf Profile Collection every 86400 seconds
I/StatsUploadService( 1649): Turn off alarms uploading
I/StatsUploadService( 1649): Turn off networkusage uploading
I/StatsUploadService( 1649): Turn off wakelocks uploading
I/StatsUploadService( 1649): Turn off internal_service_connections uploading
D/dalvikvm( 1649): GC_CONCURRENT freed 545K, 13% free 4236K/4840K, paused 3ms+1ms, total 7ms
D/dalvikvm( 1565): GC_FOR_ALLOC freed 461K, 25% free 3658K/4872K, paused 11ms, total 11ms
D/dalvikvm( 1565): GC_CONCURRENT freed <1K, 25% free 3658K/4872K, paused 1ms+1ms, total 4ms
I/dalvikvm( 1623): Could not find method android.os.PowerManager.isDeviceIdleMode, referenced from method com.google.android.gms.gcm.cd.onReceive
W/dalvikvm( 1623): VFY: unable to resolve virtual method 1006: Landroid/os/PowerManager;.isDeviceIdleMode ()Z
D/dalvikvm( 1623): VFY: replacing opcode 0x6e at 0x0059
I/dalvikvm( 1623): Could not find method android.os.PowerManager.isDeviceIdleMode, referenced from method com.google.android.gms.gcm.e.c
W/dalvikvm( 1623): VFY: unable to resolve virtual method 1006: Landroid/os/PowerManager;.isDeviceIdleMode ()Z
D/dalvikvm( 1623): VFY: replacing opcode 0x6e at 0x0022
D/dalvikvm( 1623): GC_CONCURRENT freed 335K, 34% free 3657K/5536K, paused 3ms+1ms, total 7ms
D/dalvikvm( 1623): GC_CONCURRENT freed 515K, 35% free 3637K/5536K, paused 5ms+0ms, total 8ms
D/GCM     ( 1623): GcmService start Intent { act=com.google.android.talk.MCS_CONNECTION_SERVICE_STARTED flg=0x10 cmp=com.google.android.gms/.gcm.GcmService } com.google.android.talk.MCS_CONNECTION_SERVICE_STARTED
E/dalvikvm( 1649): Could not find class 'android.telephony.SubscriptionManager', referenced from method com.google.android.gms.checkin.CheckinService.d
W/dalvikvm( 1649): VFY: unable to resolve check-cast 534 (Landroid/telephony/SubscriptionManager;) in Lcom/google/android/gms/checkin/CheckinService;
D/dalvikvm( 1649): VFY: replacing opcode 0x1f at 0x000e
I/CheckinService( 1649): Disabling old GoogleServicesFramework version
I/CheckinService( 1649): GSF Checkin still active
I/CheckinService( 1649): disabled
I/SystemUpdateService( 1649): receiver: Intent { act=android.net.conn.CONNECTIVITY_CHANGE flg=0x8000010 cmp=com.google.android.gms/.update.SystemUpdateService$ActiveReceiver (has extras) }
D/dalvikvm( 1649): GC_CONCURRENT freed 374K, 11% free 4329K/4840K, paused 1ms+1ms, total 4ms
D/SystemUpdateService( 1649): onCreate
D/dalvikvm(  242): GC_CONCURRENT freed 1197K, 57% free 7714K/17804K, paused 0ms+1ms, total 21ms
D/SystemUpdateService( 1649): onStartCommand: intent: Intent { cmp=com.google.android.gms/.update.SystemUpdateService (has extras) }
I/dalvikvm( 1649): Could not find method android.app.Notification$Builder.setCategory, referenced from method com.google.android.gms.update.t.a
W/dalvikvm( 1649): VFY: unable to resolve virtual method 147: Landroid/app/Notification$Builder;.setCategory (Ljava/lang/String;)Landroid/app/Notification$Builder;
D/dalvikvm( 1649): VFY: replacing opcode 0x6e at 0x0419
I/iu.SyncManager( 1649): SYNC; picasa accounts
D/dalvikvm( 1649): GC_CONCURRENT freed 514K, 12% free 4404K/4964K, paused 9ms+1ms, total 12ms
D/NetworkLogImpl( 1649): Loaded NetworkSpeedPredictor
I/iu.Environment( 1649): update connectivity state; isNetworkMetered? false, isRoaming? false, isBackgroundDataAllowed? true*
I/UploadsDatabaseHelper( 1649): Creating database tables at version 33
D/dalvikvm( 1623): GC_CONCURRENT freed 430K, 35% free 3629K/5536K, paused 34ms+0ms, total 36ms
E/Icing   ( 1649): Loading extension /data/data/com.google.android.gms/files/libAppDataSearchExt_x86.so failed
I/SystemUpdateService( 1649): cancelUpdate (empty URL)
I/SystemUpdateService( 1649): active receiver: disabled
W/dalvikvm( 1649): VFY: unable to find class referenced in signature (Landroid/net/Network;)
I/CheckinService( 1649): GSF Checkin still active
I/CheckinService( 1649): disabled
I/SystemUpdateService( 1649): receiver: Intent { act=android.net.conn.CONNECTIVITY_CHANGE flg=0x8000010 cmp=com.google.android.gms/.update.SystemUpdateService$ActiveReceiver (has extras) }
D/SystemUpdateService( 1649): onStartCommand: intent: Intent { cmp=com.google.android.gms/.update.SystemUpdateService (has extras) }
D/dalvikvm( 1649): GC_CONCURRENT freed 583K, 13% free 4361K/4996K, paused 17ms+0ms, total 20ms
I/iu.UploadsManager( 1649): num queued entries: 0
I/SystemUpdateService( 1649): cancelUpdate (empty URL)
I/Icing   ( 1649): updateResources: need to parse f{com.google.android.gms}
I/SystemUpdateService( 1649): active receiver: disabled
I/iu.UploadsManager( 1649): num updated entries: 0
I/dalvikvm( 1649): Could not find method android.os.UserManager.getUserProfiles, referenced from method com.google.android.gms.wearable.service.WearableController.a
W/dalvikvm( 1649): VFY: unable to resolve virtual method 1587: Landroid/os/UserManager;.getUserProfiles ()Ljava/util/List;
D/dalvikvm( 1649): VFY: replacing opcode 0x6e at 0x003e
W/dalvikvm( 1565): Unable to resolve superclass of Lcom/google/android/gms/tapandpay/hce/service/TpHceService; (291)
W/dalvikvm( 1565): Link of class 'Lcom/google/android/gms/tapandpay/hce/service/TpHceService;' failed
E/dalvikvm( 1565): Could not find class 'com.google.android.gms.tapandpay.hce.service.TpHceService', referenced from method com.google.android.gms.tapandpay.paymentbundle.GmsInitializationCompletedReceiver.onReceive
W/dalvikvm( 1565): VFY: unable to resolve const-class 7485 (Lcom/google/android/gms/tapandpay/hce/service/TpHceService;) in Lcom/google/android/gms/tapandpay/paymentbundle/GmsInitializationCompletedReceiver;
D/dalvikvm( 1565): VFY: replacing opcode 0x1c at 0x0059
E/MDM     ( 1565): [169] b.run: Couldn't connect to Google API client: ConnectionResult{statusCode=API_UNAVAILABLE, resolution=null, message=null}
I/iu.SyncManager( 1649): NEXT; no task
D/GCM     ( 1649): COMPAT: Multi user not supported
D/SystemUpdateService( 1649): onDestroy
D/dalvikvm( 1649): GC_CONCURRENT freed 546K, 13% free 4401K/5016K, paused 10ms+0ms, total 32ms
D/GCM     ( 1623): GcmService start Intent { act=com.google.android.c2dm.intent.REGISTER pkg=com.google.android.gms cmp=com.google.android.gms/.gcm.GcmService (has extras) } com.google.android.c2dm.intent.REGISTER
W/SQLiteConnectionPool( 1649): A SQLiteConnection object for database '/data/data/com.google.android.gms/databases/networkstatistics.sqlite' was leaked!  Please fix your application to end transactions in progress properly and to close the database when it is no longer needed.
I/ChimeraConfigService( 1649): Scheduling checkin for periodic execution 102 seconds from now (1459975274946)
D/dalvikvm(  242): GC_CONCURRENT freed 1281K, 58% free 7646K/17804K, paused 0ms+1ms, total 36ms
I/SubscribedFeeds( 1649): Setting ComponentInfo{com.google.android.gms/com.google.android.gms.subscribedfeeds.SyncService} to enum: 1
D/dalvikvm( 1565): GC_CONCURRENT freed 277K, 23% free 3765K/4872K, paused 0ms+1ms, total 15ms
I/dalvikvm( 1649): Could not find method android.app.ActivityManager.isLowRamDevice, referenced from method com.google.android.gms.common.analytics.f.a
W/dalvikvm( 1649): VFY: unable to resolve virtual method 120: Landroid/app/ActivityManager;.isLowRamDevice ()Z
D/dalvikvm( 1649): VFY: replacing opcode 0x6e at 0x00d2
D/LocationInitializer( 1649): Restart initialization of location
D/AuthorizationBluetoothService( 1623): Received GmsCore event: Intent { act=com.google.android.gms.INITIALIZE flg=0x10 pkg=com.google.android.gms cmp=com.google.android.gms/.auth.be.proximity.authorization.bt.AuthorizationBluetoothService$AutoStarter }.
I/dalvikvm( 1623): Could not find method android.os.UserManager.isManagedProfile, referenced from method com.google.android.gms.auth.be.proximity.authorization.bt.b.a
W/dalvikvm( 1623): VFY: unable to resolve virtual method 1036: Landroid/os/UserManager;.isManagedProfile ()Z
D/dalvikvm( 1623): VFY: replacing opcode 0x6e at 0x002f
E/AuthorizationBluetoothService( 1623): Proximity feature is not enabled.
E/dalvikvm( 1649): Could not find class 'android.app.usage.UsageStatsManager', referenced from method com.google.android.gms.lockbox.LockboxService.a
W/dalvikvm( 1649): VFY: unable to resolve check-cast 75 (Landroid/app/usage/UsageStatsManager;) in Lcom/google/android/gms/lockbox/LockboxService;
D/dalvikvm( 1649): VFY: replacing opcode 0x1f at 0x0035
V/GLSActivity( 1623): AuthDelegateWrapperCreated with selected intent: Intent { cmp=com.google.android.gms/.auth.DefaultAuthDelegateService }
D/dalvikvm( 1649): GC_CONCURRENT freed 465K, 12% free 4458K/5016K, paused 4ms+1ms, total 10ms
I/Scheduler( 1649): Use legacy PeriodicScheduler
D/GmsModuleFndr( 1649): Beginning GMS chimera module scan
D/GmsModuleFndr( 1649): Module pkg com.google.android.play.games not installed, skipping
E/ConfigFileUtils( 1649): Failed to read config file: /data/data/com.google.android.gms/app_chimera/current_fileapks.pb: open failed: ENOENT (No such file or directory)
D/ChimeraCfgMgr( 1649): Beginning module configuration check
D/ChimeraCfgMgr( 1649): Module APKs unchanged, check complete
E/dalvikvm( 1649): Could not find class 'android.net.NetworkRequest$Builder', referenced from method com.google.android.gms.common.stats.GmsCoreStatsService.onCreate
W/dalvikvm( 1649): VFY: unable to resolve new-instance 268 (Landroid/net/NetworkRequest$Builder;) in Lcom/google/android/gms/common/stats/GmsCoreStatsService;
D/dalvikvm( 1649): VFY: replacing opcode 0x22 at 0x00af
W/dalvikvm( 1649): Unable to resolve superclass of Lcom/google/android/gms/common/stats/h; (262)
W/dalvikvm( 1649): Link of class 'Lcom/google/android/gms/common/stats/h;' failed
W/dalvikvm( 1649): Unable to resolve superclass of Lcom/google/android/gms/common/stats/h; (262)
W/dalvikvm( 1649): Link of class 'Lcom/google/android/gms/common/stats/h;' failed
I/dalvikvm( 1649): Could not find method android.net.ConnectivityManager.unregisterNetworkCallback, referenced from method com.google.android.gms.common.stats.GmsCoreStatsService.onDestroy
W/IcingInternalCorpora( 1649): getNumBytesRead when not calculated.
W/dalvikvm( 1649): VFY: unable to resolve virtual method 1270: Landroid/net/ConnectivityManager;.unregisterNetworkCallback (Landroid/net/ConnectivityManager$NetworkCallback;)V
D/dalvikvm( 1649): VFY: replacing opcode 0x6e at 0x0021
D/dalvikvm( 1649): DexOpt: unable to opt direct call 0x04fc at 0xb1 in Lcom/google/android/gms/common/stats/GmsCoreStatsService;.onCreate
W/dalvikvm( 1649): Unable to resolve superclass of Lcom/google/android/gms/common/stats/h; (262)
W/dalvikvm( 1649): Link of class 'Lcom/google/android/gms/common/stats/h;' failed
D/dalvikvm( 1649): DexOpt: unable to opt direct call 0x5134 at 0xd3 in Lcom/google/android/gms/common/stats/GmsCoreStatsService;.onCreate
I/GCM     ( 1623): GCM config loaded
D/k       ( 1649): Package com.google.android.gms's hash: 7247675bd853472a523f9931e2b64456685bb111cb1ff57d5701795eba57a4d3
D/b       ( 1649): Look up (com.google.android.gms:8703070) returned no result
D/k       ( 1649): Saved the app info in cache for package:com.google.android.gms.
V/AuthZen ( 1649): Handling intent: com.google.android.gms.GMS_UPDATED
D/dalvikvm( 1649): GC_CONCURRENT freed 562K, 12% free 4511K/5124K, paused 1ms+0ms, total 4ms
V/GLSActivity( 1623): AuthDelegateWrapperCreated with selected intent: Intent { cmp=com.google.android.gms/.auth.DefaultAuthDelegateService }
W/Auth    ( 1623): [Change,LoginAccountsChangedIntentService] LoginAccountsChangedIntentService received unknown action: com.google.android.gms.auth.change.REFRESH
I/PeopleDatabaseHelper( 1649): Upgrading from version 39 to 1405
I/PeopleDatabaseHelper( 1649): Fixing sync
D/dalvikvm( 1623): GC_CONCURRENT freed 351K, 34% free 3663K/5536K, paused 4ms+1ms, total 6ms
I/ActivityManager(  242): Start proc com.google.android.gsf.login for service com.google.android.gsf.login/com.google.android.gsf.loginservice.GoogleLoginService: pid=1993 uid=10053 gids={50053, 3003, 1007, 1028, 1015, 1006, 2001, 3006, 3002, 3001}
D/AuthZenEventHandler( 1649): Handling event: com.google.android.gms.GMS_UPDATED
I/PeopleDatabaseHelper( 1649): Last status=2  people sync=true  focus sync=true [e6338b87]
W/BaseAppContext( 1649): Using Auth Proxy for data requests.
W/dalvikvm( 1649): VFY: unable to find class referenced in signature (Landroid/net/Network;)
W/dalvikvm( 1649): VFY: unable to find class referenced in signature (Landroid/net/Network;)
I/dalvikvm( 1649): Could not find method java.net.HttpURLConnection.setFixedLengthStreamingMode, referenced from method com.google.android.gms.http.GoogleHttpClient.a
W/dalvikvm( 1649): VFY: unable to resolve virtual method 25812: Ljava/net/HttpURLConnection;.setFixedLengthStreamingMode (J)V
D/dalvikvm( 1649): VFY: replacing opcode 0x6e at 0x006a
W/dalvikvm( 1649): VFY: unable to find class referenced in signature (Landroid/net/Network;)
I/dalvikvm( 1649): Could not find method android.net.Network.openConnection, referenced from method com.google.android.gms.http.g.a
W/dalvikvm( 1649): VFY: unable to resolve virtual method 1020: Landroid/net/Network;.openConnection (Ljava/net/URL;)Ljava/net/URLConnection;
D/dalvikvm( 1649): VFY: replacing opcode 0x6e at 0x00bb
D/dalvikvm( 1649): GC_CONCURRENT freed 516K, 12% free 4551K/5124K, paused 0ms+1ms, total 3ms
E/BaseAppContext( 1649): Tried to stop global GMSCore RequestQueue. This is likely unintended, so ignoring.
I/ActivityManager(  242): No longer want com.android.calendar (pid 981): empty #17
I/dalvikvm( 1649): Could not find method android.os.UserManager.isManagedProfile, referenced from method com.google.android.gms.auth.be.proximity.authorization.bt.b.a
W/dalvikvm( 1649): VFY: unable to resolve virtual method 1036: Landroid/os/UserManager;.isManagedProfile ()Z
D/dalvikvm( 1649): VFY: replacing opcode 0x6e at 0x002f
W/dalvikvm( 1649): VFY: unable to find class referenced in signature (Landroid/app/SharedElementCallback;)
I/dalvikvm( 1649): Could not find method android.app.Activity.setEnterSharedElementCallback, referenced from method android.support.v4.app.w.setEnterSharedElementCallback
W/dalvikvm( 1649): VFY: unable to resolve virtual method 54: Landroid/app/Activity;.setEnterSharedElementCallback (Landroid/app/SharedElementCallback;)V
D/dalvikvm( 1649): VFY: replacing opcode 0x6e at 0x000e
W/dalvikvm( 1649): VFY: unable to find class referenced in signature (Landroid/app/SharedElementCallback;)
I/dalvikvm( 1649): Could not find method android.app.Activity.setExitSharedElementCallback, referenced from method android.support.v4.app.w.setExitSharedElementCallback
W/dalvikvm( 1649): VFY: unable to resolve virtual method 55: Landroid/app/Activity;.setExitSharedElementCallback (Landroid/app/SharedElementCallback;)V
D/dalvikvm( 1649): VFY: replacing opcode 0x6e at 0x000e
I/dalvikvm( 1649): Could not find method android.app.Activity.finishAfterTransition, referenced from method android.support.v4.app.w.supportFinishAfterTransition
W/dalvikvm( 1649): VFY: unable to resolve virtual method 32: Landroid/app/Activity;.finishAfterTransition ()V
D/dalvikvm( 1649): VFY: replacing opcode 0x6e at 0x0006
I/dalvikvm( 1649): Could not find method android.app.Activity.postponeEnterTransition, referenced from method android.support.v4.app.w.supportPostponeEnterTransition
W/dalvikvm( 1649): VFY: unable to resolve virtual method 50: Landroid/app/Activity;.postponeEnterTransition ()V
D/dalvikvm( 1649): VFY: replacing opcode 0x6e at 0x0006
I/dalvikvm( 1649): Could not find method android.app.Activity.startPostponedEnterTransition, referenced from method android.support.v4.app.w.supportStartPostponedEnterTransition
W/dalvikvm( 1649): VFY: unable to resolve virtual method 62: Landroid/app/Activity;.startPostponedEnterTransition ()V
D/dalvikvm( 1649): VFY: replacing opcode 0x6e at 0x0006
I/LocationInitializer( 1649): Initializing location.
D/dalvikvm( 1918): DexOpt: load 187ms, verify+opt 944ms, 2743708 bytes
I/AuthZen ( 1649): Fetching signing key...
I/PeopleDatabaseHelper( 1649): cleanUpNonGplusAccounts done.
I/PeopleSearchIndexManage( 1649): Index version changed from 2
V/GMPM-SVC( 1649): Update service enabled state to: 1
D/dalvikvm( 1649): DexOpt: --- END 'DynamiteModules-prod.apk' (success) ---
D/dalvikvm( 1649): DEX prep '/data/data/com.google.android.gms/app_chimera/m/00000000/DynamiteModules-prod.apk': unzip in 29ms, rewrite 1266ms
D/DexOptUtils( 1649): Odex created at:/data/data/com.google.android.gms/app_chimera/m/00000000/DynamiteModules-prod.dex
D/DexOptUtils( 1649): Set odex to world readable.
D/DexOptUtils( 1649): Renamed odex to /data/data/com.google.android.gms/app_chimera/m/00000000/DynamiteModules-prod.odex
D/GmsModuleFndr( 1649): Beginning GMS chimera module scan
D/GmsModuleFndr( 1649): Module pkg com.google.android.play.games not installed, skipping
D/ChimeraCfgMgr( 1649): Beginning module configuration check
D/ChimeraModuleApk( 1649): Loading chimera manifest from ContainerApk(com.google.android.gms)
D/ChimeraCfgMgr( 1649): Considering module(com.google.android.gms,v8703) from ContainerApk(com.google.android.gms)
D/ChimeraCfgMgr( 1649): Considering module(com.google.android.gms.cast,v1) from ContainerApk(com.google.android.gms)
D/ChimeraCfgMgr( 1649): Considering module(com.google.android.gms.feedback,v1) from ContainerApk(com.google.android.gms)
D/ChimeraCfgMgr( 1649): Considering module(com.google.android.gms.games,v1) from ContainerApk(com.google.android.gms)
D/ChimeraCfgMgr( 1649): Considering module(com.google.android.gms.gass,v1) from ContainerApk(com.google.android.gms)
D/ChimeraCfgMgr( 1649): Considering module(com.google.android.gms.googlehelp,v1) from ContainerApk(com.google.android.gms)
D/ChimeraCfgMgr( 1649): Considering module(com.google.android.gms.kids,v3) from ContainerApk(com.google.android.gms)
D/ChimeraCfgMgr( 1649): Considering module(com.google.android.gms.vision,v1) from ContainerApk(com.google.android.gms)
D/ChimeraCfgMgr( 1649): Considering module(com.google.android.gms.wearable,v1) from ContainerApk(com.google.android.gms)
D/ChimeraFileApk( 1649): Loading chimera manifest from FileApk(/data/data/com.google.android.gms/app_chimera/m/00000000/DynamiteModules-prod.apk)
I/PeopleSearchIndexManage( 1649): Rebuilding index...
D/dalvikvm( 1623): GC_CONCURRENT freed 369K, 34% free 3683K/5536K, paused 1ms+0ms, total 4ms
D/dalvikvm( 1649): GC_CONCURRENT freed 374K, 9% free 4749K/5172K, paused 5ms+1ms, total 8ms
I/PeopleASM( 1649): Rebuilding autocomplete index...
D/ChimeraCfgMgr( 1649): Considering module(com.google.android.gms.ads,v1) from FileApk(/data/data/com.google.android.gms/app_chimera/m/00000000/DynamiteModules-prod.apk)
D/ChimeraCfgMgr( 1649): Considering module(com.google.android.gms.maps,v1) from FileApk(/data/data/com.google.android.gms/app_chimera/m/00000000/DynamiteModules-prod.apk)
D/ChimeraCfgRslvr( 1649): Beginning module config resolution
D/ChimeraCfgRslvr( 1649): module(com.google.android.gms,v8703) has no external dependencies, accepted
D/ChimeraCfgRslvr( 1649): module(com.google.android.gms.ads,v1) accepted
D/ChimeraCfgRslvr( 1649): module(com.google.android.gms.cast,v1) accepted
D/ChimeraCfgRslvr( 1649): module(com.google.android.gms.feedback,v1) accepted
D/ChimeraCfgRslvr( 1649): module(com.google.android.gms.games,v1) accepted
D/ChimeraCfgRslvr( 1649): module(com.google.android.gms.gass,v1) accepted
D/ChimeraCfgRslvr( 1649): module(com.google.android.gms.googlehelp,v1) accepted
D/ChimeraCfgRslvr( 1649): module(com.google.android.gms.kids,v3) accepted
D/ChimeraCfgRslvr( 1649): module(com.google.android.gms.maps,v1) accepted
D/ChimeraCfgRslvr( 1649): module(com.google.android.gms.vision,v1) accepted
D/ChimeraCfgRslvr( 1649): module(com.google.android.gms.wearable,v1) accepted
D/ChimeraCfgRslvr( 1649): Module config resolution complete
I/AuthZen ( 1649): Creating new signing Keys for handle: device_key
D/AuthZen ( 1649): Adding new credential
I/PeopleSearchIndexManage( 1649): Rebuilding index done.
D/FileApkUtils( 1649): Adding module set unique id: [0]
D/FileApkUtils( 1649): Adding module set unique id: [0]
D/FileApkUtils( 1649): Adding installed module unique id: [0]
D/FileApkUtils( 1649): Referenced module unique id: [0]
D/FileApkUtils( 1649): Keeping up-to-date module: 00000000
I/AuthZen ( 1649): Signing key fetched successfully!
D/FileApkUtils( 1649): Optimizing (staging complete)
D/FileApkUtils( 1649): Optimizing: DynamiteModules-prod.apk [bf2cadc314892ed1205fd264690c5b52b48f8e7217676e5d3ba945176f6125b6]
D/DexOptUtils( 1649): Module /data/data/com.google.android.gms/app_chimera/m/00000000/DynamiteModules-prod.apk appears to be unoptimized.
D/DexOptUtils( 1649): Pre-lollipop platform, odex will live alongside the dex.
D/DexOptUtils( 1649): Instantiating DexClassLoader to force creation of odex.
D/DexOptUtils( 1649): Primary ABI of odexing process is x86
D/DexOptUtils( 1649): Odex not created. It may have already been created and renamed.
I/PeopleSync( 1649): requestContactSyncCleanup [e6338b87]
W/BaseAppContext( 1649): Using Auth Proxy for data requests.
I/AuthZen ( 1649): Starting Enrollment...
D/AuthZen ( 1649): getting auth token. Attempt 0
I/dalvikvm( 1623): Could not find method android.accounts.AccountManager.removeAccount, referenced from method com.google.android.gms.auth.o.a
W/dalvikvm( 1623): VFY: unable to resolve virtual method 15: Landroid/accounts/AccountManager;.removeAccount (Landroid/accounts/Account;Landroid/app/Activity;Landroid/accounts/AccountManagerCallback;Landroid/os/Handler;)Landroid/accounts/AccountManagerFuture;
D/dalvikvm( 1623): VFY: replacing opcode 0x6e at 0x001c
V/GLSActivity( 1623): AuthDelegateWrapperCreated with selected intent: Intent { cmp=com.google.android.gms/.auth.DefaultAuthDelegateService }
V/GLSActivity( 1623): AuthDelegateWrapperCreated with selected intent: Intent { cmp=com.google.android.gms/.auth.DefaultAuthDelegateService }
E/dalvikvm( 1623): Could not find class 'android.net.Network', referenced from method com.google.android.gms.auth.be.k.a
W/dalvikvm( 1623): VFY: unable to resolve check-cast 183 (Landroid/net/Network;) in Lcom/google/android/gms/auth/be/k;
D/dalvikvm( 1623): VFY: replacing opcode 0x1f at 0x0149
I/dalvikvm( 1623): Failed resolving Lcom/google/android/gms/common/util/g; interface 33 'Landroid/app/AppOpsManager$OnOpChangedListener;'
W/dalvikvm( 1623): Link of class 'Lcom/google/android/gms/common/util/g;' failed
W/dalvikvm( 1623): Unable to resolve superclass of Lcom/google/android/gms/common/util/h; (2717)
W/dalvikvm( 1623): Link of class 'Lcom/google/android/gms/common/util/h;' failed
E/dalvikvm( 1623): Could not find class 'com.google.android.gms.common.util.h', referenced from method com.google.android.gms.common.util.e.a
W/dalvikvm( 1623): VFY: unable to resolve new-instance 2718 (Lcom/google/android/gms/common/util/h;) in Lcom/google/android/gms/common/util/e;
D/dalvikvm( 1623): VFY: replacing opcode 0x22 at 0x0008
D/dalvikvm( 1623): GC_CONCURRENT freed 344K, 33% free 3723K/5536K, paused 5ms+1ms, total 8ms
I/dalvikvm( 1623): Failed resolving Lcom/google/android/gms/common/util/g; interface 33 'Landroid/app/AppOpsManager$OnOpChangedListener;'
W/dalvikvm( 1623): Link of class 'Lcom/google/android/gms/common/util/g;' failed
E/dalvikvm( 1623): Could not find class 'com.google.android.gms.common.util.g', referenced from method com.google.android.gms.common.util.e.a
W/dalvikvm( 1623): VFY: unable to resolve new-instance 2717 (Lcom/google/android/gms/common/util/g;) in Lcom/google/android/gms/common/util/e;
D/dalvikvm( 1623): VFY: replacing opcode 0x22 at 0x0026
I/dalvikvm( 1623): Failed resolving Lcom/google/android/gms/common/util/g; interface 33 'Landroid/app/AppOpsManager$OnOpChangedListener;'
W/dalvikvm( 1623): Link of class 'Lcom/google/android/gms/common/util/g;' failed
W/dalvikvm( 1623): Unable to resolve superclass of Lcom/google/android/gms/common/util/h; (2717)
W/dalvikvm( 1623): Link of class 'Lcom/google/android/gms/common/util/h;' failed
D/dalvikvm( 1623): DexOpt: unable to opt direct call 0x2e32 at 0x0a in Lcom/google/android/gms/common/util/e;.a
I/dalvikvm( 1623): Failed resolving Lcom/google/android/gms/common/util/g; interface 33 'Landroid/app/AppOpsManager$OnOpChangedListener;'
W/dalvikvm( 1623): Link of class 'Lcom/google/android/gms/common/util/g;' failed
D/dalvikvm( 1623): DexOpt: unable to opt direct call 0x2e2a at 0x28 in Lcom/google/android/gms/common/util/e;.a
I/GLSUser ( 1623): [GLSUser] getTokenFromGoogle [account: <ELLIDED:1058195307>, callingPkg: com.google.android.gms, service: oauth2:https://www.googleapis.com/auth/cryptauth
D/dalvikvm(  242): GC_CONCURRENT freed 1272K, 58% free 7565K/17804K, paused 0ms+6ms, total 25ms
D/GCM     ( 1623): GcmService start Intent { act=com.google.android.gms.GMS_UPDATED cmp=com.google.android.gms/.gcm.GcmService } com.google.android.gms.GMS_UPDATED
I/MDM     ( 1649): [261] SitrepService.onHandleIntent: sending sitrep: [6, 0, [Yjncn7g85ynJ2N8n1EFFdz3CAA0], false]
W/BaseAppContext( 1649): Using Auth Proxy for data requests.
I/GLSUser ( 1623): [GLSUser] getTokenFromGoogle [account: <ELLIDED:1058195307>, callingPkg: com.google.android.gms, service: oauth2:https://www.googleapis.com/auth/android_device_manager
D/dalvikvm( 1623): GC_CONCURRENT freed 345K, 32% free 3773K/5536K, paused 1ms+0ms, total 4ms
D/GCM     ( 1623): GcmService start Intent { act=com.google.android.c2dm.intent.REGISTER pkg=com.google.android.gms cmp=com.google.android.gms/.gcm.GcmService (has extras) } com.google.android.c2dm.intent.REGISTER
D/dalvikvm( 1649): GC_CONCURRENT freed 588K, 12% free 4821K/5456K, paused 4ms+0ms, total 8ms
I/PeopleSync( 1649): onPerformSync() [e6338b87]
W/DriveInitializer( 1649): Background init thread ended
D/dalvikvm( 1623): GC_CONCURRENT freed 360K, 31% free 3822K/5536K, paused 18ms+2ms, total 20ms
I/dalvikvm( 1565): Could not find method android.view.InputDevice.hasKeys, referenced from method com.google.android.gms.deviceconnection.a.c.a
W/dalvikvm( 1565): VFY: unable to resolve virtual method 5365: Landroid/view/InputDevice;.hasKeys ([I)[Z
D/dalvikvm( 1565): VFY: replacing opcode 0x6e at 0x001b
E/dalvikvm( 1565): Could not find class 'android.app.usage.UsageStatsManager', referenced from method com.google.android.gms.lockbox.LockboxService.a
W/dalvikvm( 1565): VFY: unable to resolve check-cast 75 (Landroid/app/usage/UsageStatsManager;) in Lcom/google/android/gms/lockbox/LockboxService;
D/dalvikvm( 1565): VFY: replacing opcode 0x1f at 0x0035
D/dalvikvm( 1565): GC_CONCURRENT freed 245K, 20% free 3906K/4872K, paused 0ms+1ms, total 3ms
I/PeopleSync( 1649): Setting subscription: result=true [e6338b87]
I/PeopleSync( 1649): Starting sync, feed=null [e6338b87]
E/dalvikvm( 1565): Could not find class 'android.net.NetworkRequest$Builder', referenced from method com.google.android.gms.common.stats.GmsCoreStatsService.onCreate
W/dalvikvm( 1565): VFY: unable to resolve new-instance 268 (Landroid/net/NetworkRequest$Builder;) in Lcom/google/android/gms/common/stats/GmsCoreStatsService;
D/dalvikvm( 1565): VFY: replacing opcode 0x22 at 0x00af
W/dalvikvm( 1565): Unable to resolve superclass of Lcom/google/android/gms/common/stats/h; (262)
W/dalvikvm( 1565): Link of class 'Lcom/google/android/gms/common/stats/h;' failed
W/dalvikvm( 1565): Unable to resolve superclass of Lcom/google/android/gms/common/stats/h; (262)
W/dalvikvm( 1565): Link of class 'Lcom/google/android/gms/common/stats/h;' failed
I/dalvikvm( 1565): Could not find method android.net.ConnectivityManager.unregisterNetworkCallback, referenced from method com.google.android.gms.common.stats.GmsCoreStatsService.onDestroy
W/dalvikvm( 1565): VFY: unable to resolve virtual method 1270: Landroid/net/ConnectivityManager;.unregisterNetworkCallback (Landroid/net/ConnectivityManager$NetworkCallback;)V
D/dalvikvm( 1565): VFY: replacing opcode 0x6e at 0x0021
D/dalvikvm( 1565): DexOpt: unable to opt direct call 0x04fc at 0xb1 in Lcom/google/android/gms/common/stats/GmsCoreStatsService;.onCreate
W/dalvikvm( 1565): Unable to resolve superclass of Lcom/google/android/gms/common/stats/h; (262)
W/dalvikvm( 1565): Link of class 'Lcom/google/android/gms/common/stats/h;' failed
D/dalvikvm( 1565): DexOpt: unable to opt direct call 0x5134 at 0xd3 in Lcom/google/android/gms/common/stats/GmsCoreStatsService;.onCreate
I/GLSUser ( 1623): [GLSUser] getAuthtoken(<ELLIDED:1058195307>, oauth2:https://www.googleapis.com/auth/cryptauth) -> status: null)
I/GLSUser ( 1623): [GLSUser] Extracting token using key: Auth
D/dalvikvm( 1623): GC_CONCURRENT freed 393K, 31% free 3854K/5536K, paused 2ms+7ms, total 11ms
W/GLSUser ( 1623): [GLSUser] Permission for com.google.android.gms to access oauth2:https://www.googleapis.com/auth/cryptauth will be managed locally.
D/GLMSImpl( 1565): onGmsCoreInit
D/ChimeraCfgMgr( 1565): Notified of config change, reloading
D/ChimeraCfgMgr( 1565): Reading stored module config
D/AuthZen ( 1649): successfully got auth token
D/AuthZen ( 1649): Starting authzen enrollment
I/PhenotypeConfigurator( 1565): Scheduling Phenotype for one-off execution 3240 seconds from now (1459975275783)
E/copresGcore( 1565): ObfuscatedGaiaIdLookup: Could not load ObfuscatedGaiaIds: /data/data/com.google.android.gms/files/copresence_gaia_id: open failed: ENOENT (No such file or directory)
D/dalvikvm( 1565): GC_CONCURRENT freed 362K, 20% free 3937K/4872K, paused 1ms+0ms, total 5ms
E/copresGcore( 1565): ObfuscatedGaiaIdLookup: GaiaId for account 'account#9#', not found in cache.
I/PeopleContactsSync( 1649): CP2 sync start [e6338b87]
W/BaseAppContext( 1565): Using Auth Proxy for data requests.
D/dalvikvm( 1649): GC_CONCURRENT freed 667K, 13% free 4845K/5560K, paused 0ms+0ms, total 4ms
I/PlatformStatsCollectorService( 1649): Start Settingsstats in 19758 seconds.
I/PlatformStatsCollectorService( 1649): Start Dropbox in 84410 seconds.
I/PlatformStatsCollectorService( 1649): Start Graphicsstats in 24305 seconds.
I/PlatformStatsCollectorService( 1649): Start Fingerprintstats in 84633 seconds.
I/PlatformStatsCollectorService( 1649): Start Procstats in 45472 seconds.
I/PlatformStatsCollectorService( 1649): Start Diskstats in 85424 seconds.
I/PlatformStatsCollectorService( 1649): Start Notificationstats in 54114 seconds.
I/PlatformStatsCollectorService( 1649): Start Netstats in 33367 seconds.
D/dalvikvm( 1623): GC_CONCURRENT freed 341K, 30% free 3897K/5536K, paused 3ms+0ms, total 8ms
W/GLSUser ( 1623): [DeviceKeyStore] Cannot load key: Device key file not found.
I/PeopleContactsSync( 1649): CP2 cleanup done, kept= duration=85 ms
I/GLSUser ( 1623): [GLSUser] getAuthtoken(<ELLIDED:1058195307>, oauth2:https://www.googleapis.com/auth/android_device_manager) -> status: null)
I/GLSUser ( 1623): [GLSUser] Extracting token using key: Auth
E/BaseAppContext( 1565): Tried to stop global GMSCore RequestQueue. This is likely unintended, so ignoring.
E/SQLiteLog( 1565): (1) no such table: log_source_qos_tier
E/MDM     ( 1565): [182] b.run: Couldn't connect to Google API client: ConnectionResult{statusCode=API_UNAVAILABLE, resolution=null, message=null}
W/GLSUser ( 1623): [GLSUser] Permission for com.google.android.gms to access oauth2:https://www.googleapis.com/auth/android_device_manager will be managed locally.
D/dalvikvm( 1649): GC_CONCURRENT freed 677K, 14% free 4858K/5592K, paused 0ms+3ms, total 16ms
I/PerfProfileCollectorService( 1649): Scheduling Perf Profile Collection every 86400 seconds
D/dalvikvm( 1565): GC_CONCURRENT freed 228K, 16% free 4102K/4872K, paused 2ms+0ms, total 4ms
I/dalvikvm( 1649): Could not find method android.app.admin.DevicePolicyManager.getProfileOwner, referenced from method com.google.android.gms.auth.WorkAccountAuthenticatorInitializer.a
W/dalvikvm( 1649): VFY: unable to resolve virtual method 175: Landroid/app/admin/DevicePolicyManager;.getProfileOwner ()Landroid/content/ComponentName;
D/dalvikvm( 1649): VFY: replacing opcode 0x6e at 0x0053
W/ActivityManager(  242): Unable to start service Intent { act=INITIALIZE_SUBSCRIPTIONS cmp=com.google.android.gms/.nearby.sharing.NearbySharingIntentService } U=0: not found
D/AuthorizationBluetoothService( 1623): Received GmsCore event: Intent { act=com.google.android.gms.INITIALIZE flg=0x10 pkg=com.google.android.gms cmp=com.google.android.gms/.auth.be.proximity.authorization.bt.AuthorizationBluetoothService$AutoStarter }.
E/AuthorizationBluetoothService( 1623): Proximity feature is not enabled.
D/LocationInitializer( 1649): Restart initialization of location
I/PhenotypeConfigurator( 1649): Scheduling Phenotype for one-off execution 8766 seconds from now (1459975275995)
V/GLSActivity( 1623): AuthDelegateWrapperCreated with selected intent: Intent { cmp=com.google.android.gms/.auth.DefaultAuthDelegateService }
D/WearInitializer( 1649): Running WearInitializer
D/AuthorizationBluetoothService( 1623): Received GmsCore event: Intent { act=com.google.android.gms.INITIALIZE flg=0x10 pkg=com.google.android.gms cmp=com.google.android.gms/.auth.be.proximity.authorization.bt.AuthorizationBluetoothService$AutoStarter }.
E/AuthorizationBluetoothService( 1623): Proximity feature is not enabled.
V/GLSActivity( 1623): AuthDelegateWrapperCreated with selected intent: Intent { cmp=com.google.android.gms/.auth.DefaultAuthDelegateService }
D/SystemEventReceiver( 1649): Received GMS_UPDATE broadcast
D/GmsModuleFndr( 1649): Beginning GMS chimera module scan
D/GmsModuleFndr( 1649): Module pkg com.google.android.play.games not installed, skipping
D/ChimeraCfgMgr( 1649): Beginning module configuration check
D/ChimeraCfgMgr( 1649): Module APKs unchanged, check complete
D/LocationInitializer( 1649): Restart initialization of location
D/dalvikvm( 1623): GC_CONCURRENT freed 395K, 30% free 3885K/5536K, paused 5ms+0ms, total 8ms
V/FeaturePrerequisiteCheckerUtil( 1649): Build version: 18
V/FeaturePrerequisiteCheckerUtil( 1649): Model: Samsung Galaxy Note 2 - 4.3 - API 18 - 720x1280
V/FeaturePrerequisiteCheckerUtil( 1649): CPU_ABI: x86
V/FeaturePrerequisiteCheckerUtil( 1649): CPU_ABI2: armeabi-v7a
V/EmulatedCamera_Camera(  401): getCameraInfo
V/EmulatedCamera_BaseCamera(  401): getCameraInfo
V/FeaturePrerequisiteCheckerUtil( 1649): Camera #0 is a rear-facing camera.
D/CreditCardPrerequisiteChecker( 1649): All prerequisites OK.
I/OcrUtils( 1649): Updating ocr activity enabled=true
D/dalvikvm(  242): GC_CONCURRENT freed 1035K, 57% free 7696K/17804K, paused 1ms+0ms, total 10ms
I/PeopleContactsSync( 1649):   updateBabelActionMimeType
I/Scheduler( 1565): Use legacy PeriodicScheduler
D/BootCompletedReceiver( 1649): Will schedule periodic tasks:com.google.android.gms.GMS_UPDATED.
D/BootCompletedReceiver( 1649): Got a GmsCore update event.
D/BootCompletedReceiver( 1649): Will NOT schedule AdAttestation signal task because it's disabled.
D/OcrModelManager( 1649): Updating downloaded model state (gcore updated)
W/ActivityManager(  242): Unable to start service Intent { act=com.google.android.gms.GMS_UPDATED pkg=com.google.android.gms } U=0: not found
I/dalvikvm( 1565): Could not find method android.app.ActivityManager.isLowRamDevice, referenced from method com.google.android.gms.common.analytics.f.a
W/dalvikvm( 1565): VFY: unable to resolve virtual method 120: Landroid/app/ActivityManager;.isLowRamDevice ()Z
D/dalvikvm( 1565): VFY: replacing opcode 0x6e at 0x00d2
E/MDM     ( 1565): [187] b.run: Couldn't connect to Google API client: ConnectionResult{statusCode=API_UNAVAILABLE, resolution=null, message=null}
D/dalvikvm( 1649): GC_CONCURRENT freed 709K, 14% free 4950K/5704K, paused 1ms+1ms, total 32ms
D/dalvikvm( 1649): WAIT_FOR_CONCURRENT_GC blocked 5ms
D/dalvikvm( 1649): WAIT_FOR_CONCURRENT_GC blocked 6ms
D/dalvikvm( 1649): WAIT_FOR_CONCURRENT_GC blocked 7ms
D/WearInitializer( 1649): enabled .WearableService
D/dalvikvm( 1649): WAIT_FOR_CONCURRENT_GC blocked 15ms
D/dalvikvm( 1649): WAIT_FOR_CONCURRENT_GC blocked 14ms
D/dalvikvm( 1565): GC_CONCURRENT freed 291K, 14% free 4235K/4872K, paused 1ms+1ms, total 4ms
D/dalvikvm( 1649): GC_CONCURRENT freed 706K, 14% free 4984K/5740K, paused 9ms+6ms, total 24ms
D/AuthorizationBluetoothService( 1623): Received GmsCore event: Intent { act=com.google.android.gms.GMS_UPDATED flg=0x10 pkg=com.google.android.gms cmp=com.google.android.gms/.auth.be.proximity.authorization.bt.AuthorizationBluetoothService$AutoStarter }.
E/AuthorizationBluetoothService( 1623): Proximity feature is not enabled.
V/GLSActivity( 1623): AuthDelegateWrapperCreated with selected intent: Intent { cmp=com.google.android.gms/.auth.DefaultAuthDelegateService }
I/Auth    ( 1623): [Change,AccountsChange] First snapshot
W/IcingInternalCorpora( 1649): getNumBytesRead when not calculated.
W/ActivityManager(  242): Permission denied: checkComponentPermission() owningUid=10053
W/BroadcastQueue(  242): Permission Denial: broadcasting Intent { act=com.google.android.gms.GMS_UPDATED flg=0x10 pkg=com.google.android.gms } from com.android.vending (pid=1323, uid=10066) is not exported from uid 10053 due to receiver com.google.android.gms/.chromesync.sync.SyncReceiverService$Receiver
D/dalvikvm( 1623): GC_CONCURRENT freed 354K, 30% free 3914K/5536K, paused 1ms+1ms, total 4ms
D/c       ( 1649): Creating table: credential_affiliation
D/c       ( 1649): Creating table: credential
D/dalvikvm( 1623): GC_CONCURRENT freed 424K, 31% free 3874K/5536K, paused 2ms+0ms, total 4ms
D/c       ( 1649): Creating table: credential_setting
D/c       ( 1649): Creating table: credential_app_setting
D/c       ( 1649): Creating table: affiliation
D/dalvikvm( 1623): GC_CONCURRENT freed 345K, 30% free 3913K/5536K, paused 1ms+0ms, total 4ms
I/PeopleContactsSync( 1649): Updated babel action mime type
D/dalvikvm(  242): GC_CONCURRENT freed 1268K, 58% free 7616K/17804K, paused 1ms+1ms, total 8ms
E/dalvikvm( 1565): Could not find class 'android.app.usage.UsageStatsManager', referenced from method com.google.android.contextmanager.m.a.az.i
W/dalvikvm( 1565): VFY: unable to resolve check-cast 61 (Landroid/app/usage/UsageStatsManager;) in Lcom/google/android/contextmanager/m/a/az;
D/dalvikvm( 1565): VFY: replacing opcode 0x1f at 0x001a
D/dalvikvm( 1565): DexOpt: unable to opt direct call 0x00c9 at 0x2b in Lcom/google/android/contextmanager/m/a/az;.i
D/dalvikvm( 1623): GC_CONCURRENT freed 381K, 30% free 3915K/5536K, paused 2ms+0ms, total 5ms
I/dalvikvm( 1565): Could not find method android.os.PowerManager.isInteractive, referenced from method com.google.android.contextmanager.m.a.bc.b
W/dalvikvm( 1565): VFY: unable to resolve virtual method 1224: Landroid/os/PowerManager;.isInteractive ()Z
D/dalvikvm( 1565): VFY: replacing opcode 0x6e at 0x0012
D/dalvikvm( 1623): GC_CONCURRENT freed 401K, 30% free 3899K/5536K, paused 2ms+0ms, total 4ms
D/dalvikvm( 1623): GC_CONCURRENT freed 353K, 29% free 3930K/5536K, paused 1ms+0ms, total 4ms
D/dalvikvm( 1565): GC_CONCURRENT freed 453K, 13% free 4244K/4872K, paused 6ms+1ms, total 11ms
I/PeopleContactsSync( 1649): CP2 sync: diff=PeopleSyncDiffs: circlesSync disabled; evergreenSync disabled; unchanged [e6338b87]
D/dalvikvm( 1623): GC_CONCURRENT freed 392K, 30% free 3924K/5536K, paused 2ms+0ms, total 5ms
D/dalvikvm( 1623): GC_CONCURRENT freed 404K, 30% free 3903K/5536K, paused 1ms+1ms, total 4ms
D/dalvikvm( 1623): GC_CONCURRENT freed 352K, 29% free 3937K/5536K, paused 1ms+0ms, total 4ms
I/dalvikvm( 1565): Could not find method android.accounts.AccountManager.getPreviousName, referenced from method com.google.android.location.util.c.a
W/dalvikvm( 1565): VFY: unable to resolve virtual method 15: Landroid/accounts/AccountManager;.getPreviousName (Landroid/accounts/Account;)Ljava/lang/String;
D/dalvikvm( 1565): VFY: replacing opcode 0x6e at 0x000a
I/PeopleContactsSync( 1649): Syncing people to contacts: PeopleSyncDiffs: circlesSync disabled; evergreenSync disabled; unchanged [e6338b87]
D/dalvikvm( 1623): GC_CONCURRENT freed 393K, 30% free 3927K/5536K, paused 3ms+0ms, total 7ms
I/GLSUser ( 1623): [GLSUser] getTokenFromGoogle [account: <ELLIDED:1058195307>, callingPkg: com.google.android.gms, service: oauth2:https://www.googleapis.com/auth/userinfo.profile
I/PeopleContactsSync( 1649): CP2 cleanup done, kept= duration=36 ms
D/dalvikvm( 1565): GC_FOR_ALLOC freed 292K, 12% free 4309K/4872K, paused 11ms, total 11ms
D/dalvikvm( 1623): GC_CONCURRENT freed 412K, 30% free 3899K/5536K, paused 17ms+1ms, total 21ms
D/dalvikvm( 1623): GC_CONCURRENT freed 421K, 29% free 3943K/5536K, paused 0ms+0ms, total 3ms
I/PeopleContactsSync( 1649): ===CP2 sync finished, success=true, time=698,0,0,0,0,0 rc=0,0,0,0 av=0,0,0,0,0,0 [e6338b87]
